../Core/Src/led_effects.c:20:6:led_effect_stop	24	static
../Core/Src/led_effects.c:28:6:led_effect	32	static
../Core/Src/led_effects.c:34:6:LED_effect1	8	static
../Core/Src/led_effects.c:41:6:turn_off_all_leds	8	static
../Core/Src/led_effects.c:49:6:turn_on_all_leds	8	static
../Core/Src/led_effects.c:57:6:LED_effect2	8	static
../Core/Src/led_effects.c:64:6:turn_on_even_leds	8	static
../Core/Src/led_effects.c:72:6:turn_on_odd_leds	8	static
../Core/Src/led_effects.c:80:6:LED_effect3	8	static
../Core/Src/led_effects.c:86:6:LED_effect4	8	static
../Core/Src/led_effects.c:92:6:LED_control	24	static
