../Core/Src/main.c:87:5:main	56	static,ignoring_inline_asm
../Core/Src/main.c:170:6:SystemClock_Config	88	static
../Core/Src/main.c:218:13:MX_RTC_Init	8	static
../Core/Src/main.c:253:13:MX_USART2_UART_Init	8	static
../Core/Src/main.c:286:13:MX_GPIO_Init	56	static
../Core/Src/main.c:424:6:HAL_UART_RxCpltCallback	32	static
../Core/Src/main.c:459:6:led_effect_callback	24	static
../Core/Src/main.c:496:6:HAL_TIM_PeriodElapsedCallback	16	static
../Core/Src/main.c:513:6:Error_Handler	4	static,ignoring_inline_asm
