2024-12-01 18:25:53,266 [INFO] WebApp:189 - Connection lost
2024-12-01 18:26:02,857 [INFO] WebApp:186 - Connection restablished
2024-12-01 19:08:55,393 [INFO] MainUpdater:2873 - connection check result : 10
2024-12-01 19:08:55,394 [INFO] MainUpdater:2873 - connection check result : 10
2024-12-01 19:08:55,453 [INFO] MicroXplorer:468 - Change Database Path : 
2024-12-01 19:08:55,454 [INFO] MicroXplorer:498 - Change Database Version : DB.6.0.121
2024-12-01 19:08:55,466 [ERROR] ProjectManagerView:394 - 
java.lang.NullPointerException: Cannot invoke "javax.swing.JTextField.getText()" because the return value of "java.util.List.get(int)" is null
	at com.st.microxplorer.plugins.projectmanager.gui.ProjectChoiceTab$10.caretUpdate(ProjectChoiceTab.java:2622) ~[filemanager.jar:?]
	at javax.swing.text.JTextComponent.fireCaretUpdate(JTextComponent.java:412) ~[?:?]
	at javax.swing.text.JTextComponent$MutableCaretEvent.fire(JTextComponent.java:4491) ~[?:?]
	at javax.swing.text.JTextComponent$MutableCaretEvent.stateChanged(JTextComponent.java:4513) ~[?:?]
	at javax.swing.text.DefaultCaret.fireStateChanged(DefaultCaret.java:842) ~[?:?]
	at javax.swing.text.DefaultCaret.changeCaretPosition(DefaultCaret.java:1313) ~[?:?]
	at javax.swing.text.DefaultCaret.handleSetDot(DefaultCaret.java:1212) ~[?:?]
	at javax.swing.text.DefaultCaret.setDot(DefaultCaret.java:1193) ~[?:?]
	at javax.swing.text.DefaultCaret$Handler.insertUpdate(DefaultCaret.java:1789) ~[?:?]
	at javax.swing.text.AbstractDocument.fireInsertUpdate(AbstractDocument.java:226) ~[?:?]
	at javax.swing.text.AbstractDocument.handleInsertString(AbstractDocument.java:780) ~[?:?]
	at javax.swing.text.AbstractDocument.insertString(AbstractDocument.java:739) ~[?:?]
	at javax.swing.text.PlainDocument.insertString(PlainDocument.java:131) ~[?:?]
	at javax.swing.text.AbstractDocument.replace(AbstractDocument.java:698) ~[?:?]
	at javax.swing.text.JTextComponent.setText(JTextComponent.java:1729) ~[?:?]
	at com.st.microxplorer.plugins.projectmanager.gui.ProjectChoiceTab.createHeapStackFields(ProjectChoiceTab.java:972) ~[filemanager.jar:?]
	at com.st.microxplorer.plugins.projectmanager.gui.ProjectChoiceTab.buildLinkSettingsPanel(ProjectChoiceTab.java:3597) ~[filemanager.jar:?]
	at com.st.microxplorer.plugins.projectmanager.gui.ProjectChoiceTab.defineWindowsFields(ProjectChoiceTab.java:1940) ~[filemanager.jar:?]
	at com.st.microxplorer.plugins.projectmanager.gui.ProjectChoiceTab.updateSettings(ProjectChoiceTab.java:550) ~[filemanager.jar:?]
	at com.st.microxplorer.plugins.projectmanager.gui.ProjectSettingsPanel.UpdateDialog(ProjectSettingsPanel.java:245) ~[filemanager.jar:?]
	at com.st.microxplorer.plugins.projectmanager.ProjectManagerView.propertyChange(ProjectManagerView.java:391) ~[filemanager.jar:?]
	at java.beans.PropertyChangeSupport.fire(PropertyChangeSupport.java:343) ~[?:?]
	at java.beans.PropertyChangeSupport.firePropertyChange(PropertyChangeSupport.java:335) ~[?:?]
	at java.beans.PropertyChangeSupport.firePropertyChange(PropertyChangeSupport.java:268) ~[?:?]
	at com.st.microxplorer.util.MXPropertyChangeSupport.firePropertyChange(MXPropertyChangeSupport.java:54) ~[STM32CubeMX.jar:?]
	at com.st.microxplorer.mxsystem.MxSystem.closeConfig(MxSystem.java:900) ~[STM32CubeMX.jar:?]
	at com.st.microxplorer.maingui.MainPanel.closeConfig(MainPanel.java:781) ~[STM32CubeMX.jar:?]
	at com.st.microxplorer.plugins.filemanager.engine.OpenFileManager.loadConfigurationFile(OpenFileManager.java:265) ~[filemanager.jar:?]
	at com.st.microxplorer.plugins.filemanager.engine.MainFileManager.userLoadConfig(MainFileManager.java:352) ~[filemanager.jar:?]
	at com.st.microxplorer.plugins.filemanager.engine.MainFileManager.userLoadConfig(MainFileManager.java:330) ~[filemanager.jar:?]
	at com.st.microxplorer.plugins.filemanager.FileManagerView.getSpecificTask(FileManagerView.java:246) ~[filemanager.jar:?]
	at com.st.stm32cube.common.mx.editor.CubeMxEditor.getMxTabbedPaneInstance(CubeMxEditor.java:1198) ~[com.st.stm32cube.common.mx_6.12.1.202409122256/:?]
	at com.st.stm32cube.common.mx.editor.CubeMxEditor$12$1.createSwingComponent(CubeMxEditor.java:1068) ~[com.st.stm32cube.common.mx_6.12.1.202409122256/:?]
	at com.st.stm32cube.common.mx.oss.core.awtswtbridge.EmbeddedSwingComposite.doComponentCreation(EmbeddedSwingComposite.java:492) ~[com.st.stm32cube.common.mx.oss_6.12.1.202409122256/:?]
	at com.st.stm32cube.common.mx.oss.core.awtswtbridge.EmbeddedSwingComposite$4.run(EmbeddedSwingComposite.java:291) ~[com.st.stm32cube.common.mx.oss_6.12.1.202409122256/:?]
	at com.st.stm32cube.common.mx.oss.core.awtswtbridge.AwtEnvironment$2.run(AwtEnvironment.java:166) ~[com.st.stm32cube.common.mx.oss_6.12.1.202409122256/:?]
	at java.awt.event.InvocationEvent.dispatch(InvocationEvent.java:318) ~[?:?]
	at java.awt.EventQueue.dispatchEventImpl(EventQueue.java:773) ~[?:?]
	at java.awt.EventQueue$4.run(EventQueue.java:720) ~[?:?]
	at java.awt.EventQueue$4.run(EventQueue.java:714) ~[?:?]
	at java.security.AccessController.doPrivileged(AccessController.java:399) ~[?:?]
	at java.security.ProtectionDomain$JavaSecurityAccessImpl.doIntersectionPrivilege(ProtectionDomain.java:86) ~[?:?]
	at java.awt.EventQueue.dispatchEvent(EventQueue.java:742) ~[?:?]
	at java.awt.EventDispatchThread.pumpOneEventForFilters(EventDispatchThread.java:203) ~[?:?]
	at java.awt.EventDispatchThread.pumpEventsForFilter(EventDispatchThread.java:124) ~[?:?]
	at java.awt.EventDispatchThread.pumpEventsForHierarchy(EventDispatchThread.java:113) ~[?:?]
	at java.awt.EventDispatchThread.pumpEvents(EventDispatchThread.java:109) ~[?:?]
	at java.awt.EventDispatchThread.pumpEvents(EventDispatchThread.java:101) ~[?:?]
	at java.awt.EventDispatchThread.run(EventDispatchThread.java:90) ~[?:?]
2024-12-01 19:08:55,469 [WARN] ThirdParty:871 - waiting for thirdparty lock release [close project]
2024-12-01 19:08:55,469 [INFO] ThirdParty:873 - entering critical section [close project]
2024-12-01 19:08:55,469 [INFO] ThirdParty:883 - exiting critical section [close project]
2024-12-01 19:08:55,472 [INFO] PinOutPanel:1561 - setPackage(No Configuration,No Configuration)
2024-12-01 19:08:55,481 [WARN] IpParametersView:151 - Warning: This peripheral hasn't parameters
2024-12-01 19:08:55,488 [WARN] MainPanel:284 - <html><b><center>Warning: This peripheral has no parameters to be configured<br></b></html>
2024-12-01 19:08:55,493 [INFO] UtilMem:75 - Begin LoadConfig() Used Memory: 566701352 Bytes (801112064)
2024-12-01 19:08:55,495 [INFO] MicroXplorer:468 - Change Database Path : 
2024-12-01 19:08:55,495 [INFO] MicroXplorer:498 - Change Database Version : DB.6.0.121
2024-12-01 19:08:55,496 [INFO] OpenFileManager:332 - Change cursor
2024-12-01 19:08:55,520 [INFO] RulesReader:64 - Compatibility file has been processed (297 Rules)
2024-12-01 19:08:55,525 [INFO] Mcu:2032 - Initializing MCU STM32F411V(C-E)Tx STM32F411VETx STM32F411VET6
2024-12-01 19:08:56,741 [INFO] Context:742 - Trying to add GPIOservice into a context  which must be forbidden
2024-12-01 19:08:57,157 [INFO] RtosManager:555 - Registered RTOS mode: class=CMSIS, group=RTOS, mode=CMSIS_V1, owner=FREERTOS
2024-12-01 19:08:57,158 [INFO] RtosManager:555 - Registered RTOS mode: class=CMSIS, group=RTOS2, mode=CMSIS_V2, owner=FREERTOS
2024-12-01 19:08:57,158 [INFO] RtosManager:555 - Registered RTOS mode: class=RTOS, group=Core, mode=CMSIS_V1, owner=FREERTOS
2024-12-01 19:08:57,158 [INFO] RtosManager:555 - Registered RTOS mode: class=RTOS, group=Core, mode=CMSIS_V2, owner=FREERTOS
2024-12-01 19:08:57,158 [WARN] ModelIntegratedComponent:184 - Missing modes for component STMicroelectronics:FreeRTOS:0.0.1:STMicroelectronics:RTOS:FreeRTOS:Core:::10.2.0:
2024-12-01 19:08:57,163 [WARN] ModelIntegratedComponent:182 - Modes not found for component STMicroelectronics:USB_HOST:1.0.0:STMicroelectronics:USB::USB Host:Audio HS::1.0:USB_HOST_1_0_RESTRICTED_HS
2024-12-01 19:08:57,163 [WARN] ModelIntegratedComponent:188 - Modes not found for component STMicroelectronics:USB_HOST:1.0.0:STMicroelectronics:USB::USB Host:Audio HS::1.0:USB_HOST_1_0_RESTRICTED_HS
2024-12-01 19:08:57,163 [WARN] ModelIntegratedComponent:182 - Modes not found for component STMicroelectronics:USB_HOST:1.0.0:STMicroelectronics:USB::USB Host:CDC HS::1.0:USB_HOST_1_0_RESTRICTED_HS
2024-12-01 19:08:57,164 [WARN] ModelIntegratedComponent:188 - Modes not found for component STMicroelectronics:USB_HOST:1.0.0:STMicroelectronics:USB::USB Host:CDC HS::1.0:USB_HOST_1_0_RESTRICTED_HS
2024-12-01 19:08:57,164 [WARN] ModelIntegratedComponent:182 - Modes not found for component STMicroelectronics:USB_HOST:1.0.0:STMicroelectronics:USB::USB Host:MSC HS::1.0:USB_HOST_1_0_RESTRICTED_HS
2024-12-01 19:08:57,165 [WARN] ModelIntegratedComponent:188 - Modes not found for component STMicroelectronics:USB_HOST:1.0.0:STMicroelectronics:USB::USB Host:MSC HS::1.0:USB_HOST_1_0_RESTRICTED_HS
2024-12-01 19:08:57,165 [WARN] ModelIntegratedComponent:182 - Modes not found for component STMicroelectronics:USB_HOST:1.0.0:STMicroelectronics:USB::USB Host:HID HS::1.0:USB_HOST_1_0_RESTRICTED_HS
2024-12-01 19:08:57,165 [WARN] ModelIntegratedComponent:188 - Modes not found for component STMicroelectronics:USB_HOST:1.0.0:STMicroelectronics:USB::USB Host:HID HS::1.0:USB_HOST_1_0_RESTRICTED_HS
2024-12-01 19:08:57,165 [WARN] ModelIntegratedComponent:182 - Modes not found for component STMicroelectronics:USB_HOST:1.0.0:STMicroelectronics:USB::USB Host:MTP HS::1.0:USB_HOST_1_0_RESTRICTED_HS
2024-12-01 19:08:57,165 [WARN] ModelIntegratedComponent:188 - Modes not found for component STMicroelectronics:USB_HOST:1.0.0:STMicroelectronics:USB::USB Host:MTP HS::1.0:USB_HOST_1_0_RESTRICTED_HS
2024-12-01 19:08:57,170 [WARN] ModelIntegratedComponent:63 - No mode defined for component null
2024-12-01 19:08:57,170 [WARN] ModelIntegratedComponent:63 - No mode defined for component null
2024-12-01 19:08:57,170 [WARN] ModelIntegratedComponent:63 - No mode defined for component null
2024-12-01 19:08:57,171 [WARN] ModelIntegratedComponent:63 - No mode defined for component null
2024-12-01 19:08:57,171 [WARN] ModelIntegratedComponent:63 - No mode defined for component null
2024-12-01 19:08:57,171 [WARN] ModelIntegratedComponent:63 - No mode defined for component null
2024-12-01 19:08:57,171 [WARN] ModelIntegratedComponent:63 - No mode defined for component null
2024-12-01 19:08:57,171 [WARN] ModelIntegratedComponent:63 - No mode defined for component null
2024-12-01 19:08:57,171 [WARN] ModelIntegratedComponent:63 - No mode defined for component null
2024-12-01 19:08:57,172 [WARN] ModelIntegratedComponent:63 - No mode defined for component null
2024-12-01 19:08:57,172 [WARN] ModelIntegratedComponent:63 - No mode defined for component null
2024-12-01 19:08:57,172 [WARN] ModelIntegratedComponent:63 - No mode defined for component null
2024-12-01 19:08:57,172 [WARN] ModelIntegratedComponent:63 - No mode defined for component null
2024-12-01 19:08:57,172 [WARN] ModelIntegratedComponent:63 - No mode defined for component null
2024-12-01 19:08:57,172 [WARN] ModelIntegratedComponent:63 - No mode defined for component null
2024-12-01 19:08:57,172 [WARN] ModelIntegratedComponent:63 - No mode defined for component null
2024-12-01 19:08:57,173 [WARN] ModelIntegratedComponent:63 - No mode defined for component null
2024-12-01 19:08:57,173 [WARN] ModelIntegratedComponent:63 - No mode defined for component null
2024-12-01 19:08:57,173 [WARN] ModelIntegratedComponent:63 - No mode defined for component null
2024-12-01 19:08:57,173 [WARN] ModelIntegratedComponent:63 - No mode defined for component null
2024-12-01 19:08:57,173 [WARN] ModelIntegratedComponent:63 - No mode defined for component null
2024-12-01 19:08:57,173 [WARN] ModelIntegratedComponent:63 - No mode defined for component null
2024-12-01 19:08:57,173 [WARN] ModelIntegratedComponent:63 - No mode defined for component null
2024-12-01 19:08:57,174 [WARN] ModelIntegratedComponent:63 - No mode defined for component null
2024-12-01 19:08:57,174 [WARN] ModelIntegratedComponent:63 - No mode defined for component null
2024-12-01 19:08:57,174 [WARN] ModelIntegratedComponent:63 - No mode defined for component null
2024-12-01 19:08:57,174 [WARN] ModelIntegratedComponent:63 - No mode defined for component null
2024-12-01 19:08:57,174 [WARN] ModelIntegratedComponent:63 - No mode defined for component null
2024-12-01 19:08:57,174 [WARN] ModelIntegratedComponent:63 - No mode defined for component null
2024-12-01 19:08:57,175 [WARN] ModelIntegratedComponent:63 - No mode defined for component null
2024-12-01 19:08:57,175 [WARN] ModelIntegratedComponent:63 - No mode defined for component null
2024-12-01 19:08:57,175 [WARN] ModelIntegratedComponent:63 - No mode defined for component null
2024-12-01 19:08:57,175 [WARN] ModelIntegratedComponent:63 - No mode defined for component null
2024-12-01 19:08:57,175 [WARN] ModelIntegratedComponent:63 - No mode defined for component null
2024-12-01 19:08:57,175 [WARN] ModelIntegratedComponent:63 - No mode defined for component null
2024-12-01 19:08:57,175 [WARN] ModelPack:524 - Component already loaded: STMicroelectronics:HAL Drivers:0.0.0:STMicroelectronics:Device:STMicro_Driver:XSPI:HAL::0.0.1:HAL_XSPI
2024-12-01 19:08:57,180 [WARN] ModelIntegratedComponent:182 - Modes not found for component STMicroelectronics:USB_DEVICE:1.0.0:STMicroelectronics:USB::USB Device:Audio HS::1.0:USB_DEVICE_1_0_RESTRICTED_HS
2024-12-01 19:08:57,181 [WARN] ModelIntegratedComponent:188 - Modes not found for component STMicroelectronics:USB_DEVICE:1.0.0:STMicroelectronics:USB::USB Device:Audio HS::1.0:USB_DEVICE_1_0_RESTRICTED_HS
2024-12-01 19:08:57,181 [WARN] ModelIntegratedComponent:182 - Modes not found for component STMicroelectronics:USB_DEVICE:1.0.0:STMicroelectronics:USB::USB Device:CDC HS::1.0:USB_DEVICE_1_0_RESTRICTED_HS
2024-12-01 19:08:57,181 [WARN] ModelIntegratedComponent:188 - Modes not found for component STMicroelectronics:USB_DEVICE:1.0.0:STMicroelectronics:USB::USB Device:CDC HS::1.0:USB_DEVICE_1_0_RESTRICTED_HS
2024-12-01 19:08:57,181 [WARN] ModelIntegratedComponent:182 - Modes not found for component STMicroelectronics:USB_DEVICE:1.0.0:STMicroelectronics:USB::USB Device:DFU HS::1.0:USB_DEVICE_1_0_RESTRICTED_HS
2024-12-01 19:08:57,181 [WARN] ModelIntegratedComponent:188 - Modes not found for component STMicroelectronics:USB_DEVICE:1.0.0:STMicroelectronics:USB::USB Device:DFU HS::1.0:USB_DEVICE_1_0_RESTRICTED_HS
2024-12-01 19:08:57,182 [WARN] ModelIntegratedComponent:182 - Modes not found for component STMicroelectronics:USB_DEVICE:1.0.0:STMicroelectronics:USB::USB Device:HID HS::1.0:USB_DEVICE_1_0_RESTRICTED_HS
2024-12-01 19:08:57,182 [WARN] ModelIntegratedComponent:188 - Modes not found for component STMicroelectronics:USB_DEVICE:1.0.0:STMicroelectronics:USB::USB Device:HID HS::1.0:USB_DEVICE_1_0_RESTRICTED_HS
2024-12-01 19:08:57,182 [WARN] ModelIntegratedComponent:182 - Modes not found for component STMicroelectronics:USB_DEVICE:1.0.0:STMicroelectronics:USB::USB Device:Custom HID HS::1.0:USB_DEVICE_1_0_RESTRICTED_HS
2024-12-01 19:08:57,182 [WARN] ModelIntegratedComponent:188 - Modes not found for component STMicroelectronics:USB_DEVICE:1.0.0:STMicroelectronics:USB::USB Device:Custom HID HS::1.0:USB_DEVICE_1_0_RESTRICTED_HS
2024-12-01 19:08:57,182 [WARN] ModelIntegratedComponent:182 - Modes not found for component STMicroelectronics:USB_DEVICE:1.0.0:STMicroelectronics:USB::USB Device:MSC HS::1.0:USB_DEVICE_1_0_RESTRICTED_HS
2024-12-01 19:08:57,183 [WARN] ModelIntegratedComponent:188 - Modes not found for component STMicroelectronics:USB_DEVICE:1.0.0:STMicroelectronics:USB::USB Device:MSC HS::1.0:USB_DEVICE_1_0_RESTRICTED_HS
2024-12-01 19:08:57,197 [INFO] ThirdPartyModel:298 - Start build external matchings
2024-12-01 19:08:57,848 [INFO] ThirdPartyModel:316 - End build external matchings
2024-12-01 19:08:58,154 [INFO] UtilMem:75 - End LoadConfig() Used Memory: 301474824 Bytes (801112064)
2024-12-01 19:08:58,174 [WARN] ThirdParty:833 - waiting for thirdparty lock release [change project]
2024-12-01 19:08:58,175 [INFO] ThirdParty:835 - entering critical section [change project]
2024-12-01 19:08:58,175 [INFO] ThirdParty:1030 - CMSIS Pack Vendor :STMicroelectronics USBPD 4.1
2024-12-01 19:08:58,175 [INFO] ThirdParty:1030 - CMSIS Pack Vendor :STMicroelectronics X-CUBE-AZRTOS-H7 3.3.0
2024-12-01 19:08:58,176 [INFO] ThirdParty:1030 - CMSIS Pack Vendor :STMicroelectronics X-CUBE-NFC9 1.0.0
2024-12-01 19:08:58,176 [INFO] ThirdParty:1030 - CMSIS Pack Vendor :STMicroelectronics USB_HOST 2.0.0
2024-12-01 19:08:58,176 [INFO] ThirdParty:1030 - CMSIS Pack Vendor :STMicroelectronics FP-SNS-MOTENVWB1 1.4.0
2024-12-01 19:08:58,176 [INFO] ThirdParty:1030 - CMSIS Pack Vendor :STMicroelectronics X-CUBE-AZRTOS-F4 1.1.0
2024-12-01 19:08:58,176 [INFO] ThirdParty:1030 - CMSIS Pack Vendor :STMicroelectronics LIBJPEG 8.0.0
2024-12-01 19:08:58,176 [INFO] ThirdParty:1030 - CMSIS Pack Vendor :STMicroelectronics FP-ATR-ASTRA1 2.0.1
2024-12-01 19:08:58,177 [INFO] ThirdParty:1030 - CMSIS Pack Vendor :STMicroelectronics X-CUBE-SMBUS 2.1.0
2024-12-01 19:08:58,177 [INFO] ThirdParty:1030 - CMSIS Pack Vendor :STMicroelectronics X-CUBE-WB05N 1.1.0
2024-12-01 19:08:58,177 [INFO] ThirdParty:1030 - CMSIS Pack Vendor :STMicroelectronics USB_DEVICE 3.0.0
2024-12-01 19:08:58,177 [INFO] ThirdParty:1030 - CMSIS Pack Vendor :STMicroelectronics X-CUBE-TCPP 4.1.0
2024-12-01 19:08:58,177 [INFO] ThirdParty:1030 - CMSIS Pack Vendor :STMicroelectronics X-CUBE-ISPU 2.1.0
2024-12-01 19:08:58,177 [INFO] ThirdParty:1030 - CMSIS Pack Vendor :STMicroelectronics X-CUBE-FREERTOS 1.2.0
2024-12-01 19:08:58,177 [INFO] ThirdParty:1030 - CMSIS Pack Vendor :STMicroelectronics X-CUBE-IPS 3.0.0
2024-12-01 19:08:58,178 [INFO] ThirdParty:1030 - CMSIS Pack Vendor :STMicroelectronics X-CUBE-AZRTOS-WB 2.0.0
2024-12-01 19:08:58,178 [INFO] ThirdParty:1030 - CMSIS Pack Vendor :STMicroelectronics X-CUBE-GNSS1 7.0.0
2024-12-01 19:08:58,178 [INFO] ThirdParty:1030 - CMSIS Pack Vendor :STMicroelectronics X-CUBE-AZRTOS-F7 1.1.0
2024-12-01 19:08:58,178 [INFO] ThirdParty:1030 - CMSIS Pack Vendor :STMicroelectronics X-CUBE-AZRTOS-L5 2.0.0
2024-12-01 19:08:58,178 [INFO] ThirdParty:1030 - CMSIS Pack Vendor :STMicroelectronics USB_DEVICE 2.0.0
2024-12-01 19:08:58,178 [INFO] ThirdParty:1030 - CMSIS Pack Vendor :STMicroelectronics X-CUBE-NFC6 3.1.0
2024-12-01 19:08:58,178 [INFO] ThirdParty:1030 - CMSIS Pack Vendor :STMicroelectronics FP-SNS-STBOX1 2.0.0
2024-12-01 19:08:58,178 [INFO] ThirdParty:1030 - CMSIS Pack Vendor :STMicroelectronics X-CUBE-MEMS1 11.0.0
2024-12-01 19:08:58,179 [INFO] ThirdParty:1030 - CMSIS Pack Vendor :STMicroelectronics FreeRTOS 0.0.1
2024-12-01 19:08:58,179 [INFO] ThirdParty:1030 - CMSIS Pack Vendor :STMicroelectronics X-CUBE-AZRTOS-G0 1.1.0
2024-12-01 19:08:58,179 [INFO] ThirdParty:1030 - CMSIS Pack Vendor :STMicroelectronics X-CUBE-SAFEA1 1.2.2
2024-12-01 19:08:58,179 [INFO] ThirdParty:1030 - CMSIS Pack Vendor :STMicroelectronics X-CUBE-NFC4 3.0.0
2024-12-01 19:08:58,179 [INFO] ThirdParty:1030 - CMSIS Pack Vendor :STMicroelectronics X-CUBE-DPower 1.2.0
2024-12-01 19:08:58,180 [INFO] ThirdParty:1030 - CMSIS Pack Vendor :STMicroelectronics X-CUBE-SUBG2 5.0.0
2024-12-01 19:08:58,180 [INFO] ThirdParty:1030 - CMSIS Pack Vendor :STMicroelectronics STM32_WPAN 1.0.0
2024-12-01 19:08:58,180 [INFO] ThirdParty:1030 - CMSIS Pack Vendor :EmbeddedOffice I-CUBE-FS-RTOS 1.0.1
2024-12-01 19:08:58,180 [INFO] ThirdParty:1030 - CMSIS Pack Vendor :STMicroelectronics lwIP 2.0.3
2024-12-01 19:08:58,180 [INFO] ThirdParty:1030 - CMSIS Pack Vendor :STMicroelectronics FP-SNS-FLIGHT1 5.0.2
2024-12-01 19:08:58,180 [INFO] ThirdParty:1030 - CMSIS Pack Vendor :Cesanta I-CUBE-Mongoose 7.13.0
2024-12-01 19:08:58,180 [INFO] ThirdParty:1030 - CMSIS Pack Vendor :STMicroelectronics USB_HOST 1.0.0
2024-12-01 19:08:58,181 [INFO] ThirdParty:1030 - CMSIS Pack Vendor :STMicroelectronics X-CUBE-AZRTOS-G4 2.0.0
2024-12-01 19:08:58,181 [INFO] ThirdParty:1030 - CMSIS Pack Vendor :STMicroelectronics PDM2PCM 3.1.0
2024-12-01 19:08:58,181 [INFO] ThirdParty:1030 - CMSIS Pack Vendor :STMicroelectronics PDM2PCM 3.3.0
2024-12-01 19:08:58,181 [INFO] ThirdParty:1030 - CMSIS Pack Vendor :STMicroelectronics X-CUBE-DISPLAY 3.0.0
2024-12-01 19:08:58,181 [INFO] ThirdParty:1030 - CMSIS Pack Vendor :RealThread X-CUBE-RT-Thread_Nano 4.1.1
2024-12-01 19:08:58,181 [INFO] ThirdParty:1030 - CMSIS Pack Vendor :STMicroelectronics X-CUBE-BLE1 7.0.0
2024-12-01 19:08:58,181 [INFO] ThirdParty:1030 - CMSIS Pack Vendor :STMicroelectronics FP-ATR-SIGFOX1 3.2.0
2024-12-01 19:08:58,182 [INFO] ThirdParty:1030 - CMSIS Pack Vendor :STMicroelectronics X-CUBE-NFC10 1.0.0
2024-12-01 19:08:58,182 [INFO] ThirdParty:1030 - CMSIS Pack Vendor :quantropi X-CUBE-qispace-sdk-base 1.9.3
2024-12-01 19:08:58,182 [INFO] ThirdParty:1030 - CMSIS Pack Vendor :STMicroelectronics X-CUBE-EEPRMA1 5.1.0
2024-12-01 19:08:58,182 [INFO] ThirdParty:1030 - CMSIS Pack Vendor :STMicroelectronics HAL Drivers 0.0.0
2024-12-01 19:08:58,183 [INFO] ThirdParty:1030 - CMSIS Pack Vendor :STMicroelectronics MBEDTLS 2.16.2
2024-12-01 19:08:58,183 [INFO] ThirdParty:1030 - CMSIS Pack Vendor :STMicroelectronics X-CUBE-ALS 1.0.2
2024-12-01 19:08:58,183 [INFO] ThirdParty:1030 - CMSIS Pack Vendor :emotas I-CUBE-CANOPEN 1.3.0
2024-12-01 19:08:58,183 [INFO] ThirdParty:1030 - CMSIS Pack Vendor :wolfSSL I-CUBE-wolfSSL 5.7.4
2024-12-01 19:08:58,183 [INFO] ThirdParty:1030 - CMSIS Pack Vendor :STMicroelectronics X-CUBE-NFC7 1.0.1
2024-12-01 19:08:58,184 [INFO] ThirdParty:1030 - CMSIS Pack Vendor :STMicroelectronics MBEDTLS 2.14.1
2024-12-01 19:08:58,184 [INFO] ThirdParty:1030 - CMSIS Pack Vendor :ITTIA_DB I-CUBE-ITTIADB 8.9.0
2024-12-01 19:08:58,184 [INFO] ThirdParty:1030 - CMSIS Pack Vendor :STMicroelectronics X-CUBE-TOUCHGFX 4.24.1
2024-12-01 19:08:58,184 [INFO] ThirdParty:1030 - CMSIS Pack Vendor :wolfSSL I-CUBE-wolfTPM 3.4.0
2024-12-01 19:08:58,184 [INFO] ThirdParty:1030 - CMSIS Pack Vendor :portGmbH I-Cube-SoM-uGOAL 1.1.0
2024-12-01 19:08:58,184 [INFO] ThirdParty:1030 - CMSIS Pack Vendor :STMicroelectronics X-CUBE-BLEMGR 3.1.0
2024-12-01 19:08:58,185 [INFO] ThirdParty:1030 - CMSIS Pack Vendor :STMicroelectronics ThreadX 1.0.0
2024-12-01 19:08:58,185 [INFO] ThirdParty:1030 - CMSIS Pack Vendor :STMicroelectronics FP-SNS-SMARTAG2 1.2.0
2024-12-01 19:08:58,185 [INFO] ThirdParty:1030 - CMSIS Pack Vendor :STMicroelectronics X-CUBE-AZRTOS-WL 2.0.0
2024-12-01 19:08:58,185 [INFO] ThirdParty:1030 - CMSIS Pack Vendor :SEGGER I-CUBE-embOS 1.3.1
2024-12-01 19:08:58,185 [INFO] ThirdParty:1030 - CMSIS Pack Vendor :STMicroelectronics X-CUBE-ALGOBUILD 1.4.0
2024-12-01 19:08:58,185 [INFO] ThirdParty:1030 - CMSIS Pack Vendor :STMicroelectronics FP-SNS-MOTENV1 5.0.0
2024-12-01 19:08:58,185 [INFO] ThirdParty:1030 - CMSIS Pack Vendor :STMicroelectronics USB_DEVICE 1.0.0
2024-12-01 19:08:58,185 [INFO] ThirdParty:1030 - CMSIS Pack Vendor :STMicroelectronics X-CUBE-AZRTOS-H7RS 1.0.0
2024-12-01 19:08:58,186 [INFO] ThirdParty:1030 - CMSIS Pack Vendor :wolfSSL I-CUBE-wolfMQTT 1.19.0
2024-12-01 19:08:58,186 [INFO] ThirdParty:1030 - CMSIS Pack Vendor :STMicroelectronics X-CUBE-AZRTOS-L4 2.0.0
2024-12-01 19:08:58,186 [INFO] ThirdParty:1030 - CMSIS Pack Vendor :STMicroelectronics ThreadX 0.0.2
2024-12-01 19:08:58,186 [INFO] ThirdParty:1030 - CMSIS Pack Vendor :WES I-CUBE-Cesium 1.3.0
2024-12-01 19:08:58,186 [INFO] ThirdParty:1030 - CMSIS Pack Vendor :STMicroelectronics lwIP 2.1.2
2024-12-01 19:08:58,187 [INFO] ThirdParty:1030 - CMSIS Pack Vendor :STMicroelectronics X-CUBE-SFXS2LP1 4.0.0
2024-12-01 19:08:58,187 [INFO] ThirdParty:1030 - CMSIS Pack Vendor :STMicroelectronics X-CUBE-BLE2 3.3.0
2024-12-01 19:08:58,187 [INFO] ThirdParty:1030 - CMSIS Pack Vendor :STMicroelectronics X-CUBE-TOF1 3.4.2
2024-12-01 19:08:58,187 [INFO] ThirdParty:1030 - CMSIS Pack Vendor :STMicroelectronics X-CUBE-AI 9.1.0
2024-12-01 19:08:58,187 [INFO] ThirdParty:1030 - CMSIS Pack Vendor :Infineon AIROC-Wi-Fi-Bluetooth-STM32 1.6.1
2024-12-01 19:08:58,188 [INFO] ThirdParty:1030 - CMSIS Pack Vendor :STMicroelectronics PDM2PCM 3.2.0
2024-12-01 19:08:58,188 [INFO] ThirdParty:1030 - CMSIS Pack Vendor :wolfSSL I-CUBE-wolfSSH 1.4.17
2024-12-01 19:08:58,188 [INFO] ThirdParty:841 - exiting critical section [change project]
2024-12-01 19:08:58,565 [INFO] PinOutPanel:1561 - setPackage(No Configuration,No Configuration)
2024-12-01 19:08:58,566 [INFO] PinOutPanel:1561 - setPackage(STM32F411VETx,LQFP100)
2024-12-01 19:08:58,852 [INFO] UtilMem:75 - Before build in PCC Used Memory: 408726568 Bytes (801112064)
2024-12-01 19:08:59,054 [INFO] UtilMem:75 - After build in PCC Used Memory: 452594104 Bytes (801112064)
2024-12-01 19:08:59,087 [INFO] IPUIPlugin:80 - create IPUIPlugin
2024-12-01 19:08:59,088 [INFO] IPUIPlugin:80 - create IPUIPlugin
2024-12-01 19:08:59,088 [INFO] IPUIPlugin:80 - create IPUIPlugin
2024-12-01 19:08:59,088 [INFO] IPUIPlugin:80 - create IPUIPlugin
2024-12-01 19:08:59,089 [INFO] IPUIPlugin:80 - create IPUIPlugin
2024-12-01 19:08:59,089 [INFO] IPUIPlugin:80 - create IPUIPlugin
2024-12-01 19:08:59,089 [INFO] IPUIPlugin:80 - create IPUIPlugin
2024-12-01 19:08:59,089 [INFO] IPUIPlugin:80 - create IPUIPlugin
2024-12-01 19:08:59,090 [INFO] IPUIPlugin:80 - create IPUIPlugin
2024-12-01 19:08:59,090 [INFO] IPUIPlugin:80 - create IPUIPlugin
2024-12-01 19:08:59,090 [INFO] IPUIPlugin:80 - create IPUIPlugin
2024-12-01 19:08:59,091 [INFO] IPUIPlugin:80 - create IPUIPlugin
2024-12-01 19:08:59,091 [INFO] IPUIPlugin:80 - create IPUIPlugin
2024-12-01 19:08:59,091 [INFO] IPUIPlugin:80 - create IPUIPlugin
2024-12-01 19:08:59,092 [INFO] IPUIPlugin:80 - create IPUIPlugin
2024-12-01 19:08:59,092 [INFO] IPUIPlugin:80 - create IPUIPlugin
2024-12-01 19:08:59,092 [INFO] IPUIPlugin:80 - create IPUIPlugin
2024-12-01 19:08:59,092 [INFO] IPUIPlugin:80 - create IPUIPlugin
2024-12-01 19:08:59,093 [INFO] IPUIPlugin:80 - create IPUIPlugin
2024-12-01 19:08:59,093 [INFO] IPUIPlugin:80 - create IPUIPlugin
2024-12-01 19:08:59,093 [INFO] IPUIPlugin:80 - create IPUIPlugin
2024-12-01 19:08:59,094 [INFO] IPUIPlugin:80 - create IPUIPlugin
2024-12-01 19:08:59,094 [INFO] IPUIPlugin:80 - create IPUIPlugin
2024-12-01 19:08:59,094 [INFO] IPUIPlugin:80 - create IPUIPlugin
2024-12-01 19:08:59,095 [INFO] IPUIPlugin:80 - create IPUIPlugin
2024-12-01 19:08:59,095 [INFO] IPUIPlugin:80 - create IPUIPlugin
2024-12-01 19:08:59,095 [INFO] IPUIPlugin:80 - create IPUIPlugin
2024-12-01 19:08:59,096 [INFO] IPUIPlugin:80 - create IPUIPlugin
2024-12-01 19:08:59,096 [INFO] IPUIPlugin:80 - create IPUIPlugin
2024-12-01 19:08:59,096 [INFO] IPUIPlugin:80 - create IPUIPlugin
2024-12-01 19:08:59,097 [INFO] IPUIPlugin:80 - create IPUIPlugin
2024-12-01 19:08:59,097 [INFO] IPUIPlugin:80 - create IPUIPlugin
2024-12-01 19:08:59,097 [INFO] IPUIPlugin:80 - create IPUIPlugin
2024-12-01 19:08:59,097 [INFO] IPUIPlugin:80 - create IPUIPlugin
2024-12-01 19:08:59,098 [INFO] IPUIPlugin:80 - create IPUIPlugin
2024-12-01 19:08:59,098 [INFO] IPUIPlugin:80 - create IPUIPlugin
2024-12-01 19:08:59,099 [INFO] IPUIPlugin:80 - create IPUIPlugin
2024-12-01 19:08:59,100 [INFO] IPUIPlugin:80 - create IPUIPlugin
2024-12-01 19:08:59,100 [INFO] IPUIPlugin:80 - create IPUIPlugin
2024-12-01 19:08:59,101 [INFO] IPUIPlugin:80 - create IPUIPlugin
2024-12-01 19:08:59,102 [INFO] IPUIPlugin:80 - create IPUIPlugin
2024-12-01 19:08:59,102 [INFO] IPUIPlugin:80 - create IPUIPlugin
2024-12-01 19:08:59,103 [INFO] IPUIPlugin:80 - create IPUIPlugin
2024-12-01 19:08:59,107 [INFO] ApiDbMcu:508 - Load IP Config File for PDM2PCM
2024-12-01 19:08:59,142 [INFO] CADModel:165 - CPN selected for project levelSTM32F411VET6
2024-12-01 19:08:59,142 [INFO] CADModel:114 - Register for checkConnection events
2024-12-01 19:08:59,187 [INFO] OpenFileManager:363 - Restore cursor
2024-12-01 19:09:10,378 [INFO] Gpio:277 - dependency for GPIO []
2024-12-01 19:11:06,534 [INFO] NvicIntPanel:101 - NVIC parent = com.st.microxplorer.plugins.ip.nvic.MultiNvicIntPanel[,0,0,965x512,layout=javax.swing.BoxLayout,alignmentX=0.0,alignmentY=0.0,border=,flags=9,maximumSize=,minimumSize=,preferredSize=]
2024-12-01 19:11:09,290 [INFO] NvicIntPanel:101 - NVIC parent = com.st.microxplorer.plugins.ip.nvic.MultiNvicIntPanel[,0,0,0x0,invalid,layout=javax.swing.BoxLayout,alignmentX=0.0,alignmentY=0.0,border=,flags=9,maximumSize=,minimumSize=,preferredSize=]
2024-12-01 19:14:11,077 [INFO] UtilMem:75 - End SaveConfig() Used Memory: 309979592 Bytes (801112064)
2024-12-01 19:14:13,981 [INFO] UtilMem:75 - End SaveConfig() Used Memory: 290037496 Bytes (801112064)
2024-12-01 19:14:18,952 [INFO] UtilMem:75 - End SaveConfig() Used Memory: 387421976 Bytes (801112064)
2024-12-01 19:14:20,083 [INFO] BlockDiagram:2766 - set Specific Code input for plugin: RTC
2024-12-01 19:14:20,083 [INFO] BlockDiagram:2766 - set Specific Code input for plugin: NVIC
2024-12-01 19:14:20,084 [INFO] BlockDiagram:2766 - set Specific Code input for plugin: USART
2024-12-01 19:14:20,084 [INFO] BlockDiagram:2766 - set Specific Code input for plugin: SYS
2024-12-01 19:14:20,085 [INFO] BlockDiagram:2766 - set Specific Code input for plugin: GPIO
2024-12-01 19:14:20,085 [INFO] BlockDiagram:2766 - set Specific Code input for plugin: RCC
2024-12-01 19:14:20,087 [INFO] CodeGenerator:807 - code generatio: config db path: /opt/st/stm32cubeide_1.16.1/plugins/com.st.stm32cube.common.mx_6.12.1.202409122256//db/
2024-12-01 19:14:20,281 [INFO] CodeEngine:255 - oldGeneratedFile, /media/sharad/Data/work/repo/udemy/RTOS/MasteringRTOS-master/MasteringRTOS-master/RTOS_workspace/008_queues_n_timers/MXTmpFiles/license.tmp_save
2024-12-01 19:14:20,480 [INFO] CodeEngine:279 - Generated code: /media/sharad/Data/work/repo/udemy/RTOS/MasteringRTOS-master/MasteringRTOS-master/RTOS_workspace/008_queues_n_timers/MXTmpFiles/license.tmp
2024-12-01 19:14:20,593 [INFO] CodeEngine:255 - oldGeneratedFile, /media/sharad/Data/work/repo/udemy/RTOS/MasteringRTOS-master/MasteringRTOS-master/RTOS_workspace/008_queues_n_timers/MXTmpFiles/gpio.tmp_save
2024-12-01 19:14:20,811 [INFO] CodeEngine:279 - Generated code: /media/sharad/Data/work/repo/udemy/RTOS/MasteringRTOS-master/MasteringRTOS-master/RTOS_workspace/008_queues_n_timers/MXTmpFiles/gpio.tmp
2024-12-01 19:14:21,100 [INFO] CodeEngine:255 - oldGeneratedFile, /media/sharad/Data/work/repo/udemy/RTOS/MasteringRTOS-master/MasteringRTOS-master/RTOS_workspace/008_queues_n_timers/Core/Src/stm32f4xx_it.c_save
2024-12-01 19:14:21,566 [INFO] CodeEngine:279 - Generated code: /media/sharad/Data/work/repo/udemy/RTOS/MasteringRTOS-master/MasteringRTOS-master/RTOS_workspace/008_queues_n_timers/Core/Src/stm32f4xx_it.c
2024-12-01 19:14:21,602 [INFO] CodeEngine:255 - oldGeneratedFile, /media/sharad/Data/work/repo/udemy/RTOS/MasteringRTOS-master/MasteringRTOS-master/RTOS_workspace/008_queues_n_timers/Core/Inc/stm32f4xx_it.h_save
2024-12-01 19:14:21,809 [INFO] CodeEngine:279 - Generated code: /media/sharad/Data/work/repo/udemy/RTOS/MasteringRTOS-master/MasteringRTOS-master/RTOS_workspace/008_queues_n_timers/Core/Inc/stm32f4xx_it.h
2024-12-01 19:14:21,883 [INFO] CodeEngine:255 - oldGeneratedFile, /media/sharad/Data/work/repo/udemy/RTOS/MasteringRTOS-master/MasteringRTOS-master/RTOS_workspace/008_queues_n_timers/Core/Src/stm32f4xx_hal_msp.c_save
2024-12-01 19:14:22,202 [INFO] CodeEngine:279 - Generated code: /media/sharad/Data/work/repo/udemy/RTOS/MasteringRTOS-master/MasteringRTOS-master/RTOS_workspace/008_queues_n_timers/Core/Src/stm32f4xx_hal_msp.c
2024-12-01 19:14:22,230 [INFO] CodeEngine:255 - oldGeneratedFile, /media/sharad/Data/work/repo/udemy/RTOS/MasteringRTOS-master/MasteringRTOS-master/RTOS_workspace/008_queues_n_timers/MXTmpFiles/system.tmp_save
2024-12-01 19:14:22,406 [INFO] CodeEngine:279 - Generated code: /media/sharad/Data/work/repo/udemy/RTOS/MasteringRTOS-master/MasteringRTOS-master/RTOS_workspace/008_queues_n_timers/MXTmpFiles/system.tmp
2024-12-01 19:14:22,439 [INFO] CodeEngine:255 - oldGeneratedFile, /media/sharad/Data/work/repo/udemy/RTOS/MasteringRTOS-master/MasteringRTOS-master/RTOS_workspace/008_queues_n_timers/Core/Src/stm32f4xx_hal_timebase_tim.c_save
2024-12-01 19:14:22,641 [INFO] CodeEngine:279 - Generated code: /media/sharad/Data/work/repo/udemy/RTOS/MasteringRTOS-master/MasteringRTOS-master/RTOS_workspace/008_queues_n_timers/Core/Src/stm32f4xx_hal_timebase_tim.c
2024-12-01 19:14:22,699 [INFO] CodeEngine:311 - oldGeneratedFile, /media/sharad/Data/work/repo/udemy/RTOS/MasteringRTOS-master/MasteringRTOS-master/RTOS_workspace/008_queues_n_timers/Core/Inc/stm32f4xx_hal_conf.h_save
2024-12-01 19:14:22,910 [INFO] CodeEngine:335 - Generated code: /media/sharad/Data/work/repo/udemy/RTOS/MasteringRTOS-master/MasteringRTOS-master/RTOS_workspace/008_queues_n_timers/Core/Inc/stm32f4xx_hal_conf.h
2024-12-01 19:14:23,007 [INFO] CodeEngine:255 - oldGeneratedFile, /media/sharad/Data/work/repo/udemy/RTOS/MasteringRTOS-master/MasteringRTOS-master/RTOS_workspace/008_queues_n_timers/Core/Inc/main.h_save
2024-12-01 19:14:23,235 [INFO] CodeEngine:279 - Generated code: /media/sharad/Data/work/repo/udemy/RTOS/MasteringRTOS-master/MasteringRTOS-master/RTOS_workspace/008_queues_n_timers/Core/Inc/main.h
2024-12-01 19:14:23,270 [INFO] CodeEngine:255 - oldGeneratedFile, /media/sharad/Data/work/repo/udemy/RTOS/MasteringRTOS-master/MasteringRTOS-master/RTOS_workspace/008_queues_n_timers/Core/Src/main.c_save
2024-12-01 19:14:23,591 [INFO] CodeEngine:279 - Generated code: /media/sharad/Data/work/repo/udemy/RTOS/MasteringRTOS-master/MasteringRTOS-master/RTOS_workspace/008_queues_n_timers/Core/Src/main.c
2024-12-01 19:14:24,775 [INFO] ProjectBuilder:3249 - Time for Copy HAL[1] : 794mS.
2024-12-01 19:14:24,792 [INFO] ProjectBuilder:4828 - Project Generator version: 4.5.0-B34
2024-12-01 19:14:24,939 [INFO] ConfigFileManager:1531 - The Die is : DIE431
2024-12-01 19:14:24,943 [INFO] ApiDbMcu:508 - Load IP Config File for FATFS
2024-12-01 19:14:24,948 [INFO] ApiDbMcu:508 - Load IP Config File for FREERTOS
2024-12-01 19:14:24,951 [INFO] ApiDbMcu:508 - Load IP Config File for LIBJPEG
2024-12-01 19:14:24,959 [INFO] ApiDbMcu:508 - Load IP Config File for MBEDTLS
2024-12-01 19:14:24,969 [INFO] ApiDbMcu:508 - Load IP Config File for USB_DEVICE
2024-12-01 19:14:24,975 [INFO] ApiDbMcu:508 - Load IP Config File for USB_HOST
2024-12-01 19:14:26,463 [INFO] ProjectBuilder:5097 - Time for Generating toolchain IDE Files: 1671mS.
2024-12-01 19:14:26,465 [INFO] ProjectBuilder:3107 - Time for Copy CMSIS : 2mS.
2024-12-01 19:14:26,491 [INFO] ProjectBuilder:3107 - Time for Copy CMSIS : 1mS.
2024-12-01 19:16:38,342 [INFO] UtilMem:75 - End SaveConfig() Used Memory: 472747480 Bytes (801112064)
2024-12-01 19:16:40,819 [INFO] UtilMem:75 - End SaveConfig() Used Memory: 515739096 Bytes (801112064)
2024-12-01 19:16:44,477 [INFO] UtilMem:75 - End SaveConfig() Used Memory: 617450968 Bytes (801112064)
2024-12-01 19:16:45,674 [INFO] BlockDiagram:2766 - set Specific Code input for plugin: RTC
2024-12-01 19:16:45,675 [INFO] BlockDiagram:2766 - set Specific Code input for plugin: NVIC
2024-12-01 19:16:45,675 [INFO] BlockDiagram:2766 - set Specific Code input for plugin: USART
2024-12-01 19:16:45,675 [INFO] BlockDiagram:2766 - set Specific Code input for plugin: SYS
2024-12-01 19:16:45,676 [INFO] BlockDiagram:2766 - set Specific Code input for plugin: GPIO
2024-12-01 19:16:45,676 [INFO] BlockDiagram:2766 - set Specific Code input for plugin: RCC
2024-12-01 19:16:45,679 [INFO] CodeGenerator:807 - code generatio: config db path: /opt/st/stm32cubeide_1.16.1/plugins/com.st.stm32cube.common.mx_6.12.1.202409122256//db/
2024-12-01 19:16:45,890 [INFO] CodeEngine:255 - oldGeneratedFile, /media/sharad/Data/work/repo/udemy/RTOS/MasteringRTOS-master/MasteringRTOS-master/RTOS_workspace/008_queues_n_timers/MXTmpFiles/license.tmp_save
2024-12-01 19:16:46,054 [INFO] CodeEngine:279 - Generated code: /media/sharad/Data/work/repo/udemy/RTOS/MasteringRTOS-master/MasteringRTOS-master/RTOS_workspace/008_queues_n_timers/MXTmpFiles/license.tmp
2024-12-01 19:16:46,143 [INFO] CodeEngine:255 - oldGeneratedFile, /media/sharad/Data/work/repo/udemy/RTOS/MasteringRTOS-master/MasteringRTOS-master/RTOS_workspace/008_queues_n_timers/MXTmpFiles/gpio.tmp_save
2024-12-01 19:16:46,319 [INFO] CodeEngine:279 - Generated code: /media/sharad/Data/work/repo/udemy/RTOS/MasteringRTOS-master/MasteringRTOS-master/RTOS_workspace/008_queues_n_timers/MXTmpFiles/gpio.tmp
2024-12-01 19:16:46,557 [INFO] CodeEngine:255 - oldGeneratedFile, /media/sharad/Data/work/repo/udemy/RTOS/MasteringRTOS-master/MasteringRTOS-master/RTOS_workspace/008_queues_n_timers/Core/Src/stm32f4xx_it.c_save
2024-12-01 19:16:46,799 [INFO] CodeEngine:279 - Generated code: /media/sharad/Data/work/repo/udemy/RTOS/MasteringRTOS-master/MasteringRTOS-master/RTOS_workspace/008_queues_n_timers/Core/Src/stm32f4xx_it.c
2024-12-01 19:16:46,835 [INFO] CodeEngine:255 - oldGeneratedFile, /media/sharad/Data/work/repo/udemy/RTOS/MasteringRTOS-master/MasteringRTOS-master/RTOS_workspace/008_queues_n_timers/Core/Inc/stm32f4xx_it.h_save
2024-12-01 19:16:47,028 [INFO] CodeEngine:279 - Generated code: /media/sharad/Data/work/repo/udemy/RTOS/MasteringRTOS-master/MasteringRTOS-master/RTOS_workspace/008_queues_n_timers/Core/Inc/stm32f4xx_it.h
2024-12-01 19:16:47,095 [INFO] CodeEngine:255 - oldGeneratedFile, /media/sharad/Data/work/repo/udemy/RTOS/MasteringRTOS-master/MasteringRTOS-master/RTOS_workspace/008_queues_n_timers/Core/Src/stm32f4xx_hal_msp.c_save
2024-12-01 19:16:47,386 [INFO] CodeEngine:279 - Generated code: /media/sharad/Data/work/repo/udemy/RTOS/MasteringRTOS-master/MasteringRTOS-master/RTOS_workspace/008_queues_n_timers/Core/Src/stm32f4xx_hal_msp.c
2024-12-01 19:16:47,406 [INFO] CodeEngine:255 - oldGeneratedFile, /media/sharad/Data/work/repo/udemy/RTOS/MasteringRTOS-master/MasteringRTOS-master/RTOS_workspace/008_queues_n_timers/MXTmpFiles/system.tmp_save
2024-12-01 19:16:47,576 [INFO] CodeEngine:279 - Generated code: /media/sharad/Data/work/repo/udemy/RTOS/MasteringRTOS-master/MasteringRTOS-master/RTOS_workspace/008_queues_n_timers/MXTmpFiles/system.tmp
2024-12-01 19:16:47,605 [INFO] CodeEngine:255 - oldGeneratedFile, /media/sharad/Data/work/repo/udemy/RTOS/MasteringRTOS-master/MasteringRTOS-master/RTOS_workspace/008_queues_n_timers/Core/Src/stm32f4xx_hal_timebase_tim.c_save
2024-12-01 19:16:47,789 [INFO] CodeEngine:279 - Generated code: /media/sharad/Data/work/repo/udemy/RTOS/MasteringRTOS-master/MasteringRTOS-master/RTOS_workspace/008_queues_n_timers/Core/Src/stm32f4xx_hal_timebase_tim.c
2024-12-01 19:16:47,844 [INFO] CodeEngine:311 - oldGeneratedFile, /media/sharad/Data/work/repo/udemy/RTOS/MasteringRTOS-master/MasteringRTOS-master/RTOS_workspace/008_queues_n_timers/Core/Inc/stm32f4xx_hal_conf.h_save
2024-12-01 19:16:48,038 [INFO] CodeEngine:335 - Generated code: /media/sharad/Data/work/repo/udemy/RTOS/MasteringRTOS-master/MasteringRTOS-master/RTOS_workspace/008_queues_n_timers/Core/Inc/stm32f4xx_hal_conf.h
2024-12-01 19:16:48,117 [INFO] CodeEngine:255 - oldGeneratedFile, /media/sharad/Data/work/repo/udemy/RTOS/MasteringRTOS-master/MasteringRTOS-master/RTOS_workspace/008_queues_n_timers/Core/Inc/main.h_save
2024-12-01 19:16:48,323 [INFO] CodeEngine:279 - Generated code: /media/sharad/Data/work/repo/udemy/RTOS/MasteringRTOS-master/MasteringRTOS-master/RTOS_workspace/008_queues_n_timers/Core/Inc/main.h
2024-12-01 19:16:48,362 [INFO] CodeEngine:255 - oldGeneratedFile, /media/sharad/Data/work/repo/udemy/RTOS/MasteringRTOS-master/MasteringRTOS-master/RTOS_workspace/008_queues_n_timers/Core/Src/main.c_save
2024-12-01 19:16:48,669 [INFO] CodeEngine:279 - Generated code: /media/sharad/Data/work/repo/udemy/RTOS/MasteringRTOS-master/MasteringRTOS-master/RTOS_workspace/008_queues_n_timers/Core/Src/main.c
2024-12-01 19:16:49,814 [INFO] ProjectBuilder:3249 - Time for Copy HAL[1] : 790mS.
2024-12-01 19:16:49,830 [INFO] ProjectBuilder:4828 - Project Generator version: 4.5.0-B34
2024-12-01 19:16:49,996 [INFO] ConfigFileManager:1531 - The Die is : DIE431
2024-12-01 19:16:51,481 [INFO] ProjectBuilder:5097 - Time for Generating toolchain IDE Files: 1650mS.
2024-12-01 19:16:51,483 [INFO] ProjectBuilder:3107 - Time for Copy CMSIS : 2mS.
2024-12-01 19:16:51,507 [INFO] ProjectBuilder:3107 - Time for Copy CMSIS : 1mS.
2024-12-01 19:58:30,371 [INFO] WebApp:189 - Connection lost
2024-12-01 19:58:39,731 [INFO] WebApp:186 - Connection restablished
2024-12-01 19:58:41,028 [INFO] WebApp:189 - Connection lost
2024-12-01 19:58:41,247 [INFO] WebApp:186 - Connection restablished
