../Drivers/STM32F4xx_HAL_Driver/Inc/stm32f4xx_ll_adc.h:3918:22:LL_ADC_REG_StartConversionSWStart	16	static
../Core/Src/stm32f4xx_it.c:75:6:NMI_Handler	4	static
../Core/Src/stm32f4xx_it.c:90:6:HardFault_Handler	4	static
../Core/Src/stm32f4xx_it.c:105:6:MemManage_Handler	4	static
../Core/Src/stm32f4xx_it.c:120:6:BusFault_Handler	4	static
../Core/Src/stm32f4xx_it.c:135:6:UsageFault_Handler	4	static
../Core/Src/stm32f4xx_it.c:150:6:DebugMon_Handler	4	static
../Core/Src/stm32f4xx_it.c:170:6:ADC_IRQHandler	24	static
../Core/Src/stm32f4xx_it.c:199:6:TIM5_IRQHandler	8	static
