Archive member included to satisfy reference by file (symbol)

/opt/st/stm32cubeide_1.16.1/plugins/com.st.stm32cube.ide.mcu.externaltools.gnu-tools-for-stm32.12.3.rel1.linux64_1.0.200.202406132123/tools/bin/../lib/gcc/arm-none-eabi/12.3.1/../../../../arm-none-eabi/lib/thumb/v7e-m+fp/hard/libc_nano.a(libc_a-exit.o)
                              /opt/st/stm32cubeide_1.16.1/plugins/com.st.stm32cube.ide.mcu.externaltools.gnu-tools-for-stm32.12.3.rel1.linux64_1.0.200.202406132123/tools/bin/../lib/gcc/arm-none-eabi/12.3.1/../../../../arm-none-eabi/lib/thumb/v7e-m+fp/hard/crt0.o (exit)
/opt/st/stm32cubeide_1.16.1/plugins/com.st.stm32cube.ide.mcu.externaltools.gnu-tools-for-stm32.12.3.rel1.linux64_1.0.200.202406132123/tools/bin/../lib/gcc/arm-none-eabi/12.3.1/../../../../arm-none-eabi/lib/thumb/v7e-m+fp/hard/libc_nano.a(libc_a-findfp.o)
                              /opt/st/stm32cubeide_1.16.1/plugins/com.st.stm32cube.ide.mcu.externaltools.gnu-tools-for-stm32.12.3.rel1.linux64_1.0.200.202406132123/tools/bin/../lib/gcc/arm-none-eabi/12.3.1/../../../../arm-none-eabi/lib/thumb/v7e-m+fp/hard/libc_nano.a(libc_a-exit.o) (__stdio_exit_handler)
/opt/st/stm32cubeide_1.16.1/plugins/com.st.stm32cube.ide.mcu.externaltools.gnu-tools-for-stm32.12.3.rel1.linux64_1.0.200.202406132123/tools/bin/../lib/gcc/arm-none-eabi/12.3.1/../../../../arm-none-eabi/lib/thumb/v7e-m+fp/hard/libc_nano.a(libc_a-fwalk.o)
                              /opt/st/stm32cubeide_1.16.1/plugins/com.st.stm32cube.ide.mcu.externaltools.gnu-tools-for-stm32.12.3.rel1.linux64_1.0.200.202406132123/tools/bin/../lib/gcc/arm-none-eabi/12.3.1/../../../../arm-none-eabi/lib/thumb/v7e-m+fp/hard/libc_nano.a(libc_a-findfp.o) (_fwalk_sglue)
/opt/st/stm32cubeide_1.16.1/plugins/com.st.stm32cube.ide.mcu.externaltools.gnu-tools-for-stm32.12.3.rel1.linux64_1.0.200.202406132123/tools/bin/../lib/gcc/arm-none-eabi/12.3.1/../../../../arm-none-eabi/lib/thumb/v7e-m+fp/hard/libc_nano.a(libc_a-stdio.o)
                              /opt/st/stm32cubeide_1.16.1/plugins/com.st.stm32cube.ide.mcu.externaltools.gnu-tools-for-stm32.12.3.rel1.linux64_1.0.200.202406132123/tools/bin/../lib/gcc/arm-none-eabi/12.3.1/../../../../arm-none-eabi/lib/thumb/v7e-m+fp/hard/libc_nano.a(libc_a-findfp.o) (__sread)
/opt/st/stm32cubeide_1.16.1/plugins/com.st.stm32cube.ide.mcu.externaltools.gnu-tools-for-stm32.12.3.rel1.linux64_1.0.200.202406132123/tools/bin/../lib/gcc/arm-none-eabi/12.3.1/../../../../arm-none-eabi/lib/thumb/v7e-m+fp/hard/libc_nano.a(libc_a-memset.o)
                              /opt/st/stm32cubeide_1.16.1/plugins/com.st.stm32cube.ide.mcu.externaltools.gnu-tools-for-stm32.12.3.rel1.linux64_1.0.200.202406132123/tools/bin/../lib/gcc/arm-none-eabi/12.3.1/../../../../arm-none-eabi/lib/thumb/v7e-m+fp/hard/crt0.o (memset)
/opt/st/stm32cubeide_1.16.1/plugins/com.st.stm32cube.ide.mcu.externaltools.gnu-tools-for-stm32.12.3.rel1.linux64_1.0.200.202406132123/tools/bin/../lib/gcc/arm-none-eabi/12.3.1/../../../../arm-none-eabi/lib/thumb/v7e-m+fp/hard/libc_nano.a(libc_a-closer.o)
                              /opt/st/stm32cubeide_1.16.1/plugins/com.st.stm32cube.ide.mcu.externaltools.gnu-tools-for-stm32.12.3.rel1.linux64_1.0.200.202406132123/tools/bin/../lib/gcc/arm-none-eabi/12.3.1/../../../../arm-none-eabi/lib/thumb/v7e-m+fp/hard/libc_nano.a(libc_a-stdio.o) (_close_r)
/opt/st/stm32cubeide_1.16.1/plugins/com.st.stm32cube.ide.mcu.externaltools.gnu-tools-for-stm32.12.3.rel1.linux64_1.0.200.202406132123/tools/bin/../lib/gcc/arm-none-eabi/12.3.1/../../../../arm-none-eabi/lib/thumb/v7e-m+fp/hard/libc_nano.a(libc_a-reent.o)
                              /opt/st/stm32cubeide_1.16.1/plugins/com.st.stm32cube.ide.mcu.externaltools.gnu-tools-for-stm32.12.3.rel1.linux64_1.0.200.202406132123/tools/bin/../lib/gcc/arm-none-eabi/12.3.1/../../../../arm-none-eabi/lib/thumb/v7e-m+fp/hard/libc_nano.a(libc_a-closer.o) (errno)
/opt/st/stm32cubeide_1.16.1/plugins/com.st.stm32cube.ide.mcu.externaltools.gnu-tools-for-stm32.12.3.rel1.linux64_1.0.200.202406132123/tools/bin/../lib/gcc/arm-none-eabi/12.3.1/../../../../arm-none-eabi/lib/thumb/v7e-m+fp/hard/libc_nano.a(libc_a-impure.o)
                              /opt/st/stm32cubeide_1.16.1/plugins/com.st.stm32cube.ide.mcu.externaltools.gnu-tools-for-stm32.12.3.rel1.linux64_1.0.200.202406132123/tools/bin/../lib/gcc/arm-none-eabi/12.3.1/../../../../arm-none-eabi/lib/thumb/v7e-m+fp/hard/libc_nano.a(libc_a-reent.o) (_impure_ptr)
/opt/st/stm32cubeide_1.16.1/plugins/com.st.stm32cube.ide.mcu.externaltools.gnu-tools-for-stm32.12.3.rel1.linux64_1.0.200.202406132123/tools/bin/../lib/gcc/arm-none-eabi/12.3.1/../../../../arm-none-eabi/lib/thumb/v7e-m+fp/hard/libc_nano.a(libc_a-lseekr.o)
                              /opt/st/stm32cubeide_1.16.1/plugins/com.st.stm32cube.ide.mcu.externaltools.gnu-tools-for-stm32.12.3.rel1.linux64_1.0.200.202406132123/tools/bin/../lib/gcc/arm-none-eabi/12.3.1/../../../../arm-none-eabi/lib/thumb/v7e-m+fp/hard/libc_nano.a(libc_a-stdio.o) (_lseek_r)
[...]
Memory Configuration

Name             Origin             Length             Attributes
RAM              0x20000000         0x00020000         xrw
FLASH            0x08000000         0x00080000         xr
*default*        0x00000000         0xffffffff

Linker script and memory map

LOAD /opt/st/stm32cubeide_1.16.1/plugins/com.st.stm32cube.ide.mcu.externaltools.gnu-tools-for-stm32.12.3.rel1.linux64_1.0.200.202406132123/tools/bin/../lib/gcc/arm-none-eabi/12.3.1/thumb/v7e-m+fp/hard/crti.o
LOAD /opt/st/stm32cubeide_1.16.1/plugins/com.st.stm32cube.ide.mcu.externaltools.gnu-tools-for-stm32.12.3.rel1.linux64_1.0.200.202406132123/tools/bin/../lib/gcc/arm-none-eabi/12.3.1/thumb/v7e-m+fp/hard/crtbegin.o
LOAD /opt/st/stm32cubeide_1.16.1/plugins/com.st.stm32cube.ide.mcu.externaltools.gnu-tools-for-stm32.12.3.rel1.linux64_1.0.200.202406132123/tools/bin/../lib/gcc/arm-none-eabi/12.3.1/../../../../arm-none-eabi/lib/thumb/v7e-m+fp/hard/crt0.o
LOAD ./Core/Src/led_effects.o
LOAD ./Core/Src/main.o
LOAD ./Core/Src/rtc.o
LOAD ./Core/Src/stm32f4xx_hal_msp.o
LOAD ./Core/Src/stm32f4xx_hal_timebase_tim.o
LOAD ./Core/Src/stm32f4xx_it.o
LOAD ./Core/Src/syscalls.o
LOAD ./Core/Src/sysmem.o
LOAD ./Core/Src/system_stm32f4xx.o
LOAD ./Core/Src/task_handler.o
LOAD ./Core/Startup/startup_stm32f411vetx.o
LOAD ./Drivers/STM32F4xx_HAL_Driver/Src/stm32f4xx_hal.o
LOAD ./Drivers/STM32F4xx_HAL_Driver/Src/stm32f4xx_hal_cortex.o
LOAD ./Drivers/STM32F4xx_HAL_Driver/Src/stm32f4xx_hal_dma.o
LOAD ./Drivers/STM32F4xx_HAL_Driver/Src/stm32f4xx_hal_dma_ex.o
LOAD ./Drivers/STM32F4xx_HAL_Driver/Src/stm32f4xx_hal_exti.o
LOAD ./Drivers/STM32F4xx_HAL_Driver/Src/stm32f4xx_hal_flash.o
LOAD ./Drivers/STM32F4xx_HAL_Driver/Src/stm32f4xx_hal_flash_ex.o
LOAD ./Drivers/STM32F4xx_HAL_Driver/Src/stm32f4xx_hal_flash_ramfunc.o
LOAD ./Drivers/STM32F4xx_HAL_Driver/Src/stm32f4xx_hal_gpio.o
LOAD ./Drivers/STM32F4xx_HAL_Driver/Src/stm32f4xx_hal_pwr.o
LOAD ./Drivers/STM32F4xx_HAL_Driver/Src/stm32f4xx_hal_pwr_ex.o
LOAD ./Drivers/STM32F4xx_HAL_Driver/Src/stm32f4xx_hal_rcc.o
LOAD ./Drivers/STM32F4xx_HAL_Driver/Src/stm32f4xx_hal_rcc_ex.o
LOAD ./Drivers/STM32F4xx_HAL_Driver/Src/stm32f4xx_hal_rtc.o
LOAD ./Drivers/STM32F4xx_HAL_Driver/Src/stm32f4xx_hal_rtc_ex.o
LOAD ./Drivers/STM32F4xx_HAL_Driver/Src/stm32f4xx_hal_tim.o
LOAD ./Drivers/STM32F4xx_HAL_Driver/Src/stm32f4xx_hal_tim_ex.o
LOAD ./Drivers/STM32F4xx_HAL_Driver/Src/stm32f4xx_hal_uart.o
LOAD ./ThirdParty/FreeRTOS/croutine.o
LOAD ./ThirdParty/FreeRTOS/event_groups.o
LOAD ./ThirdParty/FreeRTOS/list.o
LOAD ./ThirdParty/FreeRTOS/queue.o
LOAD ./ThirdParty/FreeRTOS/stream_buffer.o
LOAD ./ThirdParty/FreeRTOS/tasks.o
LOAD ./ThirdParty/FreeRTOS/timers.o
LOAD ./ThirdParty/FreeRTOS/portable/GCC/ARM_CM4F/port.o
LOAD ./ThirdParty/FreeRTOS/portable/MemMang/heap_4.o
START GROUP
LOAD /opt/st/stm32cubeide_1.16.1/plugins/com.st.stm32cube.ide.mcu.externaltools.gnu-tools-for-stm32.12.3.rel1.linux64_1.0.200.202406132123/tools/bin/../lib/gcc/arm-none-eabi/12.3.1/../../../../arm-none-eabi/lib/thumb/v7e-m+fp/hard/libc_nano.a
LOAD /opt/st/stm32cubeide_1.16.1/plugins/com.st.stm32cube.ide.mcu.externaltools.gnu-tools-for-stm32.12.3.rel1.linux64_1.0.200.202406132123/tools/bin/../lib/gcc/arm-none-eabi/12.3.1/../../../../arm-none-eabi/lib/thumb/v7e-m+fp/hard/libm.a
END GROUP
START GROUP
LOAD /opt/st/stm32cubeide_1.16.1/plugins/com.st.stm32cube.ide.mcu.externaltools.gnu-tools-for-stm32.12.3.rel1.linux64_1.0.200.202406132123/tools/bin/../lib/gcc/arm-none-eabi/12.3.1/thumb/v7e-m+fp/hard/libgcc.a
LOAD /opt/st/stm32cubeide_1.16.1/plugins/com.st.stm32cube.ide.mcu.externaltools.gnu-tools-for-stm32.12.3.rel1.linux64_1.0.200.202406132123/tools/bin/../lib/gcc/arm-none-eabi/12.3.1/../../../../arm-none-eabi/lib/thumb/v7e-m+fp/hard/libc_nano.a
END GROUP
START GROUP
LOAD /opt/st/stm32cubeide_1.16.1/plugins/com.st.stm32cube.ide.mcu.externaltools.gnu-tools-for-stm32.12.3.rel1.linux64_1.0.200.202406132123/tools/bin/../lib/gcc/arm-none-eabi/12.3.1/thumb/v7e-m+fp/hard/libgcc.a
LOAD /opt/st/stm32cubeide_1.16.1/plugins/com.st.stm32cube.ide.mcu.externaltools.gnu-tools-for-stm32.12.3.rel1.linux64_1.0.200.202406132123/tools/bin/../lib/gcc/arm-none-eabi/12.3.1/../../../../arm-none-eabi/lib/thumb/v7e-m+fp/hard/libc_nano.a
LOAD /opt/st/stm32cubeide_1.16.1/plugins/com.st.stm32cube.ide.mcu.externaltools.gnu-tools-for-stm32.12.3.rel1.linux64_1.0.200.202406132123/tools/bin/../lib/gcc/arm-none-eabi/12.3.1/../../../../arm-none-eabi/lib/thumb/v7e-m+fp/hard/libnosys.a
END GROUP
START GROUP
LOAD /opt/st/stm32cubeide_1.16.1/plugins/com.st.stm32cube.ide.mcu.externaltools.gnu-tools-for-stm32.12.3.rel1.linux64_1.0.200.202406132123/tools/bin/../lib/gcc/arm-none-eabi/12.3.1/thumb/v7e-m+fp/hard/libgcc.a
LOAD /opt/st/stm32cubeide_1.16.1/plugins/com.st.stm32cube.ide.mcu.externaltools.gnu-tools-for-stm32.12.3.rel1.linux64_1.0.200.202406132123/tools/bin/../lib/gcc/arm-none-eabi/12.3.1/../../../../arm-none-eabi/lib/thumb/v7e-m+fp/hard/libc_nano.a
LOAD /opt/st/stm32cubeide_1.16.1/plugins/com.st.stm32cube.ide.mcu.externaltools.gnu-tools-for-stm32.12.3.rel1.linux64_1.0.200.202406132123/tools/bin/../lib/gcc/arm-none-eabi/12.3.1/../../../../arm-none-eabi/lib/thumb/v7e-m+fp/hard/libnosys.a
END GROUP
LOAD /opt/st/stm32cubeide_1.16.1/plugins/com.st.stm32cube.ide.mcu.externaltools.gnu-tools-for-stm32.12.3.rel1.linux64_1.0.200.202406132123/tools/bin/../lib/gcc/arm-none-eabi/12.3.1/thumb/v7e-m+fp/hard/crtend.o
LOAD /opt/st/stm32cubeide_1.16.1/plugins/com.st.stm32cube.ide.mcu.externaltools.gnu-tools-for-stm32.12.3.rel1.linux64_1.0.200.202406132123/tools/bin/../lib/gcc/arm-none-eabi/12.3.1/thumb/v7e-m+fp/hard/crtn.o
                0x20020000                        _estack = (ORIGIN (RAM) + LENGTH (RAM))
                0x00000200                        _Min_Heap_Size = 0x200
                0x00000400                        _Min_Stack_Size = 0x400

.isr_vector     0x08000000      0x198
                0x08000000                        . = ALIGN (0x4)
 *(.isr_vector)
 .isr_vector    0x08000000      0x198 ./Core/Startup/startup_stm32f411vetx.o
                0x08000000                g_pfnVectors
                0x08000198                        . = ALIGN (0x4)

.text           0x080001a0     0x6d3c
                0x080001a0                        . = ALIGN (0x4)
 *(.text)
 .text          0x080001a0       0x40 /opt/st/stm32cubeide_1.16.1/plugins/com.st.stm32cube.ide.mcu.externaltools.gnu-tools-for-stm32.12.3.rel1.linux64_1.0.200.202406132123/tools/bin/../lib/gcc/arm-none-eabi/12.3.1/thumb/v7e-m+fp/hard/crtbegin.o
 .text          0x080001e0       0x14 /opt/st/stm32cubeide_1.16.1/plugins/com.st.stm32cube.ide.mcu.externaltools.gnu-tools-for-stm32.12.3.rel1.linux64_1.0.200.202406132123/tools/bin/../lib/gcc/arm-none-eabi/12.3.1/../../../../arm-none-eabi/lib/thumb/v7e-m+fp/hard/libc_nano.a(libc_a-strcmp.o)
                0x080001e0                strcmp
 .text          0x080001f4       0x10 /opt/st/stm32cubeide_1.16.1/plugins/com.st.stm32cube.ide.mcu.externaltools.gnu-tools-for-stm32.12.3.rel1.linux64_1.0.200.202406132123/tools/bin/../lib/gcc/arm-none-eabi/12.3.1/../../../../arm-none-eabi/lib/thumb/v7e-m+fp/hard/libc_nano.a(libc_a-strlen.o)
                0x080001f4                strlen
 .text          0x08000204       0x30 /opt/st/stm32cubeide_1.16.1/plugins/com.st.stm32cube.ide.mcu.externaltools.gnu-tools-for-stm32.12.3.rel1.linux64_1.0.200.202406132123/tools/bin/../lib/gcc/arm-none-eabi/12.3.1/thumb/v7e-m+fp/hard/libgcc.a(_aeabi_uldivmod.o)
                0x08000204                __aeabi_uldivmod
 .text          0x08000234      0x2bc /opt/st/stm32cubeide_1.16.1/plugins/com.st.stm32cube.ide.mcu.externaltools.gnu-tools-for-stm32.12.3.rel1.linux64_1.0.200.202406132123/tools/bin/../lib/gcc/arm-none-eabi/12.3.1/thumb/v7e-m+fp/hard/libgcc.a(_udivmoddi4.o)
                0x08000234                __udivmoddi4
 .text          0x080004f0        0x4 /opt/st/stm32cubeide_1.16.1/plugins/com.st.stm32cube.ide.mcu.externaltools.gnu-tools-for-stm32.12.3.rel1.linux64_1.0.200.202406132123/tools/bin/../lib/gcc/arm-none-eabi/12.3.1/thumb/v7e-m+fp/hard/libgcc.a(_dvmd_tls.o)
                0x080004f0                __aeabi_ldiv0
                0x080004f0                __aeabi_idiv0
 *(.text*)
 .text.led_effect_stop
                0x080004f4       0x40 ./Core/Src/led_effects.o
                0x080004f4                led_effect_stop
 .text.led_effect
                0x08000534       0x38 ./Core/Src/led_effects.o
                0x08000534                led_effect
 .text.LED_effect1
                0x0800056c       0x2c ./Core/Src/led_effects.o
                0x0800056c                LED_effect1
 .text.turn_off_all_leds
                0x08000598       0x3c ./Core/Src/led_effects.o
                0x08000598                turn_off_all_leds
 .text.turn_on_all_leds
                0x080005d4       0x3c ./Core/Src/led_effects.o
                0x080005d4                turn_on_all_leds
 .text.LED_effect2
                0x08000610       0x2c ./Core/Src/led_effects.o
                0x08000610                LED_effect2
 .text.turn_on_even_leds
                0x0800063c       0x3c ./Core/Src/led_effects.o
                0x0800063c                turn_on_even_leds
 .text.turn_on_odd_leds
                0x08000678       0x3c ./Core/Src/led_effects.o
                0x08000678                turn_on_odd_leds
 .text.LED_effect3
                0x080006b4       0x30 ./Core/Src/led_effects.o
                0x080006b4                LED_effect3
 .text.LED_effect4
                0x080006e4       0x30 ./Core/Src/led_effects.o
                0x080006e4                LED_effect4
 .text.LED_control
                0x08000714       0x4c ./Core/Src/led_effects.o
                0x08000714                LED_control
 .text.main     0x08000760      0x21c ./Core/Src/main.o
                0x08000760                main
 .text.SystemClock_Config
                0x0800097c       0xd8 ./Core/Src/main.o
                0x0800097c                SystemClock_Config
 .text.MX_RTC_Init
                0x08000a54       0x4c ./Core/Src/main.o
 .text.MX_USART2_UART_Init
                0x08000aa0       0x54 ./Core/Src/main.o
 .text.MX_GPIO_Init
                0x08000af4      0x2bc ./Core/Src/main.o
 .text.HAL_UART_RxCpltCallback
                0x08000db0       0x94 ./Core/Src/main.o
                0x08000db0                HAL_UART_RxCpltCallback
 .text.led_effect_callback
                0x08000e44       0x54 ./Core/Src/main.o
                0x08000e44                led_effect_callback
 .text.HAL_TIM_PeriodElapsedCallback
                0x08000e98       0x24 ./Core/Src/main.o
                0x08000e98                HAL_TIM_PeriodElapsedCallback
 .text.Error_Handler
                0x08000ebc        0xc ./Core/Src/main.o
                0x08000ebc                Error_Handler
 .text.HAL_MspInit
                0x08000ec8       0x50 ./Core/Src/stm32f4xx_hal_msp.o
                0x08000ec8                HAL_MspInit
 .text.HAL_RTC_MspInit
                0x08000f18       0x58 ./Core/Src/stm32f4xx_hal_msp.o
                0x08000f18                HAL_RTC_MspInit
 .text.HAL_UART_MspInit
                0x08000f70       0xa0 ./Core/Src/stm32f4xx_hal_msp.o
                0x08000f70                HAL_UART_MspInit
 .text.HAL_InitTick
                0x08001010       0xf8 ./Core/Src/stm32f4xx_hal_timebase_tim.o
                0x08001010                HAL_InitTick
 .text.NMI_Handler
                0x08001108        0x8 ./Core/Src/stm32f4xx_it.o
                0x08001108                NMI_Handler
 .text.HardFault_Handler
                0x08001110        0x8 ./Core/Src/stm32f4xx_it.o
                0x08001110                HardFault_Handler
 .text.MemManage_Handler
                0x08001118        0x8 ./Core/Src/stm32f4xx_it.o
                0x08001118                MemManage_Handler
 .text.BusFault_Handler
                0x08001120        0x8 ./Core/Src/stm32f4xx_it.o
                0x08001120                BusFault_Handler
 .text.UsageFault_Handler
                0x08001128        0x8 ./Core/Src/stm32f4xx_it.o
                0x08001128                UsageFault_Handler
 .text.DebugMon_Handler
                0x08001130        0xe ./Core/Src/stm32f4xx_it.o
                0x08001130                DebugMon_Handler
 *fill*         0x0800113e        0x2 
 .text.USART2_IRQHandler
                0x08001140       0x14 ./Core/Src/stm32f4xx_it.o
                0x08001140                USART2_IRQHandler
 .text.TIM5_IRQHandler
                0x08001154       0x14 ./Core/Src/stm32f4xx_it.o
                0x08001154                TIM5_IRQHandler
 .text.SystemInit
                0x08001168       0x24 ./Core/Src/system_stm32f4xx.o
                0x08001168                SystemInit
 .text.menu_task
                0x0800118c       0xe8 ./Core/Src/task_handler.o
                0x0800118c                menu_task
 .text.cmd_task
                0x08001274       0x2e ./Core/Src/task_handler.o
                0x08001274                cmd_task
 *fill*         0x080012a2        0x2 
 .text.print_task
                0x080012a4       0x40 ./Core/Src/task_handler.o
                0x080012a4                print_task
 .text.led_task
                0x080012e4      0x12c ./Core/Src/task_handler.o
                0x080012e4                led_task
 .text.rtc_task
                0x08001410        0xc ./Core/Src/task_handler.o
                0x08001410                rtc_task
 .text.process_command
                0x0800141c       0x7c ./Core/Src/task_handler.o
                0x0800141c                process_command
 .text.extract_command
                0x08001498       0x74 ./Core/Src/task_handler.o
                0x08001498                extract_command
 .text.Reset_Handler
                0x0800150c       0x50 ./Core/Startup/startup_stm32f411vetx.o
                0x0800150c                Reset_Handler
 .text.Default_Handler
                0x0800155c        0x2 ./Core/Startup/startup_stm32f411vetx.o
                0x0800155c                RTC_Alarm_IRQHandler
                0x0800155c                EXTI2_IRQHandler
                0x0800155c                SPI4_IRQHandler
                0x0800155c                TIM1_CC_IRQHandler
                0x0800155c                DMA2_Stream5_IRQHandler
                0x0800155c                DMA1_Stream5_IRQHandler
                0x0800155c                PVD_IRQHandler
                0x0800155c                SDIO_IRQHandler
                0x0800155c                TAMP_STAMP_IRQHandler
                0x0800155c                EXTI3_IRQHandler
                0x0800155c                TIM1_UP_TIM10_IRQHandler
                0x0800155c                I2C3_ER_IRQHandler
                0x0800155c                EXTI0_IRQHandler
                0x0800155c                I2C2_EV_IRQHandler
                0x0800155c                DMA1_Stream2_IRQHandler
                0x0800155c                FPU_IRQHandler
                0x0800155c                DMA2_Stream2_IRQHandler
                0x0800155c                SPI1_IRQHandler
                0x0800155c                TIM1_BRK_TIM9_IRQHandler
                0x0800155c                DMA2_Stream3_IRQHandler
                0x0800155c                USART6_IRQHandler
                0x0800155c                DMA2_Stream0_IRQHandler
                0x0800155c                TIM4_IRQHandler
                0x0800155c                I2C1_EV_IRQHandler
                0x0800155c                DMA1_Stream6_IRQHandler
                0x0800155c                DMA1_Stream1_IRQHandler
                0x0800155c                TIM3_IRQHandler
                0x0800155c                RCC_IRQHandler
                0x0800155c                Default_Handler
                0x0800155c                EXTI15_10_IRQHandler
                0x0800155c                ADC_IRQHandler
                0x0800155c                DMA1_Stream7_IRQHandler
                0x0800155c                SPI5_IRQHandler
                0x0800155c                DMA2_Stream7_IRQHandler
                0x0800155c                I2C3_EV_IRQHandler
                0x0800155c                EXTI9_5_IRQHandler
                0x0800155c                RTC_WKUP_IRQHandler
                0x0800155c                SPI2_IRQHandler
                0x0800155c                DMA1_Stream0_IRQHandler
                0x0800155c                EXTI4_IRQHandler
                0x0800155c                WWDG_IRQHandler
                0x0800155c                TIM2_IRQHandler
                0x0800155c                OTG_FS_WKUP_IRQHandler
                0x0800155c                TIM1_TRG_COM_TIM11_IRQHandler
                0x0800155c                EXTI1_IRQHandler
                0x0800155c                I2C2_ER_IRQHandler
                0x0800155c                DMA2_Stream1_IRQHandler
                0x0800155c                FLASH_IRQHandler
                0x0800155c                DMA2_Stream4_IRQHandler
                0x0800155c                USART1_IRQHandler
                0x0800155c                OTG_FS_IRQHandler
                0x0800155c                SPI3_IRQHandler
                0x0800155c                DMA1_Stream4_IRQHandler
                0x0800155c                I2C1_ER_IRQHandler
                0x0800155c                DMA2_Stream6_IRQHandler
                0x0800155c                DMA1_Stream3_IRQHandler
 *fill*         0x0800155e        0x2 
 .text.HAL_Init
                0x08001560       0x44 ./Drivers/STM32F4xx_HAL_Driver/Src/stm32f4xx_hal.o
                0x08001560                HAL_Init
 .text.HAL_IncTick
                0x080015a4       0x28 ./Drivers/STM32F4xx_HAL_Driver/Src/stm32f4xx_hal.o
                0x080015a4                HAL_IncTick
 .text.HAL_GetTick
                0x080015cc       0x18 ./Drivers/STM32F4xx_HAL_Driver/Src/stm32f4xx_hal.o
                0x080015cc                HAL_GetTick
 .text.__NVIC_SetPriorityGrouping
                0x080015e4       0x48 ./Drivers/STM32F4xx_HAL_Driver/Src/stm32f4xx_hal_cortex.o
 .text.__NVIC_GetPriorityGrouping
                0x0800162c       0x1c ./Drivers/STM32F4xx_HAL_Driver/Src/stm32f4xx_hal_cortex.o
 .text.__NVIC_EnableIRQ
                0x08001648       0x3c ./Drivers/STM32F4xx_HAL_Driver/Src/stm32f4xx_hal_cortex.o
 .text.__NVIC_SetPriority
                0x08001684       0x54 ./Drivers/STM32F4xx_HAL_Driver/Src/stm32f4xx_hal_cortex.o
 .text.NVIC_EncodePriority
                0x080016d8       0x66 ./Drivers/STM32F4xx_HAL_Driver/Src/stm32f4xx_hal_cortex.o
 .text.HAL_NVIC_SetPriorityGrouping
                0x0800173e       0x16 ./Drivers/STM32F4xx_HAL_Driver/Src/stm32f4xx_hal_cortex.o
                0x0800173e                HAL_NVIC_SetPriorityGrouping
 .text.HAL_NVIC_SetPriority
                0x08001754       0x38 ./Drivers/STM32F4xx_HAL_Driver/Src/stm32f4xx_hal_cortex.o
                0x08001754                HAL_NVIC_SetPriority
 .text.HAL_NVIC_EnableIRQ
                0x0800178c       0x1c ./Drivers/STM32F4xx_HAL_Driver/Src/stm32f4xx_hal_cortex.o
                0x0800178c                HAL_NVIC_EnableIRQ
 .text.HAL_DMA_Abort
                0x080017a8       0xe0 ./Drivers/STM32F4xx_HAL_Driver/Src/stm32f4xx_hal_dma.o
                0x080017a8                HAL_DMA_Abort
 .text.HAL_DMA_Abort_IT
                0x08001888       0x44 ./Drivers/STM32F4xx_HAL_Driver/Src/stm32f4xx_hal_dma.o
                0x08001888                HAL_DMA_Abort_IT
 .text.HAL_GPIO_Init
                0x080018cc      0x308 ./Drivers/STM32F4xx_HAL_Driver/Src/stm32f4xx_hal_gpio.o
                0x080018cc                HAL_GPIO_Init
 .text.HAL_GPIO_WritePin
                0x08001bd4       0x32 ./Drivers/STM32F4xx_HAL_Driver/Src/stm32f4xx_hal_gpio.o
                0x08001bd4                HAL_GPIO_WritePin
 *fill*         0x08001c06        0x2 
 .text.HAL_RCC_OscConfig
                0x08001c08      0x4f0 ./Drivers/STM32F4xx_HAL_Driver/Src/stm32f4xx_hal_rcc.o
                0x08001c08                HAL_RCC_OscConfig
 .text.HAL_RCC_ClockConfig
                0x080020f8      0x1cc ./Drivers/STM32F4xx_HAL_Driver/Src/stm32f4xx_hal_rcc.o
                0x080020f8                HAL_RCC_ClockConfig
 .text.HAL_RCC_GetSysClockFreq
                0x080022c4      0x20c ./Drivers/STM32F4xx_HAL_Driver/Src/stm32f4xx_hal_rcc.o
                0x080022c4                HAL_RCC_GetSysClockFreq
 .text.HAL_RCC_GetHCLKFreq
                0x080024d0       0x18 ./Drivers/STM32F4xx_HAL_Driver/Src/stm32f4xx_hal_rcc.o
                0x080024d0                HAL_RCC_GetHCLKFreq
 .text.HAL_RCC_GetPCLK1Freq
                0x080024e8       0x28 ./Drivers/STM32F4xx_HAL_Driver/Src/stm32f4xx_hal_rcc.o
                0x080024e8                HAL_RCC_GetPCLK1Freq
 .text.HAL_RCC_GetPCLK2Freq
                0x08002510       0x28 ./Drivers/STM32F4xx_HAL_Driver/Src/stm32f4xx_hal_rcc.o
                0x08002510                HAL_RCC_GetPCLK2Freq
 .text.HAL_RCC_GetClockConfig
                0x08002538       0x64 ./Drivers/STM32F4xx_HAL_Driver/Src/stm32f4xx_hal_rcc.o
                0x08002538                HAL_RCC_GetClockConfig
 .text.HAL_RCCEx_PeriphCLKConfig
                0x0800259c      0x1e0 ./Drivers/STM32F4xx_HAL_Driver/Src/stm32f4xx_hal_rcc_ex.o
                0x0800259c                HAL_RCCEx_PeriphCLKConfig
 .text.HAL_RTC_Init
                0x0800277c      0x106 ./Drivers/STM32F4xx_HAL_Driver/Src/stm32f4xx_hal_rtc.o
                0x0800277c                HAL_RTC_Init
 *fill*         0x08002882        0x2 
 .text.HAL_RTC_WaitForSynchro
                0x08002884       0x4c ./Drivers/STM32F4xx_HAL_Driver/Src/stm32f4xx_hal_rtc.o
                0x08002884                HAL_RTC_WaitForSynchro
 .text.RTC_EnterInitMode
                0x080028d0       0x6e ./Drivers/STM32F4xx_HAL_Driver/Src/stm32f4xx_hal_rtc.o
                0x080028d0                RTC_EnterInitMode
 .text.RTC_ExitInitMode
                0x0800293e       0x4a ./Drivers/STM32F4xx_HAL_Driver/Src/stm32f4xx_hal_rtc.o
                0x0800293e                RTC_ExitInitMode
 .text.HAL_TIM_Base_Init
                0x08002988       0x9e ./Drivers/STM32F4xx_HAL_Driver/Src/stm32f4xx_hal_tim.o
                0x08002988                HAL_TIM_Base_Init
 .text.HAL_TIM_Base_MspInit
                0x08002a26       0x14 ./Drivers/STM32F4xx_HAL_Driver/Src/stm32f4xx_hal_tim.o
                0x08002a26                HAL_TIM_Base_MspInit
 *fill*         0x08002a3a        0x2 
 .text.HAL_TIM_Base_Start_IT
                0x08002a3c       0xc4 ./Drivers/STM32F4xx_HAL_Driver/Src/stm32f4xx_hal_tim.o
                0x08002a3c                HAL_TIM_Base_Start_IT
 .text.HAL_TIM_IRQHandler
                0x08002b00      0x1e0 ./Drivers/STM32F4xx_HAL_Driver/Src/stm32f4xx_hal_tim.o
                0x08002b00                HAL_TIM_IRQHandler
 .text.HAL_TIM_OC_DelayElapsedCallback
                0x08002ce0       0x14 ./Drivers/STM32F4xx_HAL_Driver/Src/stm32f4xx_hal_tim.o
                0x08002ce0                HAL_TIM_OC_DelayElapsedCallback
 .text.HAL_TIM_IC_CaptureCallback
                0x08002cf4       0x14 ./Drivers/STM32F4xx_HAL_Driver/Src/stm32f4xx_hal_tim.o
                0x08002cf4                HAL_TIM_IC_CaptureCallback
 .text.HAL_TIM_PWM_PulseFinishedCallback
                0x08002d08       0x14 ./Drivers/STM32F4xx_HAL_Driver/Src/stm32f4xx_hal_tim.o
                0x08002d08                HAL_TIM_PWM_PulseFinishedCallback
 .text.HAL_TIM_TriggerCallback
                0x08002d1c       0x14 ./Drivers/STM32F4xx_HAL_Driver/Src/stm32f4xx_hal_tim.o
                0x08002d1c                HAL_TIM_TriggerCallback
 .text.TIM_Base_SetConfig
                0x08002d30      0x118 ./Drivers/STM32F4xx_HAL_Driver/Src/stm32f4xx_hal_tim.o
                0x08002d30                TIM_Base_SetConfig
 .text.HAL_TIMEx_CommutCallback
                0x08002e48       0x14 ./Drivers/STM32F4xx_HAL_Driver/Src/stm32f4xx_hal_tim_ex.o
                0x08002e48                HAL_TIMEx_CommutCallback
 .text.HAL_TIMEx_BreakCallback
                0x08002e5c       0x14 ./Drivers/STM32F4xx_HAL_Driver/Src/stm32f4xx_hal_tim_ex.o
                0x08002e5c                HAL_TIMEx_BreakCallback
 .text.HAL_UART_Init
                0x08002e70       0xa0 ./Drivers/STM32F4xx_HAL_Driver/Src/stm32f4xx_hal_uart.o
                0x08002e70                HAL_UART_Init
 .text.HAL_UART_Transmit
                0x08002f10      0x116 ./Drivers/STM32F4xx_HAL_Driver/Src/stm32f4xx_hal_uart.o
                0x08002f10                HAL_UART_Transmit
 .text.HAL_UART_Receive_IT
                0x08003026       0x4a ./Drivers/STM32F4xx_HAL_Driver/Src/stm32f4xx_hal_uart.o
                0x08003026                HAL_UART_Receive_IT
 .text.HAL_UART_IRQHandler
                0x08003070      0x524 ./Drivers/STM32F4xx_HAL_Driver/Src/stm32f4xx_hal_uart.o
                0x08003070                HAL_UART_IRQHandler
 .text.HAL_UART_TxCpltCallback
                0x08003594       0x14 ./Drivers/STM32F4xx_HAL_Driver/Src/stm32f4xx_hal_uart.o
                0x08003594                HAL_UART_TxCpltCallback
 .text.HAL_UART_ErrorCallback
                0x080035a8       0x14 ./Drivers/STM32F4xx_HAL_Driver/Src/stm32f4xx_hal_uart.o
                0x080035a8                HAL_UART_ErrorCallback
 .text.HAL_UARTEx_RxEventCallback
                0x080035bc       0x18 ./Drivers/STM32F4xx_HAL_Driver/Src/stm32f4xx_hal_uart.o
                0x080035bc                HAL_UARTEx_RxEventCallback
 .text.UART_WaitOnFlagUntilTimeout
                0x080035d4       0xb2 ./Drivers/STM32F4xx_HAL_Driver/Src/stm32f4xx_hal_uart.o
 .text.UART_Start_Receive_IT
                0x08003686       0x74 ./Drivers/STM32F4xx_HAL_Driver/Src/stm32f4xx_hal_uart.o
                0x08003686                UART_Start_Receive_IT
 .text.UART_EndRxTransfer
                0x080036fa       0xc6 ./Drivers/STM32F4xx_HAL_Driver/Src/stm32f4xx_hal_uart.o
 .text.UART_DMAAbortOnError
                0x080037c0       0x28 ./Drivers/STM32F4xx_HAL_Driver/Src/stm32f4xx_hal_uart.o
 .text.UART_Transmit_IT
                0x080037e8       0xa0 ./Drivers/STM32F4xx_HAL_Driver/Src/stm32f4xx_hal_uart.o
 .text.UART_EndTransmit_IT
                0x08003888       0x30 ./Drivers/STM32F4xx_HAL_Driver/Src/stm32f4xx_hal_uart.o
 .text.UART_Receive_IT
                0x080038b8      0x17c ./Drivers/STM32F4xx_HAL_Driver/Src/stm32f4xx_hal_uart.o
 .text.UART_SetConfig
                0x08003a34      0x4e8 ./Drivers/STM32F4xx_HAL_Driver/Src/stm32f4xx_hal_uart.o
 .text.vListInitialise
                0x08003f1c       0x40 ./ThirdParty/FreeRTOS/list.o
                0x08003f1c                vListInitialise
 .text.vListInitialiseItem
                0x08003f5c       0x1a ./ThirdParty/FreeRTOS/list.o
                0x08003f5c                vListInitialiseItem
 .text.vListInsertEnd
                0x08003f76       0x48 ./ThirdParty/FreeRTOS/list.o
                0x08003f76                vListInsertEnd
 .text.vListInsert
                0x08003fbe       0x72 ./ThirdParty/FreeRTOS/list.o
                0x08003fbe                vListInsert
 .text.uxListRemove
                0x08004030       0x54 ./ThirdParty/FreeRTOS/list.o
                0x08004030                uxListRemove
 .text.xQueueGenericReset
                0x08004084      0x124 ./ThirdParty/FreeRTOS/queue.o
                0x08004084                xQueueGenericReset
 .text.xQueueGenericCreate
                0x080041a8       0x9e ./ThirdParty/FreeRTOS/queue.o
                0x080041a8                xQueueGenericCreate
 .text.prvInitialiseNewQueue
                0x08004246       0x46 ./ThirdParty/FreeRTOS/queue.o
 .text.xQueueGenericSend
                0x0800428c      0x204 ./ThirdParty/FreeRTOS/queue.o
                0x0800428c                xQueueGenericSend
 .text.xQueueGenericSendFromISR
                0x08004490      0x16c ./ThirdParty/FreeRTOS/queue.o
                0x08004490                xQueueGenericSendFromISR
 .text.xQueueReceive
                0x080045fc      0x1c4 ./ThirdParty/FreeRTOS/queue.o
                0x080045fc                xQueueReceive
 .text.xQueueReceiveFromISR
                0x080047c0      0x134 ./ThirdParty/FreeRTOS/queue.o
                0x080047c0                xQueueReceiveFromISR
 .text.uxQueueMessagesWaiting
                0x080048f4       0x3e ./ThirdParty/FreeRTOS/queue.o
                0x080048f4                uxQueueMessagesWaiting
 .text.prvCopyDataToQueue
                0x08004932       0xd4 ./ThirdParty/FreeRTOS/queue.o
 .text.prvCopyDataFromQueue
                0x08004a06       0x4c ./ThirdParty/FreeRTOS/queue.o
 .text.prvUnlockQueue
                0x08004a52       0xa4 ./ThirdParty/FreeRTOS/queue.o
 .text.prvIsQueueEmpty
                0x08004af6       0x2c ./ThirdParty/FreeRTOS/queue.o
 .text.prvIsQueueFull
                0x08004b22       0x30 ./ThirdParty/FreeRTOS/queue.o
 .text.xQueueIsQueueFullFromISR
                0x08004b52       0x4e ./ThirdParty/FreeRTOS/queue.o
                0x08004b52                xQueueIsQueueFullFromISR
 .text.vQueueAddToRegistry
                0x08004ba0       0xa0 ./ThirdParty/FreeRTOS/queue.o
                0x08004ba0                vQueueAddToRegistry
 .text.vQueueWaitForMessageRestricted
                0x08004c40       0x68 ./ThirdParty/FreeRTOS/queue.o
                0x08004c40                vQueueWaitForMessageRestricted
 .text.xTaskCreate
                0x08004ca8       0x82 ./ThirdParty/FreeRTOS/tasks.o
                0x08004ca8                xTaskCreate
 .text.prvInitialiseNewTask
                0x08004d2a      0x12e ./ThirdParty/FreeRTOS/tasks.o
 .text.prvAddNewTaskToReadyList
                0x08004e58       0xdc ./ThirdParty/FreeRTOS/tasks.o
 .text.vTaskStartScheduler
                0x08004f34       0xa4 ./ThirdParty/FreeRTOS/tasks.o
                0x08004f34                vTaskStartScheduler
 .text.vTaskSuspendAll
                0x08004fd8       0x1c ./ThirdParty/FreeRTOS/tasks.o
                0x08004fd8                vTaskSuspendAll
 .text.xTaskResumeAll
                0x08004ff4      0x13c ./ThirdParty/FreeRTOS/tasks.o
                0x08004ff4                xTaskResumeAll
 .text.xTaskGetTickCount
                0x08005130       0x20 ./ThirdParty/FreeRTOS/tasks.o
                0x08005130                xTaskGetTickCount
 .text.uxTaskGetNumberOfTasks
                0x08005150       0x18 ./ThirdParty/FreeRTOS/tasks.o
                0x08005150                uxTaskGetNumberOfTasks
 .text.xTaskIncrementTick
                0x08005168      0x174 ./ThirdParty/FreeRTOS/tasks.o
                0x08005168                xTaskIncrementTick
 .text.vTaskSwitchContext
                0x080052dc       0xb8 ./ThirdParty/FreeRTOS/tasks.o
                0x080052dc                vTaskSwitchContext
 .text.vTaskPlaceOnEventList
                0x08005394       0x4c ./ThirdParty/FreeRTOS/tasks.o
                0x08005394                vTaskPlaceOnEventList
 .text.vTaskPlaceOnEventListRestricted
                0x080053e0       0x58 ./ThirdParty/FreeRTOS/tasks.o
                0x080053e0                vTaskPlaceOnEventListRestricted
 .text.xTaskRemoveFromEventList
                0x08005438       0xc8 ./ThirdParty/FreeRTOS/tasks.o
                0x08005438                xTaskRemoveFromEventList
 .text.vTaskInternalSetTimeOutState
                0x08005500       0x2c ./ThirdParty/FreeRTOS/tasks.o
                0x08005500                vTaskInternalSetTimeOutState
 .text.xTaskCheckForTimeOut
                0x0800552c       0xd0 ./ThirdParty/FreeRTOS/tasks.o
                0x0800552c                xTaskCheckForTimeOut
 .text.vTaskMissedYield
                0x080055fc       0x18 ./ThirdParty/FreeRTOS/tasks.o
                0x080055fc                vTaskMissedYield
 .text.prvIdleTask
                0x08005614       0x30 ./ThirdParty/FreeRTOS/tasks.o
 .text.prvInitialiseTaskLists
                0x08005644       0x80 ./ThirdParty/FreeRTOS/tasks.o
 .text.prvCheckTasksWaitingTermination
                0x080056c4       0x5c ./ThirdParty/FreeRTOS/tasks.o
 .text.prvDeleteTCB
                0x08005720       0x20 ./ThirdParty/FreeRTOS/tasks.o
 .text.prvResetNextTaskUnblockTime
                0x08005740       0x38 ./ThirdParty/FreeRTOS/tasks.o
 .text.xTaskGetSchedulerState
                0x08005778       0x3c ./ThirdParty/FreeRTOS/tasks.o
                0x08005778                xTaskGetSchedulerState
 .text.xTaskPriorityDisinherit
                0x080057b4       0xf8 ./ThirdParty/FreeRTOS/tasks.o
                0x080057b4                xTaskPriorityDisinherit
 .text.xTaskGenericNotifyWait
                0x080058ac      0x100 ./ThirdParty/FreeRTOS/tasks.o
                0x080058ac                xTaskGenericNotifyWait
 .text.xTaskGenericNotify
                0x080059ac      0x1c8 ./ThirdParty/FreeRTOS/tasks.o
                0x080059ac                xTaskGenericNotify
 .text.xTaskGenericNotifyFromISR
                0x08005b74      0x20c ./ThirdParty/FreeRTOS/tasks.o
                0x08005b74                xTaskGenericNotifyFromISR
 .text.prvAddCurrentTaskToDelayedList
                0x08005d80       0xcc ./ThirdParty/FreeRTOS/tasks.o
 .text.xTimerCreateTimerTask
                0x08005e4c       0x68 ./ThirdParty/FreeRTOS/timers.o
                0x08005e4c                xTimerCreateTimerTask
 .text.xTimerCreate
                0x08005eb4       0x42 ./ThirdParty/FreeRTOS/timers.o
                0x08005eb4                xTimerCreate
 .text.prvInitialiseNewTimer
                0x08005ef6       0x72 ./ThirdParty/FreeRTOS/timers.o
 .text.xTimerGenericCommand
                0x08005f68       0x9c ./ThirdParty/FreeRTOS/timers.o
                0x08005f68                xTimerGenericCommand
 .text.prvReloadTimer
                0x08006004       0x42 ./ThirdParty/FreeRTOS/timers.o
 *fill*         0x08006046        0x2 
 .text.prvProcessExpiredTimer
                0x08006048       0x60 ./ThirdParty/FreeRTOS/timers.o
 .text.prvTimerTask
                0x080060a8       0x26 ./ThirdParty/FreeRTOS/timers.o
 *fill*         0x080060ce        0x2 
 .text.prvProcessTimerOrBlockTask
                0x080060d0       0x9c ./ThirdParty/FreeRTOS/timers.o
 .text.prvGetNextExpireTime
                0x0800616c       0x48 ./ThirdParty/FreeRTOS/timers.o
 .text.prvSampleTimeNow
                0x080061b4       0x40 ./ThirdParty/FreeRTOS/timers.o
 .text.prvInsertTimerInActiveList
                0x080061f4       0x84 ./ThirdParty/FreeRTOS/timers.o
 .text.prvProcessReceivedCommands
                0x08006278      0x184 ./ThirdParty/FreeRTOS/timers.o
 .text.prvSwitchTimerLists
                0x080063fc       0x4c ./ThirdParty/FreeRTOS/timers.o
 .text.prvCheckForValidListAndQueue
                0x08006448       0x6c ./ThirdParty/FreeRTOS/timers.o
 .text.pvTimerGetTimerID
                0x080064b4       0x42 ./ThirdParty/FreeRTOS/timers.o
                0x080064b4                pvTimerGetTimerID
 *fill*         0x080064f6        0x2 
 .text.pxPortInitialiseStack
                0x080064f8       0x68 ./ThirdParty/FreeRTOS/portable/GCC/ARM_CM4F/port.o
                0x080064f8                pxPortInitialiseStack
 .text.prvTaskExitError
                0x08006560       0x5c ./ThirdParty/FreeRTOS/portable/GCC/ARM_CM4F/port.o
 *fill*         0x080065bc        0x4 
 .text.SVC_Handler
                0x080065c0       0x28 ./ThirdParty/FreeRTOS/portable/GCC/ARM_CM4F/port.o
                0x080065c0                SVC_Handler
 .text.prvPortStartFirstTask
                0x080065e8       0x2c ./ThirdParty/FreeRTOS/portable/GCC/ARM_CM4F/port.o
 .text.xPortStartScheduler
                0x08006614      0x148 ./ThirdParty/FreeRTOS/portable/GCC/ARM_CM4F/port.o
                0x08006614                xPortStartScheduler
 .text.vInitPrioGroupValue
                0x0800675c      0x100 ./ThirdParty/FreeRTOS/portable/GCC/ARM_CM4F/port.o
                0x0800675c                vInitPrioGroupValue
 .text.vPortEnterCritical
                0x0800685c       0x64 ./ThirdParty/FreeRTOS/portable/GCC/ARM_CM4F/port.o
                0x0800685c                vPortEnterCritical
 .text.vPortExitCritical
                0x080068c0       0x54 ./ThirdParty/FreeRTOS/portable/GCC/ARM_CM4F/port.o
                0x080068c0                vPortExitCritical
 *fill*         0x08006914        0xc 
 .text.PendSV_Handler
                0x08006920       0x68 ./ThirdParty/FreeRTOS/portable/GCC/ARM_CM4F/port.o
                0x08006920                PendSV_Handler
 .text.SysTick_Handler
                0x08006988       0x44 ./ThirdParty/FreeRTOS/portable/GCC/ARM_CM4F/port.o
                0x08006988                SysTick_Handler
 .text.vPortSetupTimerInterrupt
                0x080069cc       0x48 ./ThirdParty/FreeRTOS/portable/GCC/ARM_CM4F/port.o
                0x080069cc                vPortSetupTimerInterrupt
 .text.vPortEnableVFP
                0x08006a14       0x18 ./ThirdParty/FreeRTOS/portable/GCC/ARM_CM4F/port.o
 .text.vPortValidateInterruptPriority
                0x08006a2c       0x84 ./ThirdParty/FreeRTOS/portable/GCC/ARM_CM4F/port.o
                0x08006a2c                vPortValidateInterruptPriority
 .text.pvPortMalloc
                0x08006ab0      0x178 ./ThirdParty/FreeRTOS/portable/MemMang/heap_4.o
                0x08006ab0                pvPortMalloc
 .text.vPortFree
                0x08006c28       0xbc ./ThirdParty/FreeRTOS/portable/MemMang/heap_4.o
                0x08006c28                vPortFree
 .text.prvHeapInit
                0x08006ce4       0xb8 ./ThirdParty/FreeRTOS/portable/MemMang/heap_4.o
 .text.prvInsertBlockIntoFreeList
                0x08006d9c       0xb4 ./ThirdParty/FreeRTOS/portable/MemMang/heap_4.o
 .text.memset   0x08006e50       0x10 /opt/st/stm32cubeide_1.16.1/plugins/com.st.stm32cube.ide.mcu.externaltools.gnu-tools-for-stm32.12.3.rel1.linux64_1.0.200.202406132123/tools/bin/../lib/gcc/arm-none-eabi/12.3.1/../../../../arm-none-eabi/lib/thumb/v7e-m+fp/hard/libc_nano.a(libc_a-memset.o)
                0x08006e50                memset
 .text.__libc_init_array
                0x08006e60       0x48 /opt/st/stm32cubeide_1.16.1/plugins/com.st.stm32cube.ide.mcu.externaltools.gnu-tools-for-stm32.12.3.rel1.linux64_1.0.200.202406132123/tools/bin/../lib/gcc/arm-none-eabi/12.3.1/../../../../arm-none-eabi/lib/thumb/v7e-m+fp/hard/libc_nano.a(libc_a-init.o)
                0x08006e60                __libc_init_array
 .text.memcpy   0x08006ea8       0x1c /opt/st/stm32cubeide_1.16.1/plugins/com.st.stm32cube.ide.mcu.externaltools.gnu-tools-for-stm32.12.3.rel1.linux64_1.0.200.202406132123/tools/bin/../lib/gcc/arm-none-eabi/12.3.1/../../../../arm-none-eabi/lib/thumb/v7e-m+fp/hard/libc_nano.a(libc_a-memcpy-stub.o)
                0x08006ea8                memcpy
 *(.glue_7)
 .glue_7        0x08006ec4        0x0 linker stubs
 *(.glue_7t)
 .glue_7t       0x08006ec4        0x0 linker stubs
 *(.eh_frame)
 .eh_frame      0x08006ec4        0x0 /opt/st/stm32cubeide_1.16.1/plugins/com.st.stm32cube.ide.mcu.externaltools.gnu-tools-for-stm32.12.3.rel1.linux64_1.0.200.202406132123/tools/bin/../lib/gcc/arm-none-eabi/12.3.1/thumb/v7e-m+fp/hard/crtbegin.o
 *(.init)
 .init          0x08006ec4        0x4 /opt/st/stm32cubeide_1.16.1/plugins/com.st.stm32cube.ide.mcu.externaltools.gnu-tools-for-stm32.12.3.rel1.linux64_1.0.200.202406132123/tools/bin/../lib/gcc/arm-none-eabi/12.3.1/thumb/v7e-m+fp/hard/crti.o
                0x08006ec4                _init
 .init          0x08006ec8        0x8 /opt/st/stm32cubeide_1.16.1/plugins/com.st.stm32cube.ide.mcu.externaltools.gnu-tools-for-stm32.12.3.rel1.linux64_1.0.200.202406132123/tools/bin/../lib/gcc/arm-none-eabi/12.3.1/thumb/v7e-m+fp/hard/crtn.o
 *(.fini)
 .fini          0x08006ed0        0x4 /opt/st/stm32cubeide_1.16.1/plugins/com.st.stm32cube.ide.mcu.externaltools.gnu-tools-for-stm32.12.3.rel1.linux64_1.0.200.202406132123/tools/bin/../lib/gcc/arm-none-eabi/12.3.1/thumb/v7e-m+fp/hard/crti.o
                0x08006ed0                _fini
 .fini          0x08006ed4        0x8 /opt/st/stm32cubeide_1.16.1/plugins/com.st.stm32cube.ide.mcu.externaltools.gnu-tools-for-stm32.12.3.rel1.linux64_1.0.200.202406132123/tools/bin/../lib/gcc/arm-none-eabi/12.3.1/thumb/v7e-m+fp/hard/crtn.o
                0x08006edc                        . = ALIGN (0x4)
                0x08006edc                        _etext = .

.vfp11_veneer   0x08006edc        0x0
 .vfp11_veneer  0x08006edc        0x0 linker stubs

.v4_bx          0x08006edc        0x0
 .v4_bx         0x08006edc        0x0 linker stubs

.iplt           0x08006edc        0x0
 .iplt          0x08006edc        0x0 /opt/st/stm32cubeide_1.16.1/plugins/com.st.stm32cube.ide.mcu.externaltools.gnu-tools-for-stm32.12.3.rel1.linux64_1.0.200.202406132123/tools/bin/../lib/gcc/arm-none-eabi/12.3.1/thumb/v7e-m+fp/hard/crtbegin.o

.rodata         0x08006edc      0x1c8
                0x08006edc                        . = ALIGN (0x4)
 *(.rodata)
 .rodata        0x08006edc       0x46 ./Core/Src/main.o
 *fill*         0x08006f22        0x2 
 .rodata        0x08006f24      0x14f ./Core/Src/task_handler.o
 *fill*         0x08007073        0x1 
 .rodata        0x08007074        0x5 ./ThirdParty/FreeRTOS/tasks.o
 *fill*         0x08007079        0x3 
 .rodata        0x0800707c        0xd ./ThirdParty/FreeRTOS/timers.o
 *(.rodata*)
 *fill*         0x08007089        0x3 
 .rodata.AHBPrescTable
                0x0800708c       0x10 ./Core/Src/system_stm32f4xx.o
                0x0800708c                AHBPrescTable
 .rodata.APBPrescTable
                0x0800709c        0x8 ./Core/Src/system_stm32f4xx.o
                0x0800709c                APBPrescTable
                0x080070a4                        . = ALIGN (0x4)

.ARM.extab      0x080070a4        0x0
                0x080070a4                        . = ALIGN (0x4)
 *(.ARM.extab* .gnu.linkonce.armextab.*)
                0x080070a4                        . = ALIGN (0x4)

.ARM            0x080070a4        0x8
                0x080070a4                        . = ALIGN (0x4)
                0x080070a4                        __exidx_start = .
 *(.ARM.exidx*)
 .ARM.exidx     0x080070a4        0x8 /opt/st/stm32cubeide_1.16.1/plugins/com.st.stm32cube.ide.mcu.externaltools.gnu-tools-for-stm32.12.3.rel1.linux64_1.0.200.202406132123/tools/bin/../lib/gcc/arm-none-eabi/12.3.1/../../../../arm-none-eabi/lib/thumb/v7e-m+fp/hard/libc_nano.a(libc_a-strcmp.o)
 .ARM.exidx     0x080070ac        0x0 /opt/st/stm32cubeide_1.16.1/plugins/com.st.stm32cube.ide.mcu.externaltools.gnu-tools-for-stm32.12.3.rel1.linux64_1.0.200.202406132123/tools/bin/../lib/gcc/arm-none-eabi/12.3.1/../../../../arm-none-eabi/lib/thumb/v7e-m+fp/hard/libc_nano.a(libc_a-strlen.o)
                                  0x8 (size before relaxing)
 .ARM.exidx     0x080070ac        0x0 /opt/st/stm32cubeide_1.16.1/plugins/com.st.stm32cube.ide.mcu.externaltools.gnu-tools-for-stm32.12.3.rel1.linux64_1.0.200.202406132123/tools/bin/../lib/gcc/arm-none-eabi/12.3.1/thumb/v7e-m+fp/hard/libgcc.a(_udivmoddi4.o)
                                  0x8 (size before relaxing)
                0x080070ac                        __exidx_end = .
                0x080070ac                        . = ALIGN (0x4)

.preinit_array  0x080070ac        0x0
                0x080070ac                        . = ALIGN (0x4)
                0x080070ac                        PROVIDE (__preinit_array_start = .)
 *(.preinit_array*)
                0x080070ac                        PROVIDE (__preinit_array_end = .)
                0x080070ac                        . = ALIGN (0x4)

.init_array     0x080070ac        0x4
                0x080070ac                        . = ALIGN (0x4)
                0x080070ac                        PROVIDE (__init_array_start = .)
 *(SORT_BY_NAME(.init_array.*))
 *(.init_array*)
 .init_array    0x080070ac        0x4 /opt/st/stm32cubeide_1.16.1/plugins/com.st.stm32cube.ide.mcu.externaltools.gnu-tools-for-stm32.12.3.rel1.linux64_1.0.200.202406132123/tools/bin/../lib/gcc/arm-none-eabi/12.3.1/thumb/v7e-m+fp/hard/crtbegin.o
                0x080070b0                        PROVIDE (__init_array_end = .)
                0x080070b0                        . = ALIGN (0x4)

.fini_array     0x080070b0        0x4
                0x080070b0                        . = ALIGN (0x4)
                [!provide]                        PROVIDE (__fini_array_start = .)
 *(SORT_BY_NAME(.fini_array.*))
 *(.fini_array*)
 .fini_array    0x080070b0        0x4 /opt/st/stm32cubeide_1.16.1/plugins/com.st.stm32cube.ide.mcu.externaltools.gnu-tools-for-stm32.12.3.rel1.linux64_1.0.200.202406132123/tools/bin/../lib/gcc/arm-none-eabi/12.3.1/thumb/v7e-m+fp/hard/crtbegin.o
                [!provide]                        PROVIDE (__fini_array_end = .)
                0x080070b4                        . = ALIGN (0x4)
                0x080070b4                        _sidata = LOADADDR (.data)

.rel.dyn        0x080070b4        0x0
 .rel.iplt      0x080070b4        0x0 /opt/st/stm32cubeide_1.16.1/plugins/com.st.stm32cube.ide.mcu.externaltools.gnu-tools-for-stm32.12.3.rel1.linux64_1.0.200.202406132123/tools/bin/../lib/gcc/arm-none-eabi/12.3.1/thumb/v7e-m+fp/hard/crtbegin.o

.data           0x20000000       0x20 load address 0x080070b4
                0x20000000                        . = ALIGN (0x4)
                0x20000000                        _sdata = .
 *(.data)
 *(.data*)
 .data.flag.3   0x20000000        0x4 ./Core/Src/led_effects.o
 .data.flag.2   0x20000004        0x4 ./Core/Src/led_effects.o
 .data.SystemCoreClock
                0x20000008        0x4 ./Core/Src/system_stm32f4xx.o
                0x20000008                SystemCoreClock
 .data.msg_inv  0x2000000c        0x4 ./Core/Src/task_handler.o
                0x2000000c                msg_inv
 .data.uwTickPrio
                0x20000010        0x4 ./Drivers/STM32F4xx_HAL_Driver/Src/stm32f4xx_hal.o
                0x20000010                uwTickPrio
 .data.uwTickFreq
                0x20000014        0x1 ./Drivers/STM32F4xx_HAL_Driver/Src/stm32f4xx_hal.o
                0x20000014                uwTickFreq
 *fill*         0x20000015        0x3 
 .data.uxTopUsedPriority
                0x20000018        0x4 ./ThirdParty/FreeRTOS/tasks.o
                0x20000018                uxTopUsedPriority
 .data.uxCriticalNesting
                0x2000001c        0x4 ./ThirdParty/FreeRTOS/portable/GCC/ARM_CM4F/port.o
 *(.RamFunc)
 *(.RamFunc*)
                0x20000020                        . = ALIGN (0x4)
                0x20000020                        _edata = .

.igot.plt       0x20000020        0x0 load address 0x080070d4
 .igot.plt      0x20000020        0x0 /opt/st/stm32cubeide_1.16.1/plugins/com.st.stm32cube.ide.mcu.externaltools.gnu-tools-for-stm32.12.3.rel1.linux64_1.0.200.202406132123/tools/bin/../lib/gcc/arm-none-eabi/12.3.1/thumb/v7e-m+fp/hard/crtbegin.o
                0x20000020                        . = ALIGN (0x4)

.bss            0x20000020    0x12eac load address 0x080070d4
                0x20000020                        _sbss = .
                0x20000020                        __bss_start__ = _sbss
 *(.bss)
 .bss           0x20000020       0x1c /opt/st/stm32cubeide_1.16.1/plugins/com.st.stm32cube.ide.mcu.externaltools.gnu-tools-for-stm32.12.3.rel1.linux64_1.0.200.202406132123/tools/bin/../lib/gcc/arm-none-eabi/12.3.1/thumb/v7e-m+fp/hard/crtbegin.o
 *(.bss*)
 .bss.i.1       0x2000003c        0x4 ./Core/Src/led_effects.o
 .bss.i.0       0x20000040        0x4 ./Core/Src/led_effects.o
 .bss.hrtc      0x20000044       0x20 ./Core/Src/main.o
                0x20000044                hrtc
 .bss.huart2    0x20000064       0x48 ./Core/Src/main.o
                0x20000064                huart2
 .bss.handle_menu_task
                0x200000ac        0x4 ./Core/Src/main.o
                0x200000ac                handle_menu_task
 .bss.handle_cmd_task
                0x200000b0        0x4 ./Core/Src/main.o
                0x200000b0                handle_cmd_task
 .bss.handle_print_task
                0x200000b4        0x4 ./Core/Src/main.o
                0x200000b4                handle_print_task
 .bss.handle_led_task
                0x200000b8        0x4 ./Core/Src/main.o
                0x200000b8                handle_led_task
 .bss.handle_rtc_task
                0x200000bc        0x4 ./Core/Src/main.o
                0x200000bc                handle_rtc_task
 .bss.q_data    0x200000c0        0x4 ./Core/Src/main.o
                0x200000c0                q_data
 .bss.q_print   0x200000c4        0x4 ./Core/Src/main.o
                0x200000c4                q_print
 .bss.cur_state
                0x200000c8        0x1 ./Core/Src/main.o
                0x200000c8                cur_state
 .bss.user_data
                0x200000c9        0x1 ./Core/Src/main.o
                0x200000c9                user_data
 *fill*         0x200000ca        0x2 
 .bss.handle_led_timer
                0x200000cc       0x10 ./Core/Src/main.o
                0x200000cc                handle_led_timer
 .bss.htim5     0x200000dc       0x48 ./Core/Src/stm32f4xx_hal_timebase_tim.o
                0x200000dc                htim5
 .bss.uwTick    0x20000124        0x4 ./Drivers/STM32F4xx_HAL_Driver/Src/stm32f4xx_hal.o
                0x20000124                uwTick
 .bss.xQueueRegistry
                0x20000128       0x40 ./ThirdParty/FreeRTOS/queue.o
                0x20000128                xQueueRegistry
 .bss.pxCurrentTCB
                0x20000168        0x4 ./ThirdParty/FreeRTOS/tasks.o
                0x20000168                pxCurrentTCB
 .bss.pxReadyTasksLists
                0x2000016c       0x64 ./ThirdParty/FreeRTOS/tasks.o
 .bss.xDelayedTaskList1
                0x200001d0       0x14 ./ThirdParty/FreeRTOS/tasks.o
 .bss.xDelayedTaskList2
                0x200001e4       0x14 ./ThirdParty/FreeRTOS/tasks.o
 .bss.pxDelayedTaskList
                0x200001f8        0x4 ./ThirdParty/FreeRTOS/tasks.o
 .bss.pxOverflowDelayedTaskList
                0x200001fc        0x4 ./ThirdParty/FreeRTOS/tasks.o
 .bss.xPendingReadyList
                0x20000200       0x14 ./ThirdParty/FreeRTOS/tasks.o
 .bss.xTasksWaitingTermination
                0x20000214       0x14 ./ThirdParty/FreeRTOS/tasks.o
 .bss.uxDeletedTasksWaitingCleanUp
                0x20000228        0x4 ./ThirdParty/FreeRTOS/tasks.o
 .bss.xSuspendedTaskList
                0x2000022c       0x14 ./ThirdParty/FreeRTOS/tasks.o
 .bss.uxCurrentNumberOfTasks
                0x20000240        0x4 ./ThirdParty/FreeRTOS/tasks.o
 .bss.xTickCount
                0x20000244        0x4 ./ThirdParty/FreeRTOS/tasks.o
 .bss.uxTopReadyPriority
                0x20000248        0x4 ./ThirdParty/FreeRTOS/tasks.o
 .bss.xSchedulerRunning
                0x2000024c        0x4 ./ThirdParty/FreeRTOS/tasks.o
 .bss.xPendedTicks
                0x20000250        0x4 ./ThirdParty/FreeRTOS/tasks.o
 .bss.xYieldPending
                0x20000254        0x4 ./ThirdParty/FreeRTOS/tasks.o
 .bss.xNumOfOverflows
                0x20000258        0x4 ./ThirdParty/FreeRTOS/tasks.o
 .bss.uxTaskNumber
                0x2000025c        0x4 ./ThirdParty/FreeRTOS/tasks.o
 .bss.xNextTaskUnblockTime
                0x20000260        0x4 ./ThirdParty/FreeRTOS/tasks.o
 .bss.xIdleTaskHandle
                0x20000264        0x4 ./ThirdParty/FreeRTOS/tasks.o
 .bss.uxSchedulerSuspended
                0x20000268        0x4 ./ThirdParty/FreeRTOS/tasks.o
 .bss.xActiveTimerList1
                0x2000026c       0x14 ./ThirdParty/FreeRTOS/timers.o
 .bss.xActiveTimerList2
                0x20000280       0x14 ./ThirdParty/FreeRTOS/timers.o
 .bss.pxCurrentTimerList
                0x20000294        0x4 ./ThirdParty/FreeRTOS/timers.o
 .bss.pxOverflowTimerList
                0x20000298        0x4 ./ThirdParty/FreeRTOS/timers.o
 .bss.xTimerQueue
                0x2000029c        0x4 ./ThirdParty/FreeRTOS/timers.o
 .bss.xTimerTaskHandle
                0x200002a0        0x4 ./ThirdParty/FreeRTOS/timers.o
 .bss.xLastTime.0
                0x200002a4        0x4 ./ThirdParty/FreeRTOS/timers.o
 .bss.ucMaxSysCallPriority
                0x200002a8        0x1 ./ThirdParty/FreeRTOS/portable/GCC/ARM_CM4F/port.o
 *fill*         0x200002a9        0x3 
 .bss.ulMaxPRIGROUPValue
                0x200002ac        0x4 ./ThirdParty/FreeRTOS/portable/GCC/ARM_CM4F/port.o
 .bss.ucHeap    0x200002b0    0x12c00 ./ThirdParty/FreeRTOS/portable/MemMang/heap_4.o
 .bss.xStart    0x20012eb0        0x8 ./ThirdParty/FreeRTOS/portable/MemMang/heap_4.o
 .bss.pxEnd     0x20012eb8        0x4 ./ThirdParty/FreeRTOS/portable/MemMang/heap_4.o
 .bss.xFreeBytesRemaining
                0x20012ebc        0x4 ./ThirdParty/FreeRTOS/portable/MemMang/heap_4.o
 .bss.xMinimumEverFreeBytesRemaining
                0x20012ec0        0x4 ./ThirdParty/FreeRTOS/portable/MemMang/heap_4.o
 .bss.xNumberOfSuccessfulAllocations
                0x20012ec4        0x4 ./ThirdParty/FreeRTOS/portable/MemMang/heap_4.o
 .bss.xNumberOfSuccessfulFrees
                0x20012ec8        0x4 ./ThirdParty/FreeRTOS/portable/MemMang/heap_4.o
 *(COMMON)
                0x20012ecc                        . = ALIGN (0x4)
                0x20012ecc                        _ebss = .
                0x20012ecc                        __bss_end__ = _ebss

._user_heap_stack
                0x20012ecc      0x604 load address 0x080070d4
                0x20012ed0                        . = ALIGN (0x8)
 *fill*         0x20012ecc        0x4 
                [!provide]                        PROVIDE (end = .)
                0x20012ed0                        PROVIDE (_end = .)
                0x200130d0                        . = (. + _Min_Heap_Size)
 *fill*         0x20012ed0      0x200 
                0x200134d0                        . = (. + _Min_Stack_Size)
 *fill*         0x200130d0      0x400 
                0x200134d0                        . = ALIGN (0x8)

/DISCARD/
 libc.a(*)
 libm.a(*)
 libgcc.a(*)

.ARM.attributes
                0x00000000       0x30
 *(.ARM.attributes)
 .ARM.attributes
                0x00000000       0x22 /opt/st/stm32cubeide_1.16.1/plugins/com.st.stm32cube.ide.mcu.externaltools.gnu-tools-for-stm32.12.3.rel1.linux64_1.0.200.202406132123/tools/bin/../lib/gcc/arm-none-eabi/12.3.1/thumb/v7e-m+fp/hard/crti.o
 .ARM.attributes
                0x00000022       0x34 /opt/st/stm32cubeide_1.16.1/plugins/com.st.stm32cube.ide.mcu.externaltools.gnu-tools-for-stm32.12.3.rel1.linux64_1.0.200.202406132123/tools/bin/../lib/gcc/arm-none-eabi/12.3.1/thumb/v7e-m+fp/hard/crtbegin.o
 .ARM.attributes
                0x00000056       0x34 ./Core/Src/led_effects.o
 .ARM.attributes
                0x0000008a       0x34 ./Core/Src/main.o
 .ARM.attributes
                0x000000be       0x34 ./Core/Src/stm32f4xx_hal_msp.o
 .ARM.attributes
                0x000000f2       0x34 ./Core/Src/stm32f4xx_hal_timebase_tim.o
 .ARM.attributes
                0x00000126       0x34 ./Core/Src/stm32f4xx_it.o
 .ARM.attributes
                0x0000015a       0x34 ./Core/Src/system_stm32f4xx.o
 .ARM.attributes
                0x0000018e       0x34 ./Core/Src/task_handler.o
 .ARM.attributes
                0x000001c2       0x21 ./Core/Startup/startup_stm32f411vetx.o
 .ARM.attributes
                0x000001e3       0x34 ./Drivers/STM32F4xx_HAL_Driver/Src/stm32f4xx_hal.o
 .ARM.attributes
                0x00000217       0x34 ./Drivers/STM32F4xx_HAL_Driver/Src/stm32f4xx_hal_cortex.o
 .ARM.attributes
                0x0000024b       0x34 ./Drivers/STM32F4xx_HAL_Driver/Src/stm32f4xx_hal_dma.o
 .ARM.attributes
                0x0000027f       0x34 ./Drivers/STM32F4xx_HAL_Driver/Src/stm32f4xx_hal_gpio.o
 .ARM.attributes
                0x000002b3       0x34 ./Drivers/STM32F4xx_HAL_Driver/Src/stm32f4xx_hal_rcc.o
 .ARM.attributes
                0x000002e7       0x34 ./Drivers/STM32F4xx_HAL_Driver/Src/stm32f4xx_hal_rcc_ex.o
 .ARM.attributes
                0x0000031b       0x34 ./Drivers/STM32F4xx_HAL_Driver/Src/stm32f4xx_hal_rtc.o
 .ARM.attributes
                0x0000034f       0x34 ./Drivers/STM32F4xx_HAL_Driver/Src/stm32f4xx_hal_tim.o
 .ARM.attributes
                0x00000383       0x34 ./Drivers/STM32F4xx_HAL_Driver/Src/stm32f4xx_hal_tim_ex.o
 .ARM.attributes
                0x000003b7       0x34 ./Drivers/STM32F4xx_HAL_Driver/Src/stm32f4xx_hal_uart.o
 .ARM.attributes
                0x000003eb       0x34 ./ThirdParty/FreeRTOS/list.o
 .ARM.attributes
                0x0000041f       0x34 ./ThirdParty/FreeRTOS/queue.o
 .ARM.attributes
                0x00000453       0x34 ./ThirdParty/FreeRTOS/tasks.o
 .ARM.attributes
                0x00000487       0x34 ./ThirdParty/FreeRTOS/timers.o
 .ARM.attributes
                0x000004bb       0x34 ./ThirdParty/FreeRTOS/portable/GCC/ARM_CM4F/port.o
 .ARM.attributes
                0x000004ef       0x34 ./ThirdParty/FreeRTOS/portable/MemMang/heap_4.o
 .ARM.attributes
                0x00000523       0x34 /opt/st/stm32cubeide_1.16.1/plugins/com.st.stm32cube.ide.mcu.externaltools.gnu-tools-for-stm32.12.3.rel1.linux64_1.0.200.202406132123/tools/bin/../lib/gcc/arm-none-eabi/12.3.1/../../../../arm-none-eabi/lib/thumb/v7e-m+fp/hard/libc_nano.a(libc_a-memset.o)
 .ARM.attributes
                0x00000557       0x34 /opt/st/stm32cubeide_1.16.1/plugins/com.st.stm32cube.ide.mcu.externaltools.gnu-tools-for-stm32.12.3.rel1.linux64_1.0.200.202406132123/tools/bin/../lib/gcc/arm-none-eabi/12.3.1/../../../../arm-none-eabi/lib/thumb/v7e-m+fp/hard/libc_nano.a(libc_a-init.o)
 .ARM.attributes
                0x0000058b       0x20 /opt/st/stm32cubeide_1.16.1/plugins/com.st.stm32cube.ide.mcu.externaltools.gnu-tools-for-stm32.12.3.rel1.linux64_1.0.200.202406132123/tools/bin/../lib/gcc/arm-none-eabi/12.3.1/../../../../arm-none-eabi/lib/thumb/v7e-m+fp/hard/libc_nano.a(libc_a-strcmp.o)
 .ARM.attributes
                0x000005ab       0x34 /opt/st/stm32cubeide_1.16.1/plugins/com.st.stm32cube.ide.mcu.externaltools.gnu-tools-for-stm32.12.3.rel1.linux64_1.0.200.202406132123/tools/bin/../lib/gcc/arm-none-eabi/12.3.1/../../../../arm-none-eabi/lib/thumb/v7e-m+fp/hard/libc_nano.a(libc_a-memcpy-stub.o)
 .ARM.attributes
                0x000005df       0x17 /opt/st/stm32cubeide_1.16.1/plugins/com.st.stm32cube.ide.mcu.externaltools.gnu-tools-for-stm32.12.3.rel1.linux64_1.0.200.202406132123/tools/bin/../lib/gcc/arm-none-eabi/12.3.1/../../../../arm-none-eabi/lib/thumb/v7e-m+fp/hard/libc_nano.a(libc_a-strlen.o)
 .ARM.attributes
                0x000005f6       0x22 /opt/st/stm32cubeide_1.16.1/plugins/com.st.stm32cube.ide.mcu.externaltools.gnu-tools-for-stm32.12.3.rel1.linux64_1.0.200.202406132123/tools/bin/../lib/gcc/arm-none-eabi/12.3.1/thumb/v7e-m+fp/hard/libgcc.a(_aeabi_uldivmod.o)
 .ARM.attributes
                0x00000618       0x34 /opt/st/stm32cubeide_1.16.1/plugins/com.st.stm32cube.ide.mcu.externaltools.gnu-tools-for-stm32.12.3.rel1.linux64_1.0.200.202406132123/tools/bin/../lib/gcc/arm-none-eabi/12.3.1/thumb/v7e-m+fp/hard/libgcc.a(_udivmoddi4.o)
 .ARM.attributes
                0x0000064c       0x22 /opt/st/stm32cubeide_1.16.1/plugins/com.st.stm32cube.ide.mcu.externaltools.gnu-tools-for-stm32.12.3.rel1.linux64_1.0.200.202406132123/tools/bin/../lib/gcc/arm-none-eabi/12.3.1/thumb/v7e-m+fp/hard/libgcc.a(_dvmd_tls.o)
 .ARM.attributes
                0x0000066e       0x22 /opt/st/stm32cubeide_1.16.1/plugins/com.st.stm32cube.ide.mcu.externaltools.gnu-tools-for-stm32.12.3.rel1.linux64_1.0.200.202406132123/tools/bin/../lib/gcc/arm-none-eabi/12.3.1/thumb/v7e-m+fp/hard/crtn.o
OUTPUT(008_queues_n_timers.elf elf32-littlearm)
LOAD linker stubs
LOAD /opt/st/stm32cubeide_1.16.1/plugins/com.st.stm32cube.ide.mcu.externaltools.gnu-tools-for-stm32.12.3.rel1.linux64_1.0.200.202406132123/tools/bin/../lib/gcc/arm-none-eabi/12.3.1/../../../../arm-none-eabi/lib/thumb/v7e-m+fp/hard/libc.a
LOAD /opt/st/stm32cubeide_1.16.1/plugins/com.st.stm32cube.ide.mcu.externaltools.gnu-tools-for-stm32.12.3.rel1.linux64_1.0.200.202406132123/tools/bin/../lib/gcc/arm-none-eabi/12.3.1/../../../../arm-none-eabi/lib/thumb/v7e-m+fp/hard/libm.a
LOAD /opt/st/stm32cubeide_1.16.1/plugins/com.st.stm32cube.ide.mcu.externaltools.gnu-tools-for-stm32.12.3.rel1.linux64_1.0.200.202406132123/tools/bin/../lib/gcc/arm-none-eabi/12.3.1/thumb/v7e-m+fp/hard/libgcc.a

.debug_info     0x00000000    0x1532e
 .debug_info    0x00000000      0x382 ./Core/Src/led_effects.o
 .debug_info    0x00000382     0x1895 ./Core/Src/main.o
 .debug_info    0x00001c17      0xfcf ./Core/Src/stm32f4xx_hal_msp.o
 .debug_info    0x00002be6      0xb83 ./Core/Src/stm32f4xx_hal_timebase_tim.o
 .debug_info    0x00003769      0x955 ./Core/Src/stm32f4xx_it.o
 .debug_info    0x000040be      0x53e ./Core/Src/system_stm32f4xx.o
 .debug_info    0x000045fc      0xa22 ./Core/Src/task_handler.o
 .debug_info    0x0000501e       0x30 ./Core/Startup/startup_stm32f411vetx.o
 .debug_info    0x0000504e      0x8c4 ./Drivers/STM32F4xx_HAL_Driver/Src/stm32f4xx_hal.o
 .debug_info    0x00005912      0xcfc ./Drivers/STM32F4xx_HAL_Driver/Src/stm32f4xx_hal_cortex.o
 .debug_info    0x0000660e      0x8e6 ./Drivers/STM32F4xx_HAL_Driver/Src/stm32f4xx_hal_dma.o
 .debug_info    0x00006ef4      0x6f9 ./Drivers/STM32F4xx_HAL_Driver/Src/stm32f4xx_hal_gpio.o
 .debug_info    0x000075ed      0x8f0 ./Drivers/STM32F4xx_HAL_Driver/Src/stm32f4xx_hal_rcc.o
 .debug_info    0x00007edd      0x5a1 ./Drivers/STM32F4xx_HAL_Driver/Src/stm32f4xx_hal_rcc_ex.o
 .debug_info    0x0000847e      0xc43 ./Drivers/STM32F4xx_HAL_Driver/Src/stm32f4xx_hal_rtc.o
 .debug_info    0x000090c1     0x2996 ./Drivers/STM32F4xx_HAL_Driver/Src/stm32f4xx_hal_tim.o
 .debug_info    0x0000ba57     0x14d4 ./Drivers/STM32F4xx_HAL_Driver/Src/stm32f4xx_hal_tim_ex.o
 .debug_info    0x0000cf2b     0x2f56 ./Drivers/STM32F4xx_HAL_Driver/Src/stm32f4xx_hal_uart.o
 .debug_info    0x0000fe81      0x2af ./ThirdParty/FreeRTOS/list.o
 .debug_info    0x00010130     0x184f ./ThirdParty/FreeRTOS/queue.o
 .debug_info    0x0001197f     0x20ea ./ThirdParty/FreeRTOS/tasks.o
 .debug_info    0x00013a69      0xe20 ./ThirdParty/FreeRTOS/timers.o
 .debug_info    0x00014889      0x582 ./ThirdParty/FreeRTOS/portable/GCC/ARM_CM4F/port.o
 .debug_info    0x00014e0b      0x523 ./ThirdParty/FreeRTOS/portable/MemMang/heap_4.o

.debug_abbrev   0x00000000     0x35c6
 .debug_abbrev  0x00000000      0x1ca ./Core/Src/led_effects.o
 .debug_abbrev  0x000001ca      0x380 ./Core/Src/main.o
 .debug_abbrev  0x0000054a      0x20d ./Core/Src/stm32f4xx_hal_msp.o
 .debug_abbrev  0x00000757      0x207 ./Core/Src/stm32f4xx_hal_timebase_tim.o
 .debug_abbrev  0x0000095e      0x19b ./Core/Src/stm32f4xx_it.o
 .debug_abbrev  0x00000af9      0x11a ./Core/Src/system_stm32f4xx.o
 .debug_abbrev  0x00000c13      0x263 ./Core/Src/task_handler.o
 .debug_abbrev  0x00000e76       0x24 ./Core/Startup/startup_stm32f411vetx.o
 .debug_abbrev  0x00000e9a      0x24b ./Drivers/STM32F4xx_HAL_Driver/Src/stm32f4xx_hal.o
 .debug_abbrev  0x000010e5      0x31d ./Drivers/STM32F4xx_HAL_Driver/Src/stm32f4xx_hal_cortex.o
 .debug_abbrev  0x00001402      0x221 ./Drivers/STM32F4xx_HAL_Driver/Src/stm32f4xx_hal_dma.o
 .debug_abbrev  0x00001623      0x1d3 ./Drivers/STM32F4xx_HAL_Driver/Src/stm32f4xx_hal_gpio.o
 .debug_abbrev  0x000017f6      0x2b6 ./Drivers/STM32F4xx_HAL_Driver/Src/stm32f4xx_hal_rcc.o
 .debug_abbrev  0x00001aac      0x1b2 ./Drivers/STM32F4xx_HAL_Driver/Src/stm32f4xx_hal_rcc_ex.o
 .debug_abbrev  0x00001c5e      0x1fb ./Drivers/STM32F4xx_HAL_Driver/Src/stm32f4xx_hal_rtc.o
 .debug_abbrev  0x00001e59      0x28b ./Drivers/STM32F4xx_HAL_Driver/Src/stm32f4xx_hal_tim.o
 .debug_abbrev  0x000020e4      0x296 ./Drivers/STM32F4xx_HAL_Driver/Src/stm32f4xx_hal_tim_ex.o
 .debug_abbrev  0x0000237a      0x31b ./Drivers/STM32F4xx_HAL_Driver/Src/stm32f4xx_hal_uart.o
 .debug_abbrev  0x00002695       0xf5 ./ThirdParty/FreeRTOS/list.o
 .debug_abbrev  0x0000278a      0x323 ./ThirdParty/FreeRTOS/queue.o
 .debug_abbrev  0x00002aad      0x39e ./ThirdParty/FreeRTOS/tasks.o
 .debug_abbrev  0x00002e4b      0x2cb ./ThirdParty/FreeRTOS/timers.o
 .debug_abbrev  0x00003116      0x25a ./ThirdParty/FreeRTOS/portable/GCC/ARM_CM4F/port.o
 .debug_abbrev  0x00003370      0x256 ./ThirdParty/FreeRTOS/portable/MemMang/heap_4.o

.debug_aranges  0x00000000     0x1388
 .debug_aranges
                0x00000000       0x70 ./Core/Src/led_effects.o
 .debug_aranges
                0x00000070       0x60 ./Core/Src/main.o
 .debug_aranges
                0x000000d0       0x40 ./Core/Src/stm32f4xx_hal_msp.o
 .debug_aranges
                0x00000110       0x30 ./Core/Src/stm32f4xx_hal_timebase_tim.o
 .debug_aranges
                0x00000140       0x58 ./Core/Src/stm32f4xx_it.o
 .debug_aranges
                0x00000198       0x28 ./Core/Src/system_stm32f4xx.o
 .debug_aranges
                0x000001c0       0x50 ./Core/Src/task_handler.o
 .debug_aranges
                0x00000210       0x28 ./Core/Startup/startup_stm32f411vetx.o
 .debug_aranges
                0x00000238       0xf0 ./Drivers/STM32F4xx_HAL_Driver/Src/stm32f4xx_hal.o
 .debug_aranges
                0x00000328      0x130 ./Drivers/STM32F4xx_HAL_Driver/Src/stm32f4xx_hal_cortex.o
 .debug_aranges
                0x00000458       0x90 ./Drivers/STM32F4xx_HAL_Driver/Src/stm32f4xx_hal_dma.o
 .debug_aranges
                0x000004e8       0x58 ./Drivers/STM32F4xx_HAL_Driver/Src/stm32f4xx_hal_gpio.o
 .debug_aranges
                0x00000540       0x88 ./Drivers/STM32F4xx_HAL_Driver/Src/stm32f4xx_hal_rcc.o
 .debug_aranges
                0x000005c8       0x50 ./Drivers/STM32F4xx_HAL_Driver/Src/stm32f4xx_hal_rcc_ex.o
 .debug_aranges
                0x00000618       0xe8 ./Drivers/STM32F4xx_HAL_Driver/Src/stm32f4xx_hal_rtc.o
 .debug_aranges
                0x00000700      0x3d0 ./Drivers/STM32F4xx_HAL_Driver/Src/stm32f4xx_hal_tim.o
 .debug_aranges
                0x00000ad0      0x168 ./Drivers/STM32F4xx_HAL_Driver/Src/stm32f4xx_hal_tim_ex.o
 .debug_aranges
                0x00000c38      0x208 ./Drivers/STM32F4xx_HAL_Driver/Src/stm32f4xx_hal_uart.o
 .debug_aranges
                0x00000e40       0x40 ./ThirdParty/FreeRTOS/list.o
 .debug_aranges
                0x00000e80      0x130 ./ThirdParty/FreeRTOS/queue.o
 .debug_aranges
                0x00000fb0      0x208 ./ThirdParty/FreeRTOS/tasks.o
 .debug_aranges
                0x000011b8       0xe8 ./ThirdParty/FreeRTOS/timers.o
 .debug_aranges
                0x000012a0       0x88 ./ThirdParty/FreeRTOS/portable/GCC/ARM_CM4F/port.o
 .debug_aranges
                0x00001328       0x60 ./ThirdParty/FreeRTOS/portable/MemMang/heap_4.o

.debug_rnglists
                0x00000000      0xf29
 .debug_rnglists
                0x00000000       0x4f ./Core/Src/led_effects.o
 .debug_rnglists
                0x0000004f       0x47 ./Core/Src/main.o
 .debug_rnglists
                0x00000096       0x2c ./Core/Src/stm32f4xx_hal_msp.o
 .debug_rnglists
                0x000000c2       0x20 ./Core/Src/stm32f4xx_hal_timebase_tim.o
 .debug_rnglists
                0x000000e2       0x3d ./Core/Src/stm32f4xx_it.o
 .debug_rnglists
                0x0000011f       0x1a ./Core/Src/system_stm32f4xx.o
 .debug_rnglists
                0x00000139       0x39 ./Core/Src/task_handler.o
 .debug_rnglists
                0x00000172       0x19 ./Core/Startup/startup_stm32f411vetx.o
 .debug_rnglists
                0x0000018b       0xaf ./Drivers/STM32F4xx_HAL_Driver/Src/stm32f4xx_hal.o
 .debug_rnglists
                0x0000023a       0xe0 ./Drivers/STM32F4xx_HAL_Driver/Src/stm32f4xx_hal_cortex.o
 .debug_rnglists
                0x0000031a       0x70 ./Drivers/STM32F4xx_HAL_Driver/Src/stm32f4xx_hal_dma.o
 .debug_rnglists
                0x0000038a       0x3f ./Drivers/STM32F4xx_HAL_Driver/Src/stm32f4xx_hal_gpio.o
 .debug_rnglists
                0x000003c9       0x66 ./Drivers/STM32F4xx_HAL_Driver/Src/stm32f4xx_hal_rcc.o
 .debug_rnglists
                0x0000042f       0x3c ./Drivers/STM32F4xx_HAL_Driver/Src/stm32f4xx_hal_rcc_ex.o
 .debug_rnglists
                0x0000046b       0xb4 ./Drivers/STM32F4xx_HAL_Driver/Src/stm32f4xx_hal_rtc.o
 .debug_rnglists
                0x0000051f      0x31a ./Drivers/STM32F4xx_HAL_Driver/Src/stm32f4xx_hal_tim.o
 .debug_rnglists
                0x00000839      0x125 ./Drivers/STM32F4xx_HAL_Driver/Src/stm32f4xx_hal_tim_ex.o
 .debug_rnglists
                0x0000095e      0x1bc ./Drivers/STM32F4xx_HAL_Driver/Src/stm32f4xx_hal_uart.o
 .debug_rnglists
                0x00000b1a       0x2b ./ThirdParty/FreeRTOS/list.o
 .debug_rnglists
                0x00000b45       0xec ./ThirdParty/FreeRTOS/queue.o
 .debug_rnglists
                0x00000c31      0x19f ./ThirdParty/FreeRTOS/tasks.o
 .debug_rnglists
                0x00000dd0       0xad ./ThirdParty/FreeRTOS/timers.o
 .debug_rnglists
                0x00000e7d       0x64 ./ThirdParty/FreeRTOS/portable/GCC/ARM_CM4F/port.o
 .debug_rnglists
                0x00000ee1       0x48 ./ThirdParty/FreeRTOS/portable/MemMang/heap_4.o

.debug_macro    0x00000000    0x194e8
 .debug_macro   0x00000000      0x365 ./Core/Src/led_effects.o
 .debug_macro   0x00000365      0xab4 ./Core/Src/led_effects.o
 .debug_macro   0x00000e19      0x2a1 ./Core/Src/led_effects.o
 .debug_macro   0x000010ba       0x2e ./Core/Src/led_effects.o
 .debug_macro   0x000010e8       0x28 ./Core/Src/led_effects.o
 .debug_macro   0x00001110       0x22 ./Core/Src/led_effects.o
 .debug_macro   0x00001132       0x8e ./Core/Src/led_effects.o
 .debug_macro   0x000011c0       0x51 ./Core/Src/led_effects.o
 .debug_macro   0x00001211      0x103 ./Core/Src/led_effects.o
 .debug_macro   0x00001314       0x6a ./Core/Src/led_effects.o
 .debug_macro   0x0000137e      0x1df ./Core/Src/led_effects.o
 .debug_macro   0x0000155d       0x1c ./Core/Src/led_effects.o
 .debug_macro   0x00001579       0x22 ./Core/Src/led_effects.o
 .debug_macro   0x0000159b       0xfb ./Core/Src/led_effects.o
 .debug_macro   0x00001696     0x1011 ./Core/Src/led_effects.o
 .debug_macro   0x000026a7      0x11f ./Core/Src/led_effects.o
 .debug_macro   0x000027c6     0xb953 ./Core/Src/led_effects.o
 .debug_macro   0x0000e119       0x6d ./Core/Src/led_effects.o
 .debug_macro   0x0000e186     0x369a ./Core/Src/led_effects.o
 .debug_macro   0x00011820      0x189 ./Core/Src/led_effects.o
 .debug_macro   0x000119a9       0x5c ./Core/Src/led_effects.o
 .debug_macro   0x00011a05      0x45c ./Core/Src/led_effects.o
 .debug_macro   0x00011e61      0x9e9 ./Core/Src/led_effects.o
 .debug_macro   0x0001284a      0x115 ./Core/Src/led_effects.o
 .debug_macro   0x0001295f      0x11b ./Core/Src/led_effects.o
 .debug_macro   0x00012a7a       0xa5 ./Core/Src/led_effects.o
 .debug_macro   0x00012b1f      0x15f ./Core/Src/led_effects.o
 .debug_macro   0x00012c7e      0x287 ./Core/Src/led_effects.o
 .debug_macro   0x00012f05       0x5f ./Core/Src/led_effects.o
 .debug_macro   0x00012f64      0x236 ./Core/Src/led_effects.o
 .debug_macro   0x0001319a      0x132 ./Core/Src/led_effects.o
 .debug_macro   0x000132cc      0x264 ./Core/Src/led_effects.o
 .debug_macro   0x00013530       0x2e ./Core/Src/led_effects.o
 .debug_macro   0x0001355e      0x127 ./Core/Src/led_effects.o
 .debug_macro   0x00013685       0x85 ./Core/Src/led_effects.o
 .debug_macro   0x0001370a       0x89 ./Core/Src/led_effects.o
 .debug_macro   0x00013793      0x305 ./Core/Src/led_effects.o
 .debug_macro   0x00013a98      0x429 ./Core/Src/led_effects.o
 .debug_macro   0x00013ec1       0xeb ./Core/Src/led_effects.o
 .debug_macro   0x00013fac      0x8ed ./Core/Src/led_effects.o
 .debug_macro   0x00014899       0x47 ./Core/Src/led_effects.o
 .debug_macro   0x000148e0      0x2aa ./Core/Src/led_effects.o
 .debug_macro   0x00014b8a      0x126 ./Core/Src/led_effects.o
 .debug_macro   0x00014cb0       0x61 ./Core/Src/led_effects.o
 .debug_macro   0x00014d11       0x2a ./Core/Src/led_effects.o
 .debug_macro   0x00014d3b       0x43 ./Core/Src/led_effects.o
 .debug_macro   0x00014d7e       0x34 ./Core/Src/led_effects.o
 .debug_macro   0x00014db2       0x16 ./Core/Src/led_effects.o
 .debug_macro   0x00014dc8       0x43 ./Core/Src/led_effects.o
 .debug_macro   0x00014e0b       0x34 ./Core/Src/led_effects.o
 .debug_macro   0x00014e3f       0x10 ./Core/Src/led_effects.o
 .debug_macro   0x00014e4f       0x58 ./Core/Src/led_effects.o
 .debug_macro   0x00014ea7       0x8e ./Core/Src/led_effects.o
 .debug_macro   0x00014f35       0x1c ./Core/Src/led_effects.o
 .debug_macro   0x00014f51      0x177 ./Core/Src/led_effects.o
 .debug_macro   0x000150c8      0x369 ./Core/Src/led_effects.o
 .debug_macro   0x00015431       0x10 ./Core/Src/led_effects.o
 .debug_macro   0x00015441       0x35 ./Core/Src/led_effects.o
 .debug_macro   0x00015476       0x20 ./Core/Src/led_effects.o
 .debug_macro   0x00015496      0x106 ./Core/Src/led_effects.o
 .debug_macro   0x0001559c      0x15a ./Core/Src/led_effects.o
 .debug_macro   0x000156f6       0xea ./Core/Src/led_effects.o
 .debug_macro   0x000157e0       0x28 ./Core/Src/led_effects.o
 .debug_macro   0x00015808       0x1f ./Core/Src/led_effects.o
 .debug_macro   0x00015827       0x12 ./Core/Src/led_effects.o
 .debug_macro   0x00015839      0x557 ./Core/Src/led_effects.o
 .debug_macro   0x00015d90       0xc3 ./Core/Src/led_effects.o
 .debug_macro   0x00015e53      0x120 ./Core/Src/led_effects.o
 .debug_macro   0x00015f73       0x80 ./Core/Src/led_effects.o
 .debug_macro   0x00015ff3       0x97 ./Core/Src/led_effects.o
 .debug_macro   0x0001608a      0x1c1 ./Core/Src/led_effects.o
 .debug_macro   0x0001624b      0x381 ./Core/Src/main.o
 .debug_macro   0x000165cc       0x1c ./Core/Src/main.o
 .debug_macro   0x000165e8       0x10 ./Core/Src/main.o
 .debug_macro   0x000165f8       0x1c ./Core/Src/main.o
 .debug_macro   0x00016614       0x16 ./Core/Src/main.o
 .debug_macro   0x0001662a      0x146 ./Core/Src/main.o
 .debug_macro   0x00016770      0x34d ./Core/Src/stm32f4xx_hal_msp.o
 .debug_macro   0x00016abd      0x1e7 ./Core/Src/stm32f4xx_hal_timebase_tim.o
 .debug_macro   0x00016ca4      0x357 ./Core/Src/stm32f4xx_it.o
 .debug_macro   0x00016ffb      0x1e7 ./Core/Src/system_stm32f4xx.o
 .debug_macro   0x000171e2      0x34d ./Core/Src/task_handler.o
 .debug_macro   0x0001752f      0x247 ./Drivers/STM32F4xx_HAL_Driver/Src/stm32f4xx_hal.o
 .debug_macro   0x00017776      0x1e7 ./Drivers/STM32F4xx_HAL_Driver/Src/stm32f4xx_hal_cortex.o
 .debug_macro   0x0001795d      0x1ed ./Drivers/STM32F4xx_HAL_Driver/Src/stm32f4xx_hal_dma.o
 .debug_macro   0x00017b4a      0x1ed ./Drivers/STM32F4xx_HAL_Driver/Src/stm32f4xx_hal_gpio.o
 .debug_macro   0x00017d37      0x20b ./Drivers/STM32F4xx_HAL_Driver/Src/stm32f4xx_hal_rcc.o
 .debug_macro   0x00017f42      0x1e7 ./Drivers/STM32F4xx_HAL_Driver/Src/stm32f4xx_hal_rcc_ex.o
 .debug_macro   0x00018129      0x1e8 ./Drivers/STM32F4xx_HAL_Driver/Src/stm32f4xx_hal_rtc.o
 .debug_macro   0x00018311      0x1e8 ./Drivers/STM32F4xx_HAL_Driver/Src/stm32f4xx_hal_tim.o
 .debug_macro   0x000184f9      0x1e7 ./Drivers/STM32F4xx_HAL_Driver/Src/stm32f4xx_hal_tim_ex.o
 .debug_macro   0x000186e0      0x1e8 ./Drivers/STM32F4xx_HAL_Driver/Src/stm32f4xx_hal_uart.o
 .debug_macro   0x000188c8      0x198 ./ThirdParty/FreeRTOS/list.o
 .debug_macro   0x00018a60      0x22f ./ThirdParty/FreeRTOS/queue.o
 .debug_macro   0x00018c8f       0x16 ./ThirdParty/FreeRTOS/queue.o
 .debug_macro   0x00018ca5      0x285 ./ThirdParty/FreeRTOS/tasks.o
 .debug_macro   0x00018f2a       0x17 ./ThirdParty/FreeRTOS/tasks.o
 .debug_macro   0x00018f41      0x1e7 ./ThirdParty/FreeRTOS/timers.o
 .debug_macro   0x00019128      0x1a7 ./ThirdParty/FreeRTOS/portable/GCC/ARM_CM4F/port.o
 .debug_macro   0x000192cf      0x219 ./ThirdParty/FreeRTOS/portable/MemMang/heap_4.o

.debug_line     0x00000000    0x17848
 .debug_line    0x00000000      0xbef ./Core/Src/led_effects.o
 .debug_line    0x00000bef      0xde4 ./Core/Src/main.o
 .debug_line    0x000019d3      0xb14 ./Core/Src/stm32f4xx_hal_msp.o
 .debug_line    0x000024e7      0x740 ./Core/Src/stm32f4xx_hal_timebase_tim.o
 .debug_line    0x00002c27      0xb2b ./Core/Src/stm32f4xx_it.o
 .debug_line    0x00003752      0x749 ./Core/Src/system_stm32f4xx.o
 .debug_line    0x00003e9b      0xbf4 ./Core/Src/task_handler.o
 .debug_line    0x00004a8f       0x7a ./Core/Startup/startup_stm32f411vetx.o
 .debug_line    0x00004b09      0x9b2 ./Drivers/STM32F4xx_HAL_Driver/Src/stm32f4xx_hal.o
 .debug_line    0x000054bb      0xca4 ./Drivers/STM32F4xx_HAL_Driver/Src/stm32f4xx_hal_cortex.o
 .debug_line    0x0000615f      0xf22 ./Drivers/STM32F4xx_HAL_Driver/Src/stm32f4xx_hal_dma.o
 .debug_line    0x00007081      0xb02 ./Drivers/STM32F4xx_HAL_Driver/Src/stm32f4xx_hal_gpio.o
 .debug_line    0x00007b83      0xd3d ./Drivers/STM32F4xx_HAL_Driver/Src/stm32f4xx_hal_rcc.o
 .debug_line    0x000088c0      0xa0e ./Drivers/STM32F4xx_HAL_Driver/Src/stm32f4xx_hal_rcc_ex.o
 .debug_line    0x000092ce     0x1096 ./Drivers/STM32F4xx_HAL_Driver/Src/stm32f4xx_hal_rtc.o
 .debug_line    0x0000a364     0x3530 ./Drivers/STM32F4xx_HAL_Driver/Src/stm32f4xx_hal_tim.o
 .debug_line    0x0000d894     0x1943 ./Drivers/STM32F4xx_HAL_Driver/Src/stm32f4xx_hal_tim_ex.o
 .debug_line    0x0000f1d7     0x2884 ./Drivers/STM32F4xx_HAL_Driver/Src/stm32f4xx_hal_uart.o
 .debug_line    0x00011a5b      0x7f6 ./ThirdParty/FreeRTOS/list.o
 .debug_line    0x00012251     0x1702 ./ThirdParty/FreeRTOS/queue.o
 .debug_line    0x00013953     0x1dc9 ./ThirdParty/FreeRTOS/tasks.o
 .debug_line    0x0001571c      0xd3d ./ThirdParty/FreeRTOS/timers.o
 .debug_line    0x00016459      0x978 ./ThirdParty/FreeRTOS/portable/GCC/ARM_CM4F/port.o
 .debug_line    0x00016dd1      0xa77 ./ThirdParty/FreeRTOS/portable/MemMang/heap_4.o

.debug_str      0x00000000    0x9dcc2
 .debug_str     0x00000000    0x95dd5 ./Core/Src/led_effects.o
                              0x96096 (size before relaxing)
 .debug_str     0x00095dd5     0x1437 ./Core/Src/main.o
                              0x9754e (size before relaxing)
 .debug_str     0x0009720c      0x515 ./Core/Src/stm32f4xx_hal_msp.o
                              0x96bf3 (size before relaxing)
 .debug_str     0x00097721      0x107 ./Core/Src/stm32f4xx_hal_timebase_tim.o
                              0x8d2a0 (size before relaxing)
 .debug_str     0x00097828       0xdb ./Core/Src/stm32f4xx_it.o
                              0x966de (size before relaxing)
 .debug_str     0x00097903       0xdb ./Core/Src/system_stm32f4xx.o
                              0x8c901 (size before relaxing)
 .debug_str     0x000979de      0x10d ./Core/Src/task_handler.o
                              0x9661d (size before relaxing)
 .debug_str     0x00097aeb       0x44 ./Core/Startup/startup_stm32f411vetx.o
                                 0xbf (size before relaxing)
 .debug_str     0x00097b2f      0x5d3 ./Drivers/STM32F4xx_HAL_Driver/Src/stm32f4xx_hal.o
                              0x8d32d (size before relaxing)
 .debug_str     0x00098102      0x366 ./Drivers/STM32F4xx_HAL_Driver/Src/stm32f4xx_hal_cortex.o
                              0x8d097 (size before relaxing)
 .debug_str     0x00098468      0x323 ./Drivers/STM32F4xx_HAL_Driver/Src/stm32f4xx_hal_dma.o
                              0x8cd09 (size before relaxing)
 .debug_str     0x0009878b      0x121 ./Drivers/STM32F4xx_HAL_Driver/Src/stm32f4xx_hal_gpio.o
                              0x8ca7c (size before relaxing)
 .debug_str     0x000988ac      0x1fd ./Drivers/STM32F4xx_HAL_Driver/Src/stm32f4xx_hal_rcc.o
                              0x8cd35 (size before relaxing)
 .debug_str     0x00098aa9      0x111 ./Drivers/STM32F4xx_HAL_Driver/Src/stm32f4xx_hal_rcc_ex.o
                              0x8ca89 (size before relaxing)
 .debug_str     0x00098bba      0x337 ./Drivers/STM32F4xx_HAL_Driver/Src/stm32f4xx_hal_rtc.o
                              0x8cd5e (size before relaxing)
 .debug_str     0x00098ef1      0xe4c ./Drivers/STM32F4xx_HAL_Driver/Src/stm32f4xx_hal_tim.o
                              0x8dc79 (size before relaxing)
 .debug_str     0x00099d3d      0x503 ./Drivers/STM32F4xx_HAL_Driver/Src/stm32f4xx_hal_tim_ex.o
                              0x8d485 (size before relaxing)
 .debug_str     0x0009a240      0x5c0 ./Drivers/STM32F4xx_HAL_Driver/Src/stm32f4xx_hal_uart.o
                              0x8d304 (size before relaxing)
 .debug_str     0x0009a800      0x265 ./ThirdParty/FreeRTOS/list.o
                               0xb2a4 (size before relaxing)
 .debug_str     0x0009aa65      0xc0c ./ThirdParty/FreeRTOS/queue.o
                               0xd9a3 (size before relaxing)
 .debug_str     0x0009b671     0x13a4 ./ThirdParty/FreeRTOS/tasks.o
                               0xe4ea (size before relaxing)
 .debug_str     0x0009ca15      0x500 ./ThirdParty/FreeRTOS/timers.o
                               0xdb23 (size before relaxing)
 .debug_str     0x0009cf15      0x7d6 ./ThirdParty/FreeRTOS/portable/GCC/ARM_CM4F/port.o
                               0x9aff (size before relaxing)
 .debug_str     0x0009d6eb      0x5d7 ./ThirdParty/FreeRTOS/portable/MemMang/heap_4.o
                               0xcace (size before relaxing)

.comment        0x00000000       0x43
 .comment       0x00000000       0x43 ./Core/Src/led_effects.o
                                 0x44 (size before relaxing)
 .comment       0x00000043       0x44 ./Core/Src/main.o
 .comment       0x00000043       0x44 ./Core/Src/stm32f4xx_hal_msp.o
 .comment       0x00000043       0x44 ./Core/Src/stm32f4xx_hal_timebase_tim.o
 .comment       0x00000043       0x44 ./Core/Src/stm32f4xx_it.o
 .comment       0x00000043       0x44 ./Core/Src/system_stm32f4xx.o
 .comment       0x00000043       0x44 ./Core/Src/task_handler.o
 .comment       0x00000043       0x44 ./Drivers/STM32F4xx_HAL_Driver/Src/stm32f4xx_hal.o
 .comment       0x00000043       0x44 ./Drivers/STM32F4xx_HAL_Driver/Src/stm32f4xx_hal_cortex.o
 .comment       0x00000043       0x44 ./Drivers/STM32F4xx_HAL_Driver/Src/stm32f4xx_hal_dma.o
 .comment       0x00000043       0x44 ./Drivers/STM32F4xx_HAL_Driver/Src/stm32f4xx_hal_gpio.o
 .comment       0x00000043       0x44 ./Drivers/STM32F4xx_HAL_Driver/Src/stm32f4xx_hal_rcc.o
 .comment       0x00000043       0x44 ./Drivers/STM32F4xx_HAL_Driver/Src/stm32f4xx_hal_rcc_ex.o
 .comment       0x00000043       0x44 ./Drivers/STM32F4xx_HAL_Driver/Src/stm32f4xx_hal_rtc.o
 .comment       0x00000043       0x44 ./Drivers/STM32F4xx_HAL_Driver/Src/stm32f4xx_hal_tim.o
 .comment       0x00000043       0x44 ./Drivers/STM32F4xx_HAL_Driver/Src/stm32f4xx_hal_tim_ex.o
 .comment       0x00000043       0x44 ./Drivers/STM32F4xx_HAL_Driver/Src/stm32f4xx_hal_uart.o
 .comment       0x00000043       0x44 ./ThirdParty/FreeRTOS/list.o
 .comment       0x00000043       0x44 ./ThirdParty/FreeRTOS/queue.o
 .comment       0x00000043       0x44 ./ThirdParty/FreeRTOS/tasks.o
 .comment       0x00000043       0x44 ./ThirdParty/FreeRTOS/timers.o
 .comment       0x00000043       0x44 ./ThirdParty/FreeRTOS/portable/GCC/ARM_CM4F/port.o
 .comment       0x00000043       0x44 ./ThirdParty/FreeRTOS/portable/MemMang/heap_4.o

.debug_frame    0x00000000     0x5124
 .debug_frame   0x00000000      0x160 ./Core/Src/led_effects.o
 .debug_frame   0x00000160      0x138 ./Core/Src/main.o
 .debug_frame   0x00000298       0xc8 ./Core/Src/stm32f4xx_hal_msp.o
 .debug_frame   0x00000360       0x74 ./Core/Src/stm32f4xx_hal_timebase_tim.o
 .debug_frame   0x000003d4       0xe0 ./Core/Src/stm32f4xx_it.o
 .debug_frame   0x000004b4       0x58 ./Core/Src/system_stm32f4xx.o
 .debug_frame   0x0000050c       0xf4 ./Core/Src/task_handler.o
 .debug_frame   0x00000600      0x374 ./Drivers/STM32F4xx_HAL_Driver/Src/stm32f4xx_hal.o
 .debug_frame   0x00000974      0x508 ./Drivers/STM32F4xx_HAL_Driver/Src/stm32f4xx_hal_cortex.o
 .debug_frame   0x00000e7c      0x250 ./Drivers/STM32F4xx_HAL_Driver/Src/stm32f4xx_hal_dma.o
 .debug_frame   0x000010cc      0x14c ./Drivers/STM32F4xx_HAL_Driver/Src/stm32f4xx_hal_gpio.o
 .debug_frame   0x00001218      0x1f4 ./Drivers/STM32F4xx_HAL_Driver/Src/stm32f4xx_hal_rcc.o
 .debug_frame   0x0000140c      0x118 ./Drivers/STM32F4xx_HAL_Driver/Src/stm32f4xx_hal_rcc_ex.o
 .debug_frame   0x00001524      0x3f4 ./Drivers/STM32F4xx_HAL_Driver/Src/stm32f4xx_hal_rtc.o
 .debug_frame   0x00001918     0x11b8 ./Drivers/STM32F4xx_HAL_Driver/Src/stm32f4xx_hal_tim.o
 .debug_frame   0x00002ad0      0x638 ./Drivers/STM32F4xx_HAL_Driver/Src/stm32f4xx_hal_tim_ex.o
 .debug_frame   0x00003108      0x954 ./Drivers/STM32F4xx_HAL_Driver/Src/stm32f4xx_hal_uart.o
 .debug_frame   0x00003a5c       0xd8 ./ThirdParty/FreeRTOS/list.o
 .debug_frame   0x00003b34      0x530 ./ThirdParty/FreeRTOS/queue.o
 .debug_frame   0x00004064      0x8e4 ./ThirdParty/FreeRTOS/tasks.o
 .debug_frame   0x00004948      0x3c8 ./ThirdParty/FreeRTOS/timers.o
 .debug_frame   0x00004d10      0x1d0 ./ThirdParty/FreeRTOS/portable/GCC/ARM_CM4F/port.o
 .debug_frame   0x00004ee0      0x150 ./ThirdParty/FreeRTOS/portable/MemMang/heap_4.o
 .debug_frame   0x00005030       0x20 /opt/st/stm32cubeide_1.16.1/plugins/com.st.stm32cube.ide.mcu.externaltools.gnu-tools-for-stm32.12.3.rel1.linux64_1.0.200.202406132123/tools/bin/../lib/gcc/arm-none-eabi/12.3.1/../../../../arm-none-eabi/lib/thumb/v7e-m+fp/hard/libc_nano.a(libc_a-memset.o)
 .debug_frame   0x00005050       0x2c /opt/st/stm32cubeide_1.16.1/plugins/com.st.stm32cube.ide.mcu.externaltools.gnu-tools-for-stm32.12.3.rel1.linux64_1.0.200.202406132123/tools/bin/../lib/gcc/arm-none-eabi/12.3.1/../../../../arm-none-eabi/lib/thumb/v7e-m+fp/hard/libc_nano.a(libc_a-init.o)
 .debug_frame   0x0000507c       0x20 /opt/st/stm32cubeide_1.16.1/plugins/com.st.stm32cube.ide.mcu.externaltools.gnu-tools-for-stm32.12.3.rel1.linux64_1.0.200.202406132123/tools/bin/../lib/gcc/arm-none-eabi/12.3.1/../../../../arm-none-eabi/lib/thumb/v7e-m+fp/hard/libc_nano.a(libc_a-strcmp.o)
 .debug_frame   0x0000509c       0x28 /opt/st/stm32cubeide_1.16.1/plugins/com.st.stm32cube.ide.mcu.externaltools.gnu-tools-for-stm32.12.3.rel1.linux64_1.0.200.202406132123/tools/bin/../lib/gcc/arm-none-eabi/12.3.1/../../../../arm-none-eabi/lib/thumb/v7e-m+fp/hard/libc_nano.a(libc_a-memcpy-stub.o)
 .debug_frame   0x000050c4       0x2c /opt/st/stm32cubeide_1.16.1/plugins/com.st.stm32cube.ide.mcu.externaltools.gnu-tools-for-stm32.12.3.rel1.linux64_1.0.200.202406132123/tools/bin/../lib/gcc/arm-none-eabi/12.3.1/thumb/v7e-m+fp/hard/libgcc.a(_aeabi_uldivmod.o)
 .debug_frame   0x000050f0       0x34 /opt/st/stm32cubeide_1.16.1/plugins/com.st.stm32cube.ide.mcu.externaltools.gnu-tools-for-stm32.12.3.rel1.linux64_1.0.200.202406132123/tools/bin/../lib/gcc/arm-none-eabi/12.3.1/thumb/v7e-m+fp/hard/libgcc.a(_udivmoddi4.o)

.debug_line_str
                0x00000000       0xa3
 .debug_line_str
                0x00000000       0xa3 ./Core/Startup/startup_stm32f411vetx.o
