09:16:04 **** Incremental Build of configuration Debug for project 008_queues_n_timers ****
make -j16 all 
arm-none-eabi-size  008_queues_n_timers.elf 
   text	   data	    bss	    dec	    hex	filename
  28844	     32	  79024	 107900	  1a57c	008_queues_n_timers.elf
Finished building: default.size.stdout
 
09:16:09 **** Incremental Build of configuration Debug for project 008_queues_n_timers ****
make -j16 all 
arm-none-eabi-size  008_queues_n_timers.elf 
   text	   data	    bss	    dec	    hex	filename
  28844	     32	  79024	 107900	  1a57c	008_queues_n_timers.elf
Finished building: default.size.stdout
 
09:16:32 **** Incremental Build of configuration Debug for project 008_queues_n_timers ****
make -j16 all 
arm-none-eabi-size  008_queues_n_timers.elf 
   text	   data	    bss	    dec	    hex	filename
  28844	     32	  79024	 107900	  1a57c	008_queues_n_timers.elf
Finished building: default.size.stdout
 
