Archive member included to satisfy reference by file (symbol)

/opt/st/stm32cubeide_1.16.1/plugins/com.st.stm32cube.ide.mcu.externaltools.gnu-tools-for-stm32.12.3.rel1.linux64_1.0.200.202406132123/tools/bin/../lib/gcc/arm-none-eabi/12.3.1/../../../../arm-none-eabi/lib/thumb/v7e-m+fp/hard/libc_nano.a(libc_a-exit.o)
                              /opt/st/stm32cubeide_1.16.1/plugins/com.st.stm32cube.ide.mcu.externaltools.gnu-tools-for-stm32.12.3.rel1.linux64_1.0.200.202406132123/tools/bin/../lib/gcc/arm-none-eabi/12.3.1/../../../../arm-none-eabi/lib/thumb/v7e-m+fp/hard/crt0.o (exit)
/opt/st/stm32cubeide_1.16.1/plugins/com.st.stm32cube.ide.mcu.externaltools.gnu-tools-for-stm32.12.3.rel1.linux64_1.0.200.202406132123/tools/bin/../lib/gcc/arm-none-eabi/12.3.1/../../../../arm-none-eabi/lib/thumb/v7e-m+fp/hard/libc_nano.a(libc_a-findfp.o)
                              /opt/st/stm32cubeide_1.16.1/plugins/com.st.stm32cube.ide.mcu.externaltools.gnu-tools-for-stm32.12.3.rel1.linux64_1.0.200.202406132123/tools/bin/../lib/gcc/arm-none-eabi/12.3.1/../../../../arm-none-eabi/lib/thumb/v7e-m+fp/hard/libc_nano.a(libc_a-exit.o) (__stdio_exit_handler)
/opt/st/stm32cubeide_1.16.1/plugins/com.st.stm32cube.ide.mcu.externaltools.gnu-tools-for-stm32.12.3.rel1.linux64_1.0.200.202406132123/tools/bin/../lib/gcc/arm-none-eabi/12.3.1/../../../../arm-none-eabi/lib/thumb/v7e-m+fp/hard/libc_nano.a(libc_a-fwalk.o)
                              /opt/st/stm32cubeide_1.16.1/plugins/com.st.stm32cube.ide.mcu.externaltools.gnu-tools-for-stm32.12.3.rel1.linux64_1.0.200.202406132123/tools/bin/../lib/gcc/arm-none-eabi/12.3.1/../../../../arm-none-eabi/lib/thumb/v7e-m+fp/hard/libc_nano.a(libc_a-findfp.o) (_fwalk_sglue)
/opt/st/stm32cubeide_1.16.1/plugins/com.st.stm32cube.ide.mcu.externaltools.gnu-tools-for-stm32.12.3.rel1.linux64_1.0.200.202406132123/tools/bin/../lib/gcc/arm-none-eabi/12.3.1/../../../../arm-none-eabi/lib/thumb/v7e-m+fp/hard/libc_nano.a(libc_a-printf.o)
                              ./Core/Src/main.o (printf)
/opt/st/stm32cubeide_1.16.1/plugins/com.st.stm32cube.ide.mcu.externaltools.gnu-tools-for-stm32.12.3.rel1.linux64_1.0.200.202406132123/tools/bin/../lib/gcc/arm-none-eabi/12.3.1/../../../../arm-none-eabi/lib/thumb/v7e-m+fp/hard/libc_nano.a(libc_a-stdio.o)
                              /opt/st/stm32cubeide_1.16.1/plugins/com.st.stm32cube.ide.mcu.externaltools.gnu-tools-for-stm32.12.3.rel1.linux64_1.0.200.202406132123/tools/bin/../lib/gcc/arm-none-eabi/12.3.1/../../../../arm-none-eabi/lib/thumb/v7e-m+fp/hard/libc_nano.a(libc_a-findfp.o) (__sread)
/opt/st/stm32cubeide_1.16.1/plugins/com.st.stm32cube.ide.mcu.externaltools.gnu-tools-for-stm32.12.3.rel1.linux64_1.0.200.202406132123/tools/bin/../lib/gcc/arm-none-eabi/12.3.1/../../../../arm-none-eabi/lib/thumb/v7e-m+fp/hard/libc_nano.a(libc_a-memset.o)
                              /opt/st/stm32cubeide_1.16.1/plugins/com.st.stm32cube.ide.mcu.externaltools.gnu-tools-for-stm32.12.3.rel1.linux64_1.0.200.202406132123/tools/bin/../lib/gcc/arm-none-eabi/12.3.1/../../../../arm-none-eabi/lib/thumb/v7e-m+fp/hard/crt0.o (memset)
/opt/st/stm32cubeide_1.16.1/plugins/com.st.stm32cube.ide.mcu.externaltools.gnu-tools-for-stm32.12.3.rel1.linux64_1.0.200.202406132123/tools/bin/../lib/gcc/arm-none-eabi/12.3.1/../../../../arm-none-eabi/lib/thumb/v7e-m+fp/hard/libc_nano.a(libc_a-closer.o)
                              /opt/st/stm32cubeide_1.16.1/plugins/com.st.stm32cube.ide.mcu.externaltools.gnu-tools-for-stm32.12.3.rel1.linux64_1.0.200.202406132123/tools/bin/../lib/gcc/arm-none-eabi/12.3.1/../../../../arm-none-eabi/lib/thumb/v7e-m+fp/hard/libc_nano.a(libc_a-stdio.o) (_close_r)
/opt/st/stm32cubeide_1.16.1/plugins/com.st.stm32cube.ide.mcu.externaltools.gnu-tools-for-stm32.12.3.rel1.linux64_1.0.200.202406132123/tools/bin/../lib/gcc/arm-none-eabi/12.3.1/../../../../arm-none-eabi/lib/thumb/v7e-m+fp/hard/libc_nano.a(libc_a-reent.o)
                              /opt/st/stm32cubeide_1.16.1/plugins/com.st.stm32cube.ide.mcu.externaltools.gnu-tools-for-stm32.12.3.rel1.linux64_1.0.200.202406132123/tools/bin/../lib/gcc/arm-none-eabi/12.3.1/../../../../arm-none-eabi/lib/thumb/v7e-m+fp/hard/libc_nano.a(libc_a-closer.o) (errno)
/opt/st/stm32cubeide_1.16.1/plugins/com.st.stm32cube.ide.mcu.externaltools.gnu-tools-for-stm32.12.3.rel1.linux64_1.0.200.202406132123/tools/bin/../lib/gcc/arm-none-eabi/12.3.1/../../../../arm-none-eabi/lib/thumb/v7e-m+fp/hard/libc_nano.a(libc_a-impure.o)
                              /opt/st/stm32cubeide_1.16.1/plugins/com.st.stm32cube.ide.mcu.externaltools.gnu-tools-for-stm32.12.3.rel1.linux64_1.0.200.202406132123/tools/bin/../lib/gcc/arm-none-eabi/12.3.1/../../../../arm-none-eabi/lib/thumb/v7e-m+fp/hard/libc_nano.a(libc_a-printf.o) (_impure_ptr)
/opt/st/stm32cubeide_1.16.1/plugins/com.st.stm32cube.ide.mcu.externaltools.gnu-tools-for-stm32.12.3.rel1.linux64_1.0.200.202406132123/tools/bin/../lib/gcc/arm-none-eabi/12.3.1/../../../../arm-none-eabi/lib/thumb/v7e-m+fp/hard/libc_nano.a(libc_a-lseekr.o)
[...]
Memory Configuration

Name             Origin             Length             Attributes
RAM              0x20000000         0x00020000         xrw
FLASH            0x08000000         0x00080000         xr
*default*        0x00000000         0xffffffff

Linker script and memory map

LOAD /opt/st/stm32cubeide_1.16.1/plugins/com.st.stm32cube.ide.mcu.externaltools.gnu-tools-for-stm32.12.3.rel1.linux64_1.0.200.202406132123/tools/bin/../lib/gcc/arm-none-eabi/12.3.1/thumb/v7e-m+fp/hard/crti.o
LOAD /opt/st/stm32cubeide_1.16.1/plugins/com.st.stm32cube.ide.mcu.externaltools.gnu-tools-for-stm32.12.3.rel1.linux64_1.0.200.202406132123/tools/bin/../lib/gcc/arm-none-eabi/12.3.1/thumb/v7e-m+fp/hard/crtbegin.o
LOAD /opt/st/stm32cubeide_1.16.1/plugins/com.st.stm32cube.ide.mcu.externaltools.gnu-tools-for-stm32.12.3.rel1.linux64_1.0.200.202406132123/tools/bin/../lib/gcc/arm-none-eabi/12.3.1/../../../../arm-none-eabi/lib/thumb/v7e-m+fp/hard/crt0.o
LOAD ./Core/Src/main.o
LOAD ./Core/Src/stm32f4xx_hal_msp.o
LOAD ./Core/Src/stm32f4xx_hal_timebase_tim.o
LOAD ./Core/Src/stm32f4xx_it.o
LOAD ./Core/Src/syscalls.o
LOAD ./Core/Src/sysmem.o
LOAD ./Core/Src/system_stm32f4xx.o
LOAD ./Core/Startup/startup_stm32f411vetx.o
LOAD ./Drivers/STM32F4xx_HAL_Driver/Src/stm32f4xx_hal.o
LOAD ./Drivers/STM32F4xx_HAL_Driver/Src/stm32f4xx_hal_cortex.o
LOAD ./Drivers/STM32F4xx_HAL_Driver/Src/stm32f4xx_hal_dma.o
LOAD ./Drivers/STM32F4xx_HAL_Driver/Src/stm32f4xx_hal_dma_ex.o
LOAD ./Drivers/STM32F4xx_HAL_Driver/Src/stm32f4xx_hal_exti.o
LOAD ./Drivers/STM32F4xx_HAL_Driver/Src/stm32f4xx_hal_flash.o
LOAD ./Drivers/STM32F4xx_HAL_Driver/Src/stm32f4xx_hal_flash_ex.o
LOAD ./Drivers/STM32F4xx_HAL_Driver/Src/stm32f4xx_hal_flash_ramfunc.o
LOAD ./Drivers/STM32F4xx_HAL_Driver/Src/stm32f4xx_hal_gpio.o
LOAD ./Drivers/STM32F4xx_HAL_Driver/Src/stm32f4xx_hal_pwr.o
LOAD ./Drivers/STM32F4xx_HAL_Driver/Src/stm32f4xx_hal_pwr_ex.o
LOAD ./Drivers/STM32F4xx_HAL_Driver/Src/stm32f4xx_hal_rcc.o
LOAD ./Drivers/STM32F4xx_HAL_Driver/Src/stm32f4xx_hal_rcc_ex.o
LOAD ./Drivers/STM32F4xx_HAL_Driver/Src/stm32f4xx_hal_tim.o
LOAD ./Drivers/STM32F4xx_HAL_Driver/Src/stm32f4xx_hal_tim_ex.o
LOAD ./ThirdParty/FreeRTOS/croutine.o
LOAD ./ThirdParty/FreeRTOS/event_groups.o
LOAD ./ThirdParty/FreeRTOS/list.o
LOAD ./ThirdParty/FreeRTOS/queue.o
LOAD ./ThirdParty/FreeRTOS/stream_buffer.o
LOAD ./ThirdParty/FreeRTOS/tasks.o
LOAD ./ThirdParty/FreeRTOS/timers.o
LOAD ./ThirdParty/FreeRTOS/portable/GCC/ARM_CM4F/port.o
LOAD ./ThirdParty/FreeRTOS/portable/MemMang/heap_4.o
START GROUP
LOAD /opt/st/stm32cubeide_1.16.1/plugins/com.st.stm32cube.ide.mcu.externaltools.gnu-tools-for-stm32.12.3.rel1.linux64_1.0.200.202406132123/tools/bin/../lib/gcc/arm-none-eabi/12.3.1/../../../../arm-none-eabi/lib/thumb/v7e-m+fp/hard/libc_nano.a
LOAD /opt/st/stm32cubeide_1.16.1/plugins/com.st.stm32cube.ide.mcu.externaltools.gnu-tools-for-stm32.12.3.rel1.linux64_1.0.200.202406132123/tools/bin/../lib/gcc/arm-none-eabi/12.3.1/../../../../arm-none-eabi/lib/thumb/v7e-m+fp/hard/libm.a
END GROUP
START GROUP
LOAD /opt/st/stm32cubeide_1.16.1/plugins/com.st.stm32cube.ide.mcu.externaltools.gnu-tools-for-stm32.12.3.rel1.linux64_1.0.200.202406132123/tools/bin/../lib/gcc/arm-none-eabi/12.3.1/thumb/v7e-m+fp/hard/libgcc.a
LOAD /opt/st/stm32cubeide_1.16.1/plugins/com.st.stm32cube.ide.mcu.externaltools.gnu-tools-for-stm32.12.3.rel1.linux64_1.0.200.202406132123/tools/bin/../lib/gcc/arm-none-eabi/12.3.1/../../../../arm-none-eabi/lib/thumb/v7e-m+fp/hard/libc_nano.a
END GROUP
START GROUP
LOAD /opt/st/stm32cubeide_1.16.1/plugins/com.st.stm32cube.ide.mcu.externaltools.gnu-tools-for-stm32.12.3.rel1.linux64_1.0.200.202406132123/tools/bin/../lib/gcc/arm-none-eabi/12.3.1/thumb/v7e-m+fp/hard/libgcc.a
LOAD /opt/st/stm32cubeide_1.16.1/plugins/com.st.stm32cube.ide.mcu.externaltools.gnu-tools-for-stm32.12.3.rel1.linux64_1.0.200.202406132123/tools/bin/../lib/gcc/arm-none-eabi/12.3.1/../../../../arm-none-eabi/lib/thumb/v7e-m+fp/hard/libc_nano.a
LOAD /opt/st/stm32cubeide_1.16.1/plugins/com.st.stm32cube.ide.mcu.externaltools.gnu-tools-for-stm32.12.3.rel1.linux64_1.0.200.202406132123/tools/bin/../lib/gcc/arm-none-eabi/12.3.1/../../../../arm-none-eabi/lib/thumb/v7e-m+fp/hard/libnosys.a
END GROUP
START GROUP
LOAD /opt/st/stm32cubeide_1.16.1/plugins/com.st.stm32cube.ide.mcu.externaltools.gnu-tools-for-stm32.12.3.rel1.linux64_1.0.200.202406132123/tools/bin/../lib/gcc/arm-none-eabi/12.3.1/thumb/v7e-m+fp/hard/libgcc.a
LOAD /opt/st/stm32cubeide_1.16.1/plugins/com.st.stm32cube.ide.mcu.externaltools.gnu-tools-for-stm32.12.3.rel1.linux64_1.0.200.202406132123/tools/bin/../lib/gcc/arm-none-eabi/12.3.1/../../../../arm-none-eabi/lib/thumb/v7e-m+fp/hard/libc_nano.a
LOAD /opt/st/stm32cubeide_1.16.1/plugins/com.st.stm32cube.ide.mcu.externaltools.gnu-tools-for-stm32.12.3.rel1.linux64_1.0.200.202406132123/tools/bin/../lib/gcc/arm-none-eabi/12.3.1/../../../../arm-none-eabi/lib/thumb/v7e-m+fp/hard/libnosys.a
END GROUP
LOAD /opt/st/stm32cubeide_1.16.1/plugins/com.st.stm32cube.ide.mcu.externaltools.gnu-tools-for-stm32.12.3.rel1.linux64_1.0.200.202406132123/tools/bin/../lib/gcc/arm-none-eabi/12.3.1/thumb/v7e-m+fp/hard/crtend.o
LOAD /opt/st/stm32cubeide_1.16.1/plugins/com.st.stm32cube.ide.mcu.externaltools.gnu-tools-for-stm32.12.3.rel1.linux64_1.0.200.202406132123/tools/bin/../lib/gcc/arm-none-eabi/12.3.1/thumb/v7e-m+fp/hard/crtn.o
                0x20020000                        _estack = (ORIGIN (RAM) + LENGTH (RAM))
                0x00000200                        _Min_Heap_Size = 0x200
                0x00000400                        _Min_Stack_Size = 0x400

.isr_vector     0x08000000      0x198
                0x08000000                        . = ALIGN (0x4)
 *(.isr_vector)
 .isr_vector    0x08000000      0x198 ./Core/Startup/startup_stm32f411vetx.o
                0x08000000                g_pfnVectors
                0x08000198                        . = ALIGN (0x4)

.text           0x080001a0     0x50b0
                0x080001a0                        . = ALIGN (0x4)
 *(.text)
 .text          0x080001a0       0x40 /opt/st/stm32cubeide_1.16.1/plugins/com.st.stm32cube.ide.mcu.externaltools.gnu-tools-for-stm32.12.3.rel1.linux64_1.0.200.202406132123/tools/bin/../lib/gcc/arm-none-eabi/12.3.1/thumb/v7e-m+fp/hard/crtbegin.o
 .text          0x080001e0       0xa0 /opt/st/stm32cubeide_1.16.1/plugins/com.st.stm32cube.ide.mcu.externaltools.gnu-tools-for-stm32.12.3.rel1.linux64_1.0.200.202406132123/tools/bin/../lib/gcc/arm-none-eabi/12.3.1/../../../../arm-none-eabi/lib/thumb/v7e-m+fp/hard/libc_nano.a(libc_a-memchr.o)
                0x080001e0                memchr
 .text          0x08000280       0x30 /opt/st/stm32cubeide_1.16.1/plugins/com.st.stm32cube.ide.mcu.externaltools.gnu-tools-for-stm32.12.3.rel1.linux64_1.0.200.202406132123/tools/bin/../lib/gcc/arm-none-eabi/12.3.1/thumb/v7e-m+fp/hard/libgcc.a(_aeabi_uldivmod.o)
                0x08000280                __aeabi_uldivmod
 .text          0x080002b0      0x2bc /opt/st/stm32cubeide_1.16.1/plugins/com.st.stm32cube.ide.mcu.externaltools.gnu-tools-for-stm32.12.3.rel1.linux64_1.0.200.202406132123/tools/bin/../lib/gcc/arm-none-eabi/12.3.1/thumb/v7e-m+fp/hard/libgcc.a(_udivmoddi4.o)
                0x080002b0                __udivmoddi4
 .text          0x0800056c        0x4 /opt/st/stm32cubeide_1.16.1/plugins/com.st.stm32cube.ide.mcu.externaltools.gnu-tools-for-stm32.12.3.rel1.linux64_1.0.200.202406132123/tools/bin/../lib/gcc/arm-none-eabi/12.3.1/thumb/v7e-m+fp/hard/libgcc.a(_dvmd_tls.o)
                0x0800056c                __aeabi_ldiv0
                0x0800056c                __aeabi_idiv0
 *(.text*)
 .text.main     0x08000570       0x9c ./Core/Src/main.o
                0x08000570                main
 .text.SystemClock_Config
                0x0800060c       0xd4 ./Core/Src/main.o
                0x0800060c                SystemClock_Config
 .text.MX_GPIO_Init
                0x080006e0      0x2bc ./Core/Src/main.o
 .text.task1_handler
                0x0800099c       0x2c ./Core/Src/main.o
 .text.task2_handler
                0x080009c8       0x2c ./Core/Src/main.o
 .text.HAL_TIM_PeriodElapsedCallback
                0x080009f4       0x24 ./Core/Src/main.o
                0x080009f4                HAL_TIM_PeriodElapsedCallback
 .text.Error_Handler
                0x08000a18        0xc ./Core/Src/main.o
                0x08000a18                Error_Handler
 .text.HAL_MspInit
                0x08000a24       0x50 ./Core/Src/stm32f4xx_hal_msp.o
                0x08000a24                HAL_MspInit
 .text.HAL_InitTick
                0x08000a74       0xf8 ./Core/Src/stm32f4xx_hal_timebase_tim.o
                0x08000a74                HAL_InitTick
 .text.NMI_Handler
                0x08000b6c        0x8 ./Core/Src/stm32f4xx_it.o
                0x08000b6c                NMI_Handler
 .text.HardFault_Handler
                0x08000b74        0x8 ./Core/Src/stm32f4xx_it.o
                0x08000b74                HardFault_Handler
 .text.MemManage_Handler
                0x08000b7c        0x8 ./Core/Src/stm32f4xx_it.o
                0x08000b7c                MemManage_Handler
 .text.BusFault_Handler
                0x08000b84        0x8 ./Core/Src/stm32f4xx_it.o
                0x08000b84                BusFault_Handler
 .text.UsageFault_Handler
                0x08000b8c        0x8 ./Core/Src/stm32f4xx_it.o
                0x08000b8c                UsageFault_Handler
 .text.DebugMon_Handler
                0x08000b94        0xe ./Core/Src/stm32f4xx_it.o
                0x08000b94                DebugMon_Handler
 *fill*         0x08000ba2        0x2 
 .text.TIM5_IRQHandler
                0x08000ba4       0x14 ./Core/Src/stm32f4xx_it.o
                0x08000ba4                TIM5_IRQHandler
 .text.ITM_SendChar
                0x08000bb8       0x50 ./Core/Src/syscalls.o
                0x08000bb8                ITM_SendChar
 .text._read    0x08000c08       0x3a ./Core/Src/syscalls.o
                0x08000c08                _read
 .text._write   0x08000c42       0x38 ./Core/Src/syscalls.o
                0x08000c42                _write
 .text._close   0x08000c7a       0x18 ./Core/Src/syscalls.o
                0x08000c7a                _close
 .text._fstat   0x08000c92       0x20 ./Core/Src/syscalls.o
                0x08000c92                _fstat
 .text._isatty  0x08000cb2       0x16 ./Core/Src/syscalls.o
                0x08000cb2                _isatty
 .text._lseek   0x08000cc8       0x1a ./Core/Src/syscalls.o
                0x08000cc8                _lseek
 *fill*         0x08000ce2        0x2 
 .text._sbrk    0x08000ce4       0x6c ./Core/Src/sysmem.o
                0x08000ce4                _sbrk
 .text.SystemInit
                0x08000d50       0x24 ./Core/Src/system_stm32f4xx.o
                0x08000d50                SystemInit
 .text.Reset_Handler
                0x08000d74       0x50 ./Core/Startup/startup_stm32f411vetx.o
                0x08000d74                Reset_Handler
 .text.Default_Handler
                0x08000dc4        0x2 ./Core/Startup/startup_stm32f411vetx.o
                0x08000dc4                RTC_Alarm_IRQHandler
                0x08000dc4                EXTI2_IRQHandler
                0x08000dc4                SPI4_IRQHandler
                0x08000dc4                TIM1_CC_IRQHandler
                0x08000dc4                DMA2_Stream5_IRQHandler
                0x08000dc4                DMA1_Stream5_IRQHandler
                0x08000dc4                PVD_IRQHandler
                0x08000dc4                SDIO_IRQHandler
                0x08000dc4                TAMP_STAMP_IRQHandler
                0x08000dc4                EXTI3_IRQHandler
                0x08000dc4                TIM1_UP_TIM10_IRQHandler
                0x08000dc4                I2C3_ER_IRQHandler
                0x08000dc4                EXTI0_IRQHandler
                0x08000dc4                I2C2_EV_IRQHandler
                0x08000dc4                DMA1_Stream2_IRQHandler
                0x08000dc4                FPU_IRQHandler
                0x08000dc4                DMA2_Stream2_IRQHandler
                0x08000dc4                SPI1_IRQHandler
                0x08000dc4                TIM1_BRK_TIM9_IRQHandler
                0x08000dc4                DMA2_Stream3_IRQHandler
                0x08000dc4                USART6_IRQHandler
                0x08000dc4                DMA2_Stream0_IRQHandler
                0x08000dc4                TIM4_IRQHandler
                0x08000dc4                I2C1_EV_IRQHandler
                0x08000dc4                DMA1_Stream6_IRQHandler
                0x08000dc4                DMA1_Stream1_IRQHandler
                0x08000dc4                TIM3_IRQHandler
                0x08000dc4                RCC_IRQHandler
                0x08000dc4                Default_Handler
                0x08000dc4                EXTI15_10_IRQHandler
                0x08000dc4                ADC_IRQHandler
                0x08000dc4                DMA1_Stream7_IRQHandler
                0x08000dc4                SPI5_IRQHandler
                0x08000dc4                DMA2_Stream7_IRQHandler
                0x08000dc4                I2C3_EV_IRQHandler
                0x08000dc4                EXTI9_5_IRQHandler
                0x08000dc4                RTC_WKUP_IRQHandler
                0x08000dc4                SPI2_IRQHandler
                0x08000dc4                DMA1_Stream0_IRQHandler
                0x08000dc4                EXTI4_IRQHandler
                0x08000dc4                WWDG_IRQHandler
                0x08000dc4                TIM2_IRQHandler
                0x08000dc4                OTG_FS_WKUP_IRQHandler
                0x08000dc4                TIM1_TRG_COM_TIM11_IRQHandler
                0x08000dc4                EXTI1_IRQHandler
                0x08000dc4                USART2_IRQHandler
                0x08000dc4                I2C2_ER_IRQHandler
                0x08000dc4                DMA2_Stream1_IRQHandler
                0x08000dc4                FLASH_IRQHandler
                0x08000dc4                DMA2_Stream4_IRQHandler
                0x08000dc4                USART1_IRQHandler
                0x08000dc4                OTG_FS_IRQHandler
                0x08000dc4                SPI3_IRQHandler
                0x08000dc4                DMA1_Stream4_IRQHandler
                0x08000dc4                I2C1_ER_IRQHandler
                0x08000dc4                DMA2_Stream6_IRQHandler
                0x08000dc4                DMA1_Stream3_IRQHandler
 *fill*         0x08000dc6        0x2 
 .text.HAL_Init
                0x08000dc8       0x44 ./Drivers/STM32F4xx_HAL_Driver/Src/stm32f4xx_hal.o
                0x08000dc8                HAL_Init
 .text.HAL_IncTick
                0x08000e0c       0x28 ./Drivers/STM32F4xx_HAL_Driver/Src/stm32f4xx_hal.o
                0x08000e0c                HAL_IncTick
 .text.HAL_GetTick
                0x08000e34       0x18 ./Drivers/STM32F4xx_HAL_Driver/Src/stm32f4xx_hal.o
                0x08000e34                HAL_GetTick
 .text.__NVIC_SetPriorityGrouping
                0x08000e4c       0x48 ./Drivers/STM32F4xx_HAL_Driver/Src/stm32f4xx_hal_cortex.o
 .text.__NVIC_GetPriorityGrouping
                0x08000e94       0x1c ./Drivers/STM32F4xx_HAL_Driver/Src/stm32f4xx_hal_cortex.o
 .text.__NVIC_EnableIRQ
                0x08000eb0       0x3c ./Drivers/STM32F4xx_HAL_Driver/Src/stm32f4xx_hal_cortex.o
 .text.__NVIC_SetPriority
                0x08000eec       0x54 ./Drivers/STM32F4xx_HAL_Driver/Src/stm32f4xx_hal_cortex.o
 .text.NVIC_EncodePriority
                0x08000f40       0x66 ./Drivers/STM32F4xx_HAL_Driver/Src/stm32f4xx_hal_cortex.o
 .text.HAL_NVIC_SetPriorityGrouping
                0x08000fa6       0x16 ./Drivers/STM32F4xx_HAL_Driver/Src/stm32f4xx_hal_cortex.o
                0x08000fa6                HAL_NVIC_SetPriorityGrouping
 .text.HAL_NVIC_SetPriority
                0x08000fbc       0x38 ./Drivers/STM32F4xx_HAL_Driver/Src/stm32f4xx_hal_cortex.o
                0x08000fbc                HAL_NVIC_SetPriority
 .text.HAL_NVIC_EnableIRQ
                0x08000ff4       0x1c ./Drivers/STM32F4xx_HAL_Driver/Src/stm32f4xx_hal_cortex.o
                0x08000ff4                HAL_NVIC_EnableIRQ
 .text.HAL_GPIO_Init
                0x08001010      0x308 ./Drivers/STM32F4xx_HAL_Driver/Src/stm32f4xx_hal_gpio.o
                0x08001010                HAL_GPIO_Init
 .text.HAL_GPIO_WritePin
                0x08001318       0x32 ./Drivers/STM32F4xx_HAL_Driver/Src/stm32f4xx_hal_gpio.o
                0x08001318                HAL_GPIO_WritePin
 *fill*         0x0800134a        0x2 
 .text.HAL_RCC_OscConfig
                0x0800134c      0x4f0 ./Drivers/STM32F4xx_HAL_Driver/Src/stm32f4xx_hal_rcc.o
                0x0800134c                HAL_RCC_OscConfig
 .text.HAL_RCC_ClockConfig
                0x0800183c      0x1cc ./Drivers/STM32F4xx_HAL_Driver/Src/stm32f4xx_hal_rcc.o
                0x0800183c                HAL_RCC_ClockConfig
 .text.HAL_RCC_GetSysClockFreq
                0x08001a08      0x20c ./Drivers/STM32F4xx_HAL_Driver/Src/stm32f4xx_hal_rcc.o
                0x08001a08                HAL_RCC_GetSysClockFreq
 .text.HAL_RCC_GetHCLKFreq
                0x08001c14       0x18 ./Drivers/STM32F4xx_HAL_Driver/Src/stm32f4xx_hal_rcc.o
                0x08001c14                HAL_RCC_GetHCLKFreq
 .text.HAL_RCC_GetPCLK1Freq
                0x08001c2c       0x28 ./Drivers/STM32F4xx_HAL_Driver/Src/stm32f4xx_hal_rcc.o
                0x08001c2c                HAL_RCC_GetPCLK1Freq
 .text.HAL_RCC_GetClockConfig
                0x08001c54       0x64 ./Drivers/STM32F4xx_HAL_Driver/Src/stm32f4xx_hal_rcc.o
                0x08001c54                HAL_RCC_GetClockConfig
 .text.HAL_TIM_Base_Init
                0x08001cb8       0x9e ./Drivers/STM32F4xx_HAL_Driver/Src/stm32f4xx_hal_tim.o
                0x08001cb8                HAL_TIM_Base_Init
 .text.HAL_TIM_Base_MspInit
                0x08001d56       0x14 ./Drivers/STM32F4xx_HAL_Driver/Src/stm32f4xx_hal_tim.o
                0x08001d56                HAL_TIM_Base_MspInit
 *fill*         0x08001d6a        0x2 
 .text.HAL_TIM_Base_Start_IT
                0x08001d6c       0xc4 ./Drivers/STM32F4xx_HAL_Driver/Src/stm32f4xx_hal_tim.o
                0x08001d6c                HAL_TIM_Base_Start_IT
 .text.HAL_TIM_IRQHandler
                0x08001e30      0x1e0 ./Drivers/STM32F4xx_HAL_Driver/Src/stm32f4xx_hal_tim.o
                0x08001e30                HAL_TIM_IRQHandler
 .text.HAL_TIM_OC_DelayElapsedCallback
                0x08002010       0x14 ./Drivers/STM32F4xx_HAL_Driver/Src/stm32f4xx_hal_tim.o
                0x08002010                HAL_TIM_OC_DelayElapsedCallback
 .text.HAL_TIM_IC_CaptureCallback
                0x08002024       0x14 ./Drivers/STM32F4xx_HAL_Driver/Src/stm32f4xx_hal_tim.o
                0x08002024                HAL_TIM_IC_CaptureCallback
 .text.HAL_TIM_PWM_PulseFinishedCallback
                0x08002038       0x14 ./Drivers/STM32F4xx_HAL_Driver/Src/stm32f4xx_hal_tim.o
                0x08002038                HAL_TIM_PWM_PulseFinishedCallback
 .text.HAL_TIM_TriggerCallback
                0x0800204c       0x14 ./Drivers/STM32F4xx_HAL_Driver/Src/stm32f4xx_hal_tim.o
                0x0800204c                HAL_TIM_TriggerCallback
 .text.TIM_Base_SetConfig
                0x08002060      0x118 ./Drivers/STM32F4xx_HAL_Driver/Src/stm32f4xx_hal_tim.o
                0x08002060                TIM_Base_SetConfig
 .text.HAL_TIMEx_CommutCallback
                0x08002178       0x14 ./Drivers/STM32F4xx_HAL_Driver/Src/stm32f4xx_hal_tim_ex.o
                0x08002178                HAL_TIMEx_CommutCallback
 .text.HAL_TIMEx_BreakCallback
                0x0800218c       0x14 ./Drivers/STM32F4xx_HAL_Driver/Src/stm32f4xx_hal_tim_ex.o
                0x0800218c                HAL_TIMEx_BreakCallback
 .text.vListInitialise
                0x080021a0       0x40 ./ThirdParty/FreeRTOS/list.o
                0x080021a0                vListInitialise
 .text.vListInitialiseItem
                0x080021e0       0x1a ./ThirdParty/FreeRTOS/list.o
                0x080021e0                vListInitialiseItem
 .text.vListInsert
                0x080021fa       0x72 ./ThirdParty/FreeRTOS/list.o
                0x080021fa                vListInsert
 .text.uxListRemove
                0x0800226c       0x54 ./ThirdParty/FreeRTOS/list.o
                0x0800226c                uxListRemove
 .text.xQueueGenericReset
                0x080022c0      0x108 ./ThirdParty/FreeRTOS/queue.o
                0x080022c0                xQueueGenericReset
 .text.xQueueGenericCreate
                0x080023c8       0x9e ./ThirdParty/FreeRTOS/queue.o
                0x080023c8                xQueueGenericCreate
 .text.prvInitialiseNewQueue
                0x08002466       0x46 ./ThirdParty/FreeRTOS/queue.o
 .text.xQueueReceive
                0x080024ac      0x1b0 ./ThirdParty/FreeRTOS/queue.o
                0x080024ac                xQueueReceive
 .text.prvCopyDataFromQueue
                0x0800265c       0x4c ./ThirdParty/FreeRTOS/queue.o
 .text.prvUnlockQueue
                0x080026a8       0xa4 ./ThirdParty/FreeRTOS/queue.o
 .text.prvIsQueueEmpty
                0x0800274c       0x2c ./ThirdParty/FreeRTOS/queue.o
 .text.vQueueAddToRegistry
                0x08002778       0xa0 ./ThirdParty/FreeRTOS/queue.o
                0x08002778                vQueueAddToRegistry
 .text.vQueueWaitForMessageRestricted
                0x08002818       0x68 ./ThirdParty/FreeRTOS/queue.o
                0x08002818                vQueueWaitForMessageRestricted
 .text.xTaskCreate
                0x08002880       0x8c ./ThirdParty/FreeRTOS/tasks.o
                0x08002880                xTaskCreate
 .text.prvInitialiseNewTask
                0x0800290c      0x120 ./ThirdParty/FreeRTOS/tasks.o
 .text.prvAddNewTaskToReadyList
                0x08002a2c      0x110 ./ThirdParty/FreeRTOS/tasks.o
 .text.vTaskStartScheduler
                0x08002b3c       0xa4 ./ThirdParty/FreeRTOS/tasks.o
                0x08002b3c                vTaskStartScheduler
 .text.vTaskSuspendAll
                0x08002be0       0x1c ./ThirdParty/FreeRTOS/tasks.o
                0x08002be0                vTaskSuspendAll
 .text.xTaskResumeAll
                0x08002bfc      0x1dc ./ThirdParty/FreeRTOS/tasks.o
                0x08002bfc                xTaskResumeAll
 .text.xTaskGetTickCount
                0x08002dd8       0x20 ./ThirdParty/FreeRTOS/tasks.o
                0x08002dd8                xTaskGetTickCount
 .text.xTaskIncrementTick
                0x08002df8      0x1e8 ./ThirdParty/FreeRTOS/tasks.o
                0x08002df8                xTaskIncrementTick
 .text.vTaskSwitchContext
                0x08002fe0       0xb8 ./ThirdParty/FreeRTOS/tasks.o
                0x08002fe0                vTaskSwitchContext
 .text.vTaskPlaceOnEventList
                0x08003098       0x4c ./ThirdParty/FreeRTOS/tasks.o
                0x08003098                vTaskPlaceOnEventList
 .text.vTaskPlaceOnEventListRestricted
                0x080030e4       0x8c ./ThirdParty/FreeRTOS/tasks.o
                0x080030e4                vTaskPlaceOnEventListRestricted
 .text.xTaskRemoveFromEventList
                0x08003170      0x1b0 ./ThirdParty/FreeRTOS/tasks.o
                0x08003170                xTaskRemoveFromEventList
 .text.vTaskInternalSetTimeOutState
                0x08003320       0x2c ./ThirdParty/FreeRTOS/tasks.o
                0x08003320                vTaskInternalSetTimeOutState
 .text.xTaskCheckForTimeOut
                0x0800334c       0xd0 ./ThirdParty/FreeRTOS/tasks.o
                0x0800334c                xTaskCheckForTimeOut
 .text.vTaskMissedYield
                0x0800341c       0x18 ./ThirdParty/FreeRTOS/tasks.o
                0x0800341c                vTaskMissedYield
 .text.prvIdleTask
                0x08003434       0x24 ./ThirdParty/FreeRTOS/tasks.o
 .text.prvInitialiseTaskLists
                0x08003458       0x80 ./ThirdParty/FreeRTOS/tasks.o
 .text.prvCheckTasksWaitingTermination
                0x080034d8       0x5c ./ThirdParty/FreeRTOS/tasks.o
 .text.prvDeleteTCB
                0x08003534       0x20 ./ThirdParty/FreeRTOS/tasks.o
 .text.prvResetNextTaskUnblockTime
                0x08003554       0x38 ./ThirdParty/FreeRTOS/tasks.o
 .text.xTaskGetSchedulerState
                0x0800358c       0x3c ./ThirdParty/FreeRTOS/tasks.o
                0x0800358c                xTaskGetSchedulerState
 .text.prvAddCurrentTaskToDelayedList
                0x080035c8      0x100 ./ThirdParty/FreeRTOS/tasks.o
 .text.xTimerCreateTimerTask
                0x080036c8       0x68 ./ThirdParty/FreeRTOS/timers.o
                0x080036c8                xTimerCreateTimerTask
 .text.prvReloadTimer
                0x08003730       0x42 ./ThirdParty/FreeRTOS/timers.o
 *fill*         0x08003772        0x2 
 .text.prvProcessExpiredTimer
                0x08003774       0x60 ./ThirdParty/FreeRTOS/timers.o
 .text.prvTimerTask
                0x080037d4       0x26 ./ThirdParty/FreeRTOS/timers.o
 *fill*         0x080037fa        0x2 
 .text.prvProcessTimerOrBlockTask
                0x080037fc       0x9c ./ThirdParty/FreeRTOS/timers.o
 .text.prvGetNextExpireTime
                0x08003898       0x48 ./ThirdParty/FreeRTOS/timers.o
 .text.prvSampleTimeNow
                0x080038e0       0x40 ./ThirdParty/FreeRTOS/timers.o
 .text.prvInsertTimerInActiveList
                0x08003920       0x84 ./ThirdParty/FreeRTOS/timers.o
 .text.prvProcessReceivedCommands
                0x080039a4      0x184 ./ThirdParty/FreeRTOS/timers.o
 .text.prvSwitchTimerLists
                0x08003b28       0x4c ./ThirdParty/FreeRTOS/timers.o
 .text.prvCheckForValidListAndQueue
                0x08003b74       0x6c ./ThirdParty/FreeRTOS/timers.o
 .text.pxPortInitialiseStack
                0x08003be0       0x68 ./ThirdParty/FreeRTOS/portable/GCC/ARM_CM4F/port.o
                0x08003be0                pxPortInitialiseStack
 .text.prvTaskExitError
                0x08003c48       0x5c ./ThirdParty/FreeRTOS/portable/GCC/ARM_CM4F/port.o
 *fill*         0x08003ca4        0xc 
 .text.SVC_Handler
                0x08003cb0       0x28 ./ThirdParty/FreeRTOS/portable/GCC/ARM_CM4F/port.o
                0x08003cb0                SVC_Handler
 .text.prvPortStartFirstTask
                0x08003cd8       0x2c ./ThirdParty/FreeRTOS/portable/GCC/ARM_CM4F/port.o
 .text.xPortStartScheduler
                0x08003d04      0x148 ./ThirdParty/FreeRTOS/portable/GCC/ARM_CM4F/port.o
                0x08003d04                xPortStartScheduler
 .text.vPortEnterCritical
                0x08003e4c       0x64 ./ThirdParty/FreeRTOS/portable/GCC/ARM_CM4F/port.o
                0x08003e4c                vPortEnterCritical
 .text.vPortExitCritical
                0x08003eb0       0x54 ./ThirdParty/FreeRTOS/portable/GCC/ARM_CM4F/port.o
                0x08003eb0                vPortExitCritical
 *fill*         0x08003f04        0xc 
 .text.PendSV_Handler
                0x08003f10       0x68 ./ThirdParty/FreeRTOS/portable/GCC/ARM_CM4F/port.o
                0x08003f10                PendSV_Handler
 .text.SysTick_Handler
                0x08003f78       0x44 ./ThirdParty/FreeRTOS/portable/GCC/ARM_CM4F/port.o
                0x08003f78                SysTick_Handler
 .text.vPortSetupTimerInterrupt
                0x08003fbc       0x48 ./ThirdParty/FreeRTOS/portable/GCC/ARM_CM4F/port.o
                0x08003fbc                vPortSetupTimerInterrupt
 .text.vPortEnableVFP
                0x08004004       0x18 ./ThirdParty/FreeRTOS/portable/GCC/ARM_CM4F/port.o
 .text.pvPortMalloc
                0x0800401c      0x178 ./ThirdParty/FreeRTOS/portable/MemMang/heap_4.o
                0x0800401c                pvPortMalloc
 .text.vPortFree
                0x08004194       0xbc ./ThirdParty/FreeRTOS/portable/MemMang/heap_4.o
                0x08004194                vPortFree
 .text.prvHeapInit
                0x08004250       0xb8 ./ThirdParty/FreeRTOS/portable/MemMang/heap_4.o
 .text.prvInsertBlockIntoFreeList
                0x08004308       0xb4 ./ThirdParty/FreeRTOS/portable/MemMang/heap_4.o
 .text.std      0x080043bc       0x6c /opt/st/stm32cubeide_1.16.1/plugins/com.st.stm32cube.ide.mcu.externaltools.gnu-tools-for-stm32.12.3.rel1.linux64_1.0.200.202406132123/tools/bin/../lib/gcc/arm-none-eabi/12.3.1/../../../../arm-none-eabi/lib/thumb/v7e-m+fp/hard/libc_nano.a(libc_a-findfp.o)
 .text.stdio_exit_handler
                0x08004428       0x18 /opt/st/stm32cubeide_1.16.1/plugins/com.st.stm32cube.ide.mcu.externaltools.gnu-tools-for-stm32.12.3.rel1.linux64_1.0.200.202406132123/tools/bin/../lib/gcc/arm-none-eabi/12.3.1/../../../../arm-none-eabi/lib/thumb/v7e-m+fp/hard/libc_nano.a(libc_a-findfp.o)
 .text.cleanup_stdio
                0x08004440       0x40 /opt/st/stm32cubeide_1.16.1/plugins/com.st.stm32cube.ide.mcu.externaltools.gnu-tools-for-stm32.12.3.rel1.linux64_1.0.200.202406132123/tools/bin/../lib/gcc/arm-none-eabi/12.3.1/../../../../arm-none-eabi/lib/thumb/v7e-m+fp/hard/libc_nano.a(libc_a-findfp.o)
 .text.global_stdio_init.part.0
                0x08004480       0x3c /opt/st/stm32cubeide_1.16.1/plugins/com.st.stm32cube.ide.mcu.externaltools.gnu-tools-for-stm32.12.3.rel1.linux64_1.0.200.202406132123/tools/bin/../lib/gcc/arm-none-eabi/12.3.1/../../../../arm-none-eabi/lib/thumb/v7e-m+fp/hard/libc_nano.a(libc_a-findfp.o)
 .text.__sfp_lock_acquire
                0x080044bc        0xc /opt/st/stm32cubeide_1.16.1/plugins/com.st.stm32cube.ide.mcu.externaltools.gnu-tools-for-stm32.12.3.rel1.linux64_1.0.200.202406132123/tools/bin/../lib/gcc/arm-none-eabi/12.3.1/../../../../arm-none-eabi/lib/thumb/v7e-m+fp/hard/libc_nano.a(libc_a-findfp.o)
                0x080044bc                __sfp_lock_acquire
 .text.__sfp_lock_release
                0x080044c8        0xc /opt/st/stm32cubeide_1.16.1/plugins/com.st.stm32cube.ide.mcu.externaltools.gnu-tools-for-stm32.12.3.rel1.linux64_1.0.200.202406132123/tools/bin/../lib/gcc/arm-none-eabi/12.3.1/../../../../arm-none-eabi/lib/thumb/v7e-m+fp/hard/libc_nano.a(libc_a-findfp.o)
                0x080044c8                __sfp_lock_release
 .text.__sinit  0x080044d4       0x30 /opt/st/stm32cubeide_1.16.1/plugins/com.st.stm32cube.ide.mcu.externaltools.gnu-tools-for-stm32.12.3.rel1.linux64_1.0.200.202406132123/tools/bin/../lib/gcc/arm-none-eabi/12.3.1/../../../../arm-none-eabi/lib/thumb/v7e-m+fp/hard/libc_nano.a(libc_a-findfp.o)
                0x080044d4                __sinit
 .text._fwalk_sglue
                0x08004504       0x3c /opt/st/stm32cubeide_1.16.1/plugins/com.st.stm32cube.ide.mcu.externaltools.gnu-tools-for-stm32.12.3.rel1.linux64_1.0.200.202406132123/tools/bin/../lib/gcc/arm-none-eabi/12.3.1/../../../../arm-none-eabi/lib/thumb/v7e-m+fp/hard/libc_nano.a(libc_a-fwalk.o)
                0x08004504                _fwalk_sglue
 .text.printf   0x08004540       0x24 /opt/st/stm32cubeide_1.16.1/plugins/com.st.stm32cube.ide.mcu.externaltools.gnu-tools-for-stm32.12.3.rel1.linux64_1.0.200.202406132123/tools/bin/../lib/gcc/arm-none-eabi/12.3.1/../../../../arm-none-eabi/lib/thumb/v7e-m+fp/hard/libc_nano.a(libc_a-printf.o)
                0x08004540                printf
                0x08004540                iprintf
 .text.__sread  0x08004564       0x22 /opt/st/stm32cubeide_1.16.1/plugins/com.st.stm32cube.ide.mcu.externaltools.gnu-tools-for-stm32.12.3.rel1.linux64_1.0.200.202406132123/tools/bin/../lib/gcc/arm-none-eabi/12.3.1/../../../../arm-none-eabi/lib/thumb/v7e-m+fp/hard/libc_nano.a(libc_a-stdio.o)
                0x08004564                __sread
 .text.__swrite
                0x08004586       0x38 /opt/st/stm32cubeide_1.16.1/plugins/com.st.stm32cube.ide.mcu.externaltools.gnu-tools-for-stm32.12.3.rel1.linux64_1.0.200.202406132123/tools/bin/../lib/gcc/arm-none-eabi/12.3.1/../../../../arm-none-eabi/lib/thumb/v7e-m+fp/hard/libc_nano.a(libc_a-stdio.o)
                0x08004586                __swrite
 .text.__sseek  0x080045be       0x24 /opt/st/stm32cubeide_1.16.1/plugins/com.st.stm32cube.ide.mcu.externaltools.gnu-tools-for-stm32.12.3.rel1.linux64_1.0.200.202406132123/tools/bin/../lib/gcc/arm-none-eabi/12.3.1/../../../../arm-none-eabi/lib/thumb/v7e-m+fp/hard/libc_nano.a(libc_a-stdio.o)
                0x080045be                __sseek
 .text.__sclose
                0x080045e2        0x8 /opt/st/stm32cubeide_1.16.1/plugins/com.st.stm32cube.ide.mcu.externaltools.gnu-tools-for-stm32.12.3.rel1.linux64_1.0.200.202406132123/tools/bin/../lib/gcc/arm-none-eabi/12.3.1/../../../../arm-none-eabi/lib/thumb/v7e-m+fp/hard/libc_nano.a(libc_a-stdio.o)
                0x080045e2                __sclose
 .text.memset   0x080045ea       0x10 /opt/st/stm32cubeide_1.16.1/plugins/com.st.stm32cube.ide.mcu.externaltools.gnu-tools-for-stm32.12.3.rel1.linux64_1.0.200.202406132123/tools/bin/../lib/gcc/arm-none-eabi/12.3.1/../../../../arm-none-eabi/lib/thumb/v7e-m+fp/hard/libc_nano.a(libc_a-memset.o)
                0x080045ea                memset
 *fill*         0x080045fa        0x2 
 .text._close_r
                0x080045fc       0x20 /opt/st/stm32cubeide_1.16.1/plugins/com.st.stm32cube.ide.mcu.externaltools.gnu-tools-for-stm32.12.3.rel1.linux64_1.0.200.202406132123/tools/bin/../lib/gcc/arm-none-eabi/12.3.1/../../../../arm-none-eabi/lib/thumb/v7e-m+fp/hard/libc_nano.a(libc_a-closer.o)
                0x080045fc                _close_r
 .text._lseek_r
                0x0800461c       0x24 /opt/st/stm32cubeide_1.16.1/plugins/com.st.stm32cube.ide.mcu.externaltools.gnu-tools-for-stm32.12.3.rel1.linux64_1.0.200.202406132123/tools/bin/../lib/gcc/arm-none-eabi/12.3.1/../../../../arm-none-eabi/lib/thumb/v7e-m+fp/hard/libc_nano.a(libc_a-lseekr.o)
                0x0800461c                _lseek_r
 .text._read_r  0x08004640       0x24 /opt/st/stm32cubeide_1.16.1/plugins/com.st.stm32cube.ide.mcu.externaltools.gnu-tools-for-stm32.12.3.rel1.linux64_1.0.200.202406132123/tools/bin/../lib/gcc/arm-none-eabi/12.3.1/../../../../arm-none-eabi/lib/thumb/v7e-m+fp/hard/libc_nano.a(libc_a-readr.o)
                0x08004640                _read_r
 .text._write_r
                0x08004664       0x24 /opt/st/stm32cubeide_1.16.1/plugins/com.st.stm32cube.ide.mcu.externaltools.gnu-tools-for-stm32.12.3.rel1.linux64_1.0.200.202406132123/tools/bin/../lib/gcc/arm-none-eabi/12.3.1/../../../../arm-none-eabi/lib/thumb/v7e-m+fp/hard/libc_nano.a(libc_a-writer.o)
                0x08004664                _write_r
 .text.__errno  0x08004688        0xc /opt/st/stm32cubeide_1.16.1/plugins/com.st.stm32cube.ide.mcu.externaltools.gnu-tools-for-stm32.12.3.rel1.linux64_1.0.200.202406132123/tools/bin/../lib/gcc/arm-none-eabi/12.3.1/../../../../arm-none-eabi/lib/thumb/v7e-m+fp/hard/libc_nano.a(libc_a-errno.o)
                0x08004688                __errno
 .text.__libc_init_array
                0x08004694       0x48 /opt/st/stm32cubeide_1.16.1/plugins/com.st.stm32cube.ide.mcu.externaltools.gnu-tools-for-stm32.12.3.rel1.linux64_1.0.200.202406132123/tools/bin/../lib/gcc/arm-none-eabi/12.3.1/../../../../arm-none-eabi/lib/thumb/v7e-m+fp/hard/libc_nano.a(libc_a-init.o)
                0x08004694                __libc_init_array
 .text.__retarget_lock_init_recursive
                0x080046dc        0x2 /opt/st/stm32cubeide_1.16.1/plugins/com.st.stm32cube.ide.mcu.externaltools.gnu-tools-for-stm32.12.3.rel1.linux64_1.0.200.202406132123/tools/bin/../lib/gcc/arm-none-eabi/12.3.1/../../../../arm-none-eabi/lib/thumb/v7e-m+fp/hard/libc_nano.a(libc_a-lock.o)
                0x080046dc                __retarget_lock_init_recursive
 .text.__retarget_lock_acquire_recursive
                0x080046de        0x2 /opt/st/stm32cubeide_1.16.1/plugins/com.st.stm32cube.ide.mcu.externaltools.gnu-tools-for-stm32.12.3.rel1.linux64_1.0.200.202406132123/tools/bin/../lib/gcc/arm-none-eabi/12.3.1/../../../../arm-none-eabi/lib/thumb/v7e-m+fp/hard/libc_nano.a(libc_a-lock.o)
                0x080046de                __retarget_lock_acquire_recursive
 .text.__retarget_lock_release_recursive
                0x080046e0        0x2 /opt/st/stm32cubeide_1.16.1/plugins/com.st.stm32cube.ide.mcu.externaltools.gnu-tools-for-stm32.12.3.rel1.linux64_1.0.200.202406132123/tools/bin/../lib/gcc/arm-none-eabi/12.3.1/../../../../arm-none-eabi/lib/thumb/v7e-m+fp/hard/libc_nano.a(libc_a-lock.o)
                0x080046e0                __retarget_lock_release_recursive
 .text.memcpy   0x080046e2       0x1c /opt/st/stm32cubeide_1.16.1/plugins/com.st.stm32cube.ide.mcu.externaltools.gnu-tools-for-stm32.12.3.rel1.linux64_1.0.200.202406132123/tools/bin/../lib/gcc/arm-none-eabi/12.3.1/../../../../arm-none-eabi/lib/thumb/v7e-m+fp/hard/libc_nano.a(libc_a-memcpy-stub.o)
                0x080046e2                memcpy
 *fill*         0x080046fe        0x2 
 .text._free_r  0x08004700       0x94 /opt/st/stm32cubeide_1.16.1/plugins/com.st.stm32cube.ide.mcu.externaltools.gnu-tools-for-stm32.12.3.rel1.linux64_1.0.200.202406132123/tools/bin/../lib/gcc/arm-none-eabi/12.3.1/../../../../arm-none-eabi/lib/thumb/v7e-m+fp/hard/libc_nano.a(libc_a-freer.o)
                0x08004700                _free_r
 .text.sbrk_aligned
                0x08004794       0x44 /opt/st/stm32cubeide_1.16.1/plugins/com.st.stm32cube.ide.mcu.externaltools.gnu-tools-for-stm32.12.3.rel1.linux64_1.0.200.202406132123/tools/bin/../lib/gcc/arm-none-eabi/12.3.1/../../../../arm-none-eabi/lib/thumb/v7e-m+fp/hard/libc_nano.a(libc_a-mallocr.o)
 .text._malloc_r
                0x080047d8      0x100 /opt/st/stm32cubeide_1.16.1/plugins/com.st.stm32cube.ide.mcu.externaltools.gnu-tools-for-stm32.12.3.rel1.linux64_1.0.200.202406132123/tools/bin/../lib/gcc/arm-none-eabi/12.3.1/../../../../arm-none-eabi/lib/thumb/v7e-m+fp/hard/libc_nano.a(libc_a-mallocr.o)
                0x080047d8                _malloc_r
 .text.__malloc_lock
                0x080048d8        0xc /opt/st/stm32cubeide_1.16.1/plugins/com.st.stm32cube.ide.mcu.externaltools.gnu-tools-for-stm32.12.3.rel1.linux64_1.0.200.202406132123/tools/bin/../lib/gcc/arm-none-eabi/12.3.1/../../../../arm-none-eabi/lib/thumb/v7e-m+fp/hard/libc_nano.a(libc_a-mlock.o)
                0x080048d8                __malloc_lock
 .text.__malloc_unlock
                0x080048e4        0xc /opt/st/stm32cubeide_1.16.1/plugins/com.st.stm32cube.ide.mcu.externaltools.gnu-tools-for-stm32.12.3.rel1.linux64_1.0.200.202406132123/tools/bin/../lib/gcc/arm-none-eabi/12.3.1/../../../../arm-none-eabi/lib/thumb/v7e-m+fp/hard/libc_nano.a(libc_a-mlock.o)
                0x080048e4                __malloc_unlock
 .text.__sfputc_r
                0x080048f0       0x2e /opt/st/stm32cubeide_1.16.1/plugins/com.st.stm32cube.ide.mcu.externaltools.gnu-tools-for-stm32.12.3.rel1.linux64_1.0.200.202406132123/tools/bin/../lib/gcc/arm-none-eabi/12.3.1/../../../../arm-none-eabi/lib/thumb/v7e-m+fp/hard/libc_nano.a(libc_a-nano-vfprintf.o)
 .text.__sfputs_r
                0x0800491e       0x24 /opt/st/stm32cubeide_1.16.1/plugins/com.st.stm32cube.ide.mcu.externaltools.gnu-tools-for-stm32.12.3.rel1.linux64_1.0.200.202406132123/tools/bin/../lib/gcc/arm-none-eabi/12.3.1/../../../../arm-none-eabi/lib/thumb/v7e-m+fp/hard/libc_nano.a(libc_a-nano-vfprintf.o)
                0x0800491e                __sfputs_r
 *fill*         0x08004942        0x2 
 .text._vfprintf_r
                0x08004944      0x230 /opt/st/stm32cubeide_1.16.1/plugins/com.st.stm32cube.ide.mcu.externaltools.gnu-tools-for-stm32.12.3.rel1.linux64_1.0.200.202406132123/tools/bin/../lib/gcc/arm-none-eabi/12.3.1/../../../../arm-none-eabi/lib/thumb/v7e-m+fp/hard/libc_nano.a(libc_a-nano-vfprintf.o)
                0x08004944                _vfiprintf_r
                0x08004944                _vfprintf_r
 .text._printf_common
                0x08004b74       0xda /opt/st/stm32cubeide_1.16.1/plugins/com.st.stm32cube.ide.mcu.externaltools.gnu-tools-for-stm32.12.3.rel1.linux64_1.0.200.202406132123/tools/bin/../lib/gcc/arm-none-eabi/12.3.1/../../../../arm-none-eabi/lib/thumb/v7e-m+fp/hard/libc_nano.a(libc_a-nano-vfprintf_i.o)
                0x08004b74                _printf_common
 *fill*         0x08004c4e        0x2 
 .text._printf_i
                0x08004c50      0x240 /opt/st/stm32cubeide_1.16.1/plugins/com.st.stm32cube.ide.mcu.externaltools.gnu-tools-for-stm32.12.3.rel1.linux64_1.0.200.202406132123/tools/bin/../lib/gcc/arm-none-eabi/12.3.1/../../../../arm-none-eabi/lib/thumb/v7e-m+fp/hard/libc_nano.a(libc_a-nano-vfprintf_i.o)
                0x08004c50                _printf_i
 .text.__sflush_r
                0x08004e90      0x108 /opt/st/stm32cubeide_1.16.1/plugins/com.st.stm32cube.ide.mcu.externaltools.gnu-tools-for-stm32.12.3.rel1.linux64_1.0.200.202406132123/tools/bin/../lib/gcc/arm-none-eabi/12.3.1/../../../../arm-none-eabi/lib/thumb/v7e-m+fp/hard/libc_nano.a(libc_a-fflush.o)
                0x08004e90                __sflush_r
 .text._fflush_r
                0x08004f98       0x50 /opt/st/stm32cubeide_1.16.1/plugins/com.st.stm32cube.ide.mcu.externaltools.gnu-tools-for-stm32.12.3.rel1.linux64_1.0.200.202406132123/tools/bin/../lib/gcc/arm-none-eabi/12.3.1/../../../../arm-none-eabi/lib/thumb/v7e-m+fp/hard/libc_nano.a(libc_a-fflush.o)
                0x08004f98                _fflush_r
 .text.__swbuf_r
                0x08004fe8       0x7c /opt/st/stm32cubeide_1.16.1/plugins/com.st.stm32cube.ide.mcu.externaltools.gnu-tools-for-stm32.12.3.rel1.linux64_1.0.200.202406132123/tools/bin/../lib/gcc/arm-none-eabi/12.3.1/../../../../arm-none-eabi/lib/thumb/v7e-m+fp/hard/libc_nano.a(libc_a-wbuf.o)
                0x08004fe8                __swbuf_r
 .text.__swsetup_r
                0x08005064       0xac /opt/st/stm32cubeide_1.16.1/plugins/com.st.stm32cube.ide.mcu.externaltools.gnu-tools-for-stm32.12.3.rel1.linux64_1.0.200.202406132123/tools/bin/../lib/gcc/arm-none-eabi/12.3.1/../../../../arm-none-eabi/lib/thumb/v7e-m+fp/hard/libc_nano.a(libc_a-wsetup.o)
                0x08005064                __swsetup_r
 .text._sbrk_r  0x08005110       0x20 /opt/st/stm32cubeide_1.16.1/plugins/com.st.stm32cube.ide.mcu.externaltools.gnu-tools-for-stm32.12.3.rel1.linux64_1.0.200.202406132123/tools/bin/../lib/gcc/arm-none-eabi/12.3.1/../../../../arm-none-eabi/lib/thumb/v7e-m+fp/hard/libc_nano.a(libc_a-sbrkr.o)
                0x08005110                _sbrk_r
 .text.__swhatbuf_r
                0x08005130       0x4c /opt/st/stm32cubeide_1.16.1/plugins/com.st.stm32cube.ide.mcu.externaltools.gnu-tools-for-stm32.12.3.rel1.linux64_1.0.200.202406132123/tools/bin/../lib/gcc/arm-none-eabi/12.3.1/../../../../arm-none-eabi/lib/thumb/v7e-m+fp/hard/libc_nano.a(libc_a-makebuf.o)
                0x08005130                __swhatbuf_r
 .text.__smakebuf_r
                0x0800517c       0x78 /opt/st/stm32cubeide_1.16.1/plugins/com.st.stm32cube.ide.mcu.externaltools.gnu-tools-for-stm32.12.3.rel1.linux64_1.0.200.202406132123/tools/bin/../lib/gcc/arm-none-eabi/12.3.1/../../../../arm-none-eabi/lib/thumb/v7e-m+fp/hard/libc_nano.a(libc_a-makebuf.o)
                0x0800517c                __smakebuf_r
 .text._fstat_r
                0x080051f4       0x24 /opt/st/stm32cubeide_1.16.1/plugins/com.st.stm32cube.ide.mcu.externaltools.gnu-tools-for-stm32.12.3.rel1.linux64_1.0.200.202406132123/tools/bin/../lib/gcc/arm-none-eabi/12.3.1/../../../../arm-none-eabi/lib/thumb/v7e-m+fp/hard/libc_nano.a(libc_a-fstatr.o)
                0x080051f4                _fstat_r
 .text._isatty_r
                0x08005218       0x20 /opt/st/stm32cubeide_1.16.1/plugins/com.st.stm32cube.ide.mcu.externaltools.gnu-tools-for-stm32.12.3.rel1.linux64_1.0.200.202406132123/tools/bin/../lib/gcc/arm-none-eabi/12.3.1/../../../../arm-none-eabi/lib/thumb/v7e-m+fp/hard/libc_nano.a(libc_a-isattyr.o)
                0x08005218                _isatty_r
 *(.glue_7)
 .glue_7        0x08005238        0x0 linker stubs
 *(.glue_7t)
 .glue_7t       0x08005238        0x0 linker stubs
 *(.eh_frame)
 .eh_frame      0x08005238        0x0 /opt/st/stm32cubeide_1.16.1/plugins/com.st.stm32cube.ide.mcu.externaltools.gnu-tools-for-stm32.12.3.rel1.linux64_1.0.200.202406132123/tools/bin/../lib/gcc/arm-none-eabi/12.3.1/thumb/v7e-m+fp/hard/crtbegin.o
 *(.init)
 .init          0x08005238        0x4 /opt/st/stm32cubeide_1.16.1/plugins/com.st.stm32cube.ide.mcu.externaltools.gnu-tools-for-stm32.12.3.rel1.linux64_1.0.200.202406132123/tools/bin/../lib/gcc/arm-none-eabi/12.3.1/thumb/v7e-m+fp/hard/crti.o
                0x08005238                _init
 .init          0x0800523c        0x8 /opt/st/stm32cubeide_1.16.1/plugins/com.st.stm32cube.ide.mcu.externaltools.gnu-tools-for-stm32.12.3.rel1.linux64_1.0.200.202406132123/tools/bin/../lib/gcc/arm-none-eabi/12.3.1/thumb/v7e-m+fp/hard/crtn.o
 *(.fini)
 .fini          0x08005244        0x4 /opt/st/stm32cubeide_1.16.1/plugins/com.st.stm32cube.ide.mcu.externaltools.gnu-tools-for-stm32.12.3.rel1.linux64_1.0.200.202406132123/tools/bin/../lib/gcc/arm-none-eabi/12.3.1/thumb/v7e-m+fp/hard/crti.o
                0x08005244                _fini
 .fini          0x08005248        0x8 /opt/st/stm32cubeide_1.16.1/plugins/com.st.stm32cube.ide.mcu.externaltools.gnu-tools-for-stm32.12.3.rel1.linux64_1.0.200.202406132123/tools/bin/../lib/gcc/arm-none-eabi/12.3.1/thumb/v7e-m+fp/hard/crtn.o
                0x08005250                        . = ALIGN (0x4)
                0x08005250                        _etext = .

.vfp11_veneer   0x08005250        0x0
 .vfp11_veneer  0x08005250        0x0 linker stubs

.v4_bx          0x08005250        0x0
 .v4_bx         0x08005250        0x0 linker stubs

.iplt           0x08005250        0x0
 .iplt          0x08005250        0x0 /opt/st/stm32cubeide_1.16.1/plugins/com.st.stm32cube.ide.mcu.externaltools.gnu-tools-for-stm32.12.3.rel1.linux64_1.0.200.202406132123/tools/bin/../lib/gcc/arm-none-eabi/12.3.1/thumb/v7e-m+fp/hard/crtbegin.o

.rodata         0x08005250       0x8c
                0x08005250                        . = ALIGN (0x4)
 *(.rodata)
 .rodata        0x08005250       0x25 ./Core/Src/main.o
 *fill*         0x08005275        0x3 
 .rodata        0x08005278        0x5 ./ThirdParty/FreeRTOS/tasks.o
 *fill*         0x0800527d        0x3 
 .rodata        0x08005280        0xd ./ThirdParty/FreeRTOS/timers.o
 *(.rodata*)
 *fill*         0x0800528d        0x3 
 .rodata.AHBPrescTable
                0x08005290       0x10 ./Core/Src/system_stm32f4xx.o
                0x08005290                AHBPrescTable
 .rodata.APBPrescTable
                0x080052a0        0x8 ./Core/Src/system_stm32f4xx.o
                0x080052a0                APBPrescTable
 .rodata._vfprintf_r.str1.1
                0x080052a8       0x11 /opt/st/stm32cubeide_1.16.1/plugins/com.st.stm32cube.ide.mcu.externaltools.gnu-tools-for-stm32.12.3.rel1.linux64_1.0.200.202406132123/tools/bin/../lib/gcc/arm-none-eabi/12.3.1/../../../../arm-none-eabi/lib/thumb/v7e-m+fp/hard/libc_nano.a(libc_a-nano-vfprintf.o)
 .rodata._printf_i.str1.1
                0x080052b9       0x22 /opt/st/stm32cubeide_1.16.1/plugins/com.st.stm32cube.ide.mcu.externaltools.gnu-tools-for-stm32.12.3.rel1.linux64_1.0.200.202406132123/tools/bin/../lib/gcc/arm-none-eabi/12.3.1/../../../../arm-none-eabi/lib/thumb/v7e-m+fp/hard/libc_nano.a(libc_a-nano-vfprintf_i.o)
                0x080052dc                        . = ALIGN (0x4)
 *fill*         0x080052db        0x1 

.ARM.extab      0x080052dc        0x0
                0x080052dc                        . = ALIGN (0x4)
 *(.ARM.extab* .gnu.linkonce.armextab.*)
                0x080052dc                        . = ALIGN (0x4)

.ARM            0x080052dc        0x8
                0x080052dc                        . = ALIGN (0x4)
                0x080052dc                        __exidx_start = .
 *(.ARM.exidx*)
 .ARM.exidx     0x080052dc        0x8 /opt/st/stm32cubeide_1.16.1/plugins/com.st.stm32cube.ide.mcu.externaltools.gnu-tools-for-stm32.12.3.rel1.linux64_1.0.200.202406132123/tools/bin/../lib/gcc/arm-none-eabi/12.3.1/../../../../arm-none-eabi/lib/thumb/v7e-m+fp/hard/libc_nano.a(libc_a-memchr.o)
 .ARM.exidx     0x080052e4        0x0 /opt/st/stm32cubeide_1.16.1/plugins/com.st.stm32cube.ide.mcu.externaltools.gnu-tools-for-stm32.12.3.rel1.linux64_1.0.200.202406132123/tools/bin/../lib/gcc/arm-none-eabi/12.3.1/thumb/v7e-m+fp/hard/libgcc.a(_udivmoddi4.o)
                                  0x8 (size before relaxing)
                0x080052e4                        __exidx_end = .
                0x080052e4                        . = ALIGN (0x4)

.preinit_array  0x080052e4        0x0
                0x080052e4                        . = ALIGN (0x4)
                0x080052e4                        PROVIDE (__preinit_array_start = .)
 *(.preinit_array*)
                0x080052e4                        PROVIDE (__preinit_array_end = .)
                0x080052e4                        . = ALIGN (0x4)

.init_array     0x080052e4        0x4
                0x080052e4                        . = ALIGN (0x4)
                0x080052e4                        PROVIDE (__init_array_start = .)
 *(SORT_BY_NAME(.init_array.*))
 *(.init_array*)
 .init_array    0x080052e4        0x4 /opt/st/stm32cubeide_1.16.1/plugins/com.st.stm32cube.ide.mcu.externaltools.gnu-tools-for-stm32.12.3.rel1.linux64_1.0.200.202406132123/tools/bin/../lib/gcc/arm-none-eabi/12.3.1/thumb/v7e-m+fp/hard/crtbegin.o
                0x080052e8                        PROVIDE (__init_array_end = .)
                0x080052e8                        . = ALIGN (0x4)

.fini_array     0x080052e8        0x4
                0x080052e8                        . = ALIGN (0x4)
                [!provide]                        PROVIDE (__fini_array_start = .)
 *(SORT_BY_NAME(.fini_array.*))
 *(.fini_array*)
 .fini_array    0x080052e8        0x4 /opt/st/stm32cubeide_1.16.1/plugins/com.st.stm32cube.ide.mcu.externaltools.gnu-tools-for-stm32.12.3.rel1.linux64_1.0.200.202406132123/tools/bin/../lib/gcc/arm-none-eabi/12.3.1/thumb/v7e-m+fp/hard/crtbegin.o
                [!provide]                        PROVIDE (__fini_array_end = .)
                0x080052ec                        . = ALIGN (0x4)
                0x080052ec                        _sidata = LOADADDR (.data)

.rel.dyn        0x080052ec        0x0
 .rel.iplt      0x080052ec        0x0 /opt/st/stm32cubeide_1.16.1/plugins/com.st.stm32cube.ide.mcu.externaltools.gnu-tools-for-stm32.12.3.rel1.linux64_1.0.200.202406132123/tools/bin/../lib/gcc/arm-none-eabi/12.3.1/thumb/v7e-m+fp/hard/crtbegin.o

.data           0x20000000       0x70 load address 0x080052ec
                0x20000000                        . = ALIGN (0x4)
                0x20000000                        _sdata = .
 *(.data)
 *(.data*)
 .data.SystemCoreClock
                0x20000000        0x4 ./Core/Src/system_stm32f4xx.o
                0x20000000                SystemCoreClock
 .data.uwTickPrio
                0x20000004        0x4 ./Drivers/STM32F4xx_HAL_Driver/Src/stm32f4xx_hal.o
                0x20000004                uwTickPrio
 .data.uwTickFreq
                0x20000008        0x1 ./Drivers/STM32F4xx_HAL_Driver/Src/stm32f4xx_hal.o
                0x20000008                uwTickFreq
 *fill*         0x20000009        0x3 
 .data.uxTopUsedPriority
                0x2000000c        0x4 ./ThirdParty/FreeRTOS/tasks.o
                0x2000000c                uxTopUsedPriority
 .data.uxCriticalNesting
                0x20000010        0x4 ./ThirdParty/FreeRTOS/portable/GCC/ARM_CM4F/port.o
 .data.__sglue  0x20000014        0xc /opt/st/stm32cubeide_1.16.1/plugins/com.st.stm32cube.ide.mcu.externaltools.gnu-tools-for-stm32.12.3.rel1.linux64_1.0.200.202406132123/tools/bin/../lib/gcc/arm-none-eabi/12.3.1/../../../../arm-none-eabi/lib/thumb/v7e-m+fp/hard/libc_nano.a(libc_a-findfp.o)
                0x20000014                __sglue
 .data._impure_ptr
                0x20000020        0x4 /opt/st/stm32cubeide_1.16.1/plugins/com.st.stm32cube.ide.mcu.externaltools.gnu-tools-for-stm32.12.3.rel1.linux64_1.0.200.202406132123/tools/bin/../lib/gcc/arm-none-eabi/12.3.1/../../../../arm-none-eabi/lib/thumb/v7e-m+fp/hard/libc_nano.a(libc_a-impure.o)
                0x20000020                _impure_ptr
 .data._impure_data
                0x20000024       0x4c /opt/st/stm32cubeide_1.16.1/plugins/com.st.stm32cube.ide.mcu.externaltools.gnu-tools-for-stm32.12.3.rel1.linux64_1.0.200.202406132123/tools/bin/../lib/gcc/arm-none-eabi/12.3.1/../../../../arm-none-eabi/lib/thumb/v7e-m+fp/hard/libc_nano.a(libc_a-impure.o)
                0x20000024                _impure_data
 *(.RamFunc)
 *(.RamFunc*)
                0x20000070                        . = ALIGN (0x4)
                0x20000070                        _edata = .

.igot.plt       0x20000070        0x0 load address 0x0800535c
 .igot.plt      0x20000070        0x0 /opt/st/stm32cubeide_1.16.1/plugins/com.st.stm32cube.ide.mcu.externaltools.gnu-tools-for-stm32.12.3.rel1.linux64_1.0.200.202406132123/tools/bin/../lib/gcc/arm-none-eabi/12.3.1/thumb/v7e-m+fp/hard/crtbegin.o
                0x20000070                        . = ALIGN (0x4)

.bss            0x20000070    0x12f5c load address 0x0800535c
                0x20000070                        _sbss = .
                0x20000070                        __bss_start__ = _sbss
 *(.bss)
 .bss           0x20000070       0x1c /opt/st/stm32cubeide_1.16.1/plugins/com.st.stm32cube.ide.mcu.externaltools.gnu-tools-for-stm32.12.3.rel1.linux64_1.0.200.202406132123/tools/bin/../lib/gcc/arm-none-eabi/12.3.1/thumb/v7e-m+fp/hard/crtbegin.o
 *(.bss*)
 .bss.htim5     0x2000008c       0x48 ./Core/Src/stm32f4xx_hal_timebase_tim.o
                0x2000008c                htim5
 .bss.__sbrk_heap_end
                0x200000d4        0x4 ./Core/Src/sysmem.o
 .bss.uwTick    0x200000d8        0x4 ./Drivers/STM32F4xx_HAL_Driver/Src/stm32f4xx_hal.o
                0x200000d8                uwTick
 .bss.xQueueRegistry
                0x200000dc       0x40 ./ThirdParty/FreeRTOS/queue.o
                0x200000dc                xQueueRegistry
 .bss.pxCurrentTCB
                0x2000011c        0x4 ./ThirdParty/FreeRTOS/tasks.o
                0x2000011c                pxCurrentTCB
 .bss.pxReadyTasksLists
                0x20000120       0x64 ./ThirdParty/FreeRTOS/tasks.o
 .bss.xDelayedTaskList1
                0x20000184       0x14 ./ThirdParty/FreeRTOS/tasks.o
 .bss.xDelayedTaskList2
                0x20000198       0x14 ./ThirdParty/FreeRTOS/tasks.o
 .bss.pxDelayedTaskList
                0x200001ac        0x4 ./ThirdParty/FreeRTOS/tasks.o
 .bss.pxOverflowDelayedTaskList
                0x200001b0        0x4 ./ThirdParty/FreeRTOS/tasks.o
 .bss.xPendingReadyList
                0x200001b4       0x14 ./ThirdParty/FreeRTOS/tasks.o
 .bss.xTasksWaitingTermination
                0x200001c8       0x14 ./ThirdParty/FreeRTOS/tasks.o
 .bss.uxDeletedTasksWaitingCleanUp
                0x200001dc        0x4 ./ThirdParty/FreeRTOS/tasks.o
 .bss.xSuspendedTaskList
                0x200001e0       0x14 ./ThirdParty/FreeRTOS/tasks.o
 .bss.uxCurrentNumberOfTasks
                0x200001f4        0x4 ./ThirdParty/FreeRTOS/tasks.o
 .bss.xTickCount
                0x200001f8        0x4 ./ThirdParty/FreeRTOS/tasks.o
 .bss.uxTopReadyPriority
                0x200001fc        0x4 ./ThirdParty/FreeRTOS/tasks.o
 .bss.xSchedulerRunning
                0x20000200        0x4 ./ThirdParty/FreeRTOS/tasks.o
 .bss.xPendedTicks
                0x20000204        0x4 ./ThirdParty/FreeRTOS/tasks.o
 .bss.xYieldPending
                0x20000208        0x4 ./ThirdParty/FreeRTOS/tasks.o
 .bss.xNumOfOverflows
                0x2000020c        0x4 ./ThirdParty/FreeRTOS/tasks.o
 .bss.uxTaskNumber
                0x20000210        0x4 ./ThirdParty/FreeRTOS/tasks.o
 .bss.xNextTaskUnblockTime
                0x20000214        0x4 ./ThirdParty/FreeRTOS/tasks.o
 .bss.xIdleTaskHandle
                0x20000218        0x4 ./ThirdParty/FreeRTOS/tasks.o
 .bss.uxSchedulerSuspended
                0x2000021c        0x4 ./ThirdParty/FreeRTOS/tasks.o
 .bss.xActiveTimerList1
                0x20000220       0x14 ./ThirdParty/FreeRTOS/timers.o
 .bss.xActiveTimerList2
                0x20000234       0x14 ./ThirdParty/FreeRTOS/timers.o
 .bss.pxCurrentTimerList
                0x20000248        0x4 ./ThirdParty/FreeRTOS/timers.o
 .bss.pxOverflowTimerList
                0x2000024c        0x4 ./ThirdParty/FreeRTOS/timers.o
 .bss.xTimerQueue
                0x20000250        0x4 ./ThirdParty/FreeRTOS/timers.o
 .bss.xTimerTaskHandle
                0x20000254        0x4 ./ThirdParty/FreeRTOS/timers.o
 .bss.xLastTime.0
                0x20000258        0x4 ./ThirdParty/FreeRTOS/timers.o
 .bss.ucMaxSysCallPriority
                0x2000025c        0x1 ./ThirdParty/FreeRTOS/portable/GCC/ARM_CM4F/port.o
 *fill*         0x2000025d        0x3 
 .bss.ulMaxPRIGROUPValue
                0x20000260        0x4 ./ThirdParty/FreeRTOS/portable/GCC/ARM_CM4F/port.o
 .bss.ucHeap    0x20000264    0x12c00 ./ThirdParty/FreeRTOS/portable/MemMang/heap_4.o
 .bss.xStart    0x20012e64        0x8 ./ThirdParty/FreeRTOS/portable/MemMang/heap_4.o
 .bss.pxEnd     0x20012e6c        0x4 ./ThirdParty/FreeRTOS/portable/MemMang/heap_4.o
 .bss.xFreeBytesRemaining
                0x20012e70        0x4 ./ThirdParty/FreeRTOS/portable/MemMang/heap_4.o
 .bss.xMinimumEverFreeBytesRemaining
                0x20012e74        0x4 ./ThirdParty/FreeRTOS/portable/MemMang/heap_4.o
 .bss.xNumberOfSuccessfulAllocations
                0x20012e78        0x4 ./ThirdParty/FreeRTOS/portable/MemMang/heap_4.o
 .bss.xNumberOfSuccessfulFrees
                0x20012e7c        0x4 ./ThirdParty/FreeRTOS/portable/MemMang/heap_4.o
 .bss.__sf      0x20012e80      0x138 /opt/st/stm32cubeide_1.16.1/plugins/com.st.stm32cube.ide.mcu.externaltools.gnu-tools-for-stm32.12.3.rel1.linux64_1.0.200.202406132123/tools/bin/../lib/gcc/arm-none-eabi/12.3.1/../../../../arm-none-eabi/lib/thumb/v7e-m+fp/hard/libc_nano.a(libc_a-findfp.o)
                0x20012e80                __sf
 .bss.__stdio_exit_handler
                0x20012fb8        0x4 /opt/st/stm32cubeide_1.16.1/plugins/com.st.stm32cube.ide.mcu.externaltools.gnu-tools-for-stm32.12.3.rel1.linux64_1.0.200.202406132123/tools/bin/../lib/gcc/arm-none-eabi/12.3.1/../../../../arm-none-eabi/lib/thumb/v7e-m+fp/hard/libc_nano.a(libc_a-findfp.o)
                0x20012fb8                __stdio_exit_handler
 .bss.errno     0x20012fbc        0x4 /opt/st/stm32cubeide_1.16.1/plugins/com.st.stm32cube.ide.mcu.externaltools.gnu-tools-for-stm32.12.3.rel1.linux64_1.0.200.202406132123/tools/bin/../lib/gcc/arm-none-eabi/12.3.1/../../../../arm-none-eabi/lib/thumb/v7e-m+fp/hard/libc_nano.a(libc_a-reent.o)
                0x20012fbc                errno
 .bss.__lock___malloc_recursive_mutex
                0x20012fc0        0x1 /opt/st/stm32cubeide_1.16.1/plugins/com.st.stm32cube.ide.mcu.externaltools.gnu-tools-for-stm32.12.3.rel1.linux64_1.0.200.202406132123/tools/bin/../lib/gcc/arm-none-eabi/12.3.1/../../../../arm-none-eabi/lib/thumb/v7e-m+fp/hard/libc_nano.a(libc_a-lock.o)
                0x20012fc0                __lock___malloc_recursive_mutex
 .bss.__lock___sfp_recursive_mutex
                0x20012fc1        0x1 /opt/st/stm32cubeide_1.16.1/plugins/com.st.stm32cube.ide.mcu.externaltools.gnu-tools-for-stm32.12.3.rel1.linux64_1.0.200.202406132123/tools/bin/../lib/gcc/arm-none-eabi/12.3.1/../../../../arm-none-eabi/lib/thumb/v7e-m+fp/hard/libc_nano.a(libc_a-lock.o)
                0x20012fc1                __lock___sfp_recursive_mutex
 *fill*         0x20012fc2        0x2 
 .bss.__malloc_sbrk_start
                0x20012fc4        0x4 /opt/st/stm32cubeide_1.16.1/plugins/com.st.stm32cube.ide.mcu.externaltools.gnu-tools-for-stm32.12.3.rel1.linux64_1.0.200.202406132123/tools/bin/../lib/gcc/arm-none-eabi/12.3.1/../../../../arm-none-eabi/lib/thumb/v7e-m+fp/hard/libc_nano.a(libc_a-mallocr.o)
                0x20012fc4                __malloc_sbrk_start
 .bss.__malloc_free_list
                0x20012fc8        0x4 /opt/st/stm32cubeide_1.16.1/plugins/com.st.stm32cube.ide.mcu.externaltools.gnu-tools-for-stm32.12.3.rel1.linux64_1.0.200.202406132123/tools/bin/../lib/gcc/arm-none-eabi/12.3.1/../../../../arm-none-eabi/lib/thumb/v7e-m+fp/hard/libc_nano.a(libc_a-mallocr.o)
                0x20012fc8                __malloc_free_list
 *(COMMON)
                0x20012fcc                        . = ALIGN (0x4)
                0x20012fcc                        _ebss = .
                0x20012fcc                        __bss_end__ = _ebss

._user_heap_stack
                0x20012fcc      0x604 load address 0x0800535c
                0x20012fd0                        . = ALIGN (0x8)
 *fill*         0x20012fcc        0x4 
                [!provide]                        PROVIDE (end = .)
                0x20012fd0                        PROVIDE (_end = .)
                0x200131d0                        . = (. + _Min_Heap_Size)
 *fill*         0x20012fd0      0x200 
                0x200135d0                        . = (. + _Min_Stack_Size)
 *fill*         0x200131d0      0x400 
                0x200135d0                        . = ALIGN (0x8)

/DISCARD/
 libc.a(*)
 libm.a(*)
 libgcc.a(*)

.ARM.attributes
                0x00000000       0x30
 *(.ARM.attributes)
 .ARM.attributes
                0x00000000       0x22 /opt/st/stm32cubeide_1.16.1/plugins/com.st.stm32cube.ide.mcu.externaltools.gnu-tools-for-stm32.12.3.rel1.linux64_1.0.200.202406132123/tools/bin/../lib/gcc/arm-none-eabi/12.3.1/thumb/v7e-m+fp/hard/crti.o
 .ARM.attributes
                0x00000022       0x34 /opt/st/stm32cubeide_1.16.1/plugins/com.st.stm32cube.ide.mcu.externaltools.gnu-tools-for-stm32.12.3.rel1.linux64_1.0.200.202406132123/tools/bin/../lib/gcc/arm-none-eabi/12.3.1/thumb/v7e-m+fp/hard/crtbegin.o
 .ARM.attributes
                0x00000056       0x34 ./Core/Src/main.o
 .ARM.attributes
                0x0000008a       0x34 ./Core/Src/stm32f4xx_hal_msp.o
 .ARM.attributes
                0x000000be       0x34 ./Core/Src/stm32f4xx_hal_timebase_tim.o
 .ARM.attributes
                0x000000f2       0x34 ./Core/Src/stm32f4xx_it.o
 .ARM.attributes
                0x00000126       0x34 ./Core/Src/syscalls.o
 .ARM.attributes
                0x0000015a       0x34 ./Core/Src/sysmem.o
 .ARM.attributes
                0x0000018e       0x34 ./Core/Src/system_stm32f4xx.o
 .ARM.attributes
                0x000001c2       0x21 ./Core/Startup/startup_stm32f411vetx.o
 .ARM.attributes
                0x000001e3       0x34 ./Drivers/STM32F4xx_HAL_Driver/Src/stm32f4xx_hal.o
 .ARM.attributes
                0x00000217       0x34 ./Drivers/STM32F4xx_HAL_Driver/Src/stm32f4xx_hal_cortex.o
 .ARM.attributes
                0x0000024b       0x34 ./Drivers/STM32F4xx_HAL_Driver/Src/stm32f4xx_hal_gpio.o
 .ARM.attributes
                0x0000027f       0x34 ./Drivers/STM32F4xx_HAL_Driver/Src/stm32f4xx_hal_rcc.o
 .ARM.attributes
                0x000002b3       0x34 ./Drivers/STM32F4xx_HAL_Driver/Src/stm32f4xx_hal_tim.o
 .ARM.attributes
                0x000002e7       0x34 ./Drivers/STM32F4xx_HAL_Driver/Src/stm32f4xx_hal_tim_ex.o
 .ARM.attributes
                0x0000031b       0x34 ./ThirdParty/FreeRTOS/list.o
 .ARM.attributes
                0x0000034f       0x34 ./ThirdParty/FreeRTOS/queue.o
 .ARM.attributes
                0x00000383       0x34 ./ThirdParty/FreeRTOS/tasks.o
 .ARM.attributes
                0x000003b7       0x34 ./ThirdParty/FreeRTOS/timers.o
 .ARM.attributes
                0x000003eb       0x34 ./ThirdParty/FreeRTOS/portable/GCC/ARM_CM4F/port.o
 .ARM.attributes
                0x0000041f       0x34 ./ThirdParty/FreeRTOS/portable/MemMang/heap_4.o
 .ARM.attributes
                0x00000453       0x34 /opt/st/stm32cubeide_1.16.1/plugins/com.st.stm32cube.ide.mcu.externaltools.gnu-tools-for-stm32.12.3.rel1.linux64_1.0.200.202406132123/tools/bin/../lib/gcc/arm-none-eabi/12.3.1/../../../../arm-none-eabi/lib/thumb/v7e-m+fp/hard/libc_nano.a(libc_a-findfp.o)
 .ARM.attributes
                0x00000487       0x34 /opt/st/stm32cubeide_1.16.1/plugins/com.st.stm32cube.ide.mcu.externaltools.gnu-tools-for-stm32.12.3.rel1.linux64_1.0.200.202406132123/tools/bin/../lib/gcc/arm-none-eabi/12.3.1/../../../../arm-none-eabi/lib/thumb/v7e-m+fp/hard/libc_nano.a(libc_a-fwalk.o)
 .ARM.attributes
                0x000004bb       0x34 /opt/st/stm32cubeide_1.16.1/plugins/com.st.stm32cube.ide.mcu.externaltools.gnu-tools-for-stm32.12.3.rel1.linux64_1.0.200.202406132123/tools/bin/../lib/gcc/arm-none-eabi/12.3.1/../../../../arm-none-eabi/lib/thumb/v7e-m+fp/hard/libc_nano.a(libc_a-printf.o)
 .ARM.attributes
                0x000004ef       0x34 /opt/st/stm32cubeide_1.16.1/plugins/com.st.stm32cube.ide.mcu.externaltools.gnu-tools-for-stm32.12.3.rel1.linux64_1.0.200.202406132123/tools/bin/../lib/gcc/arm-none-eabi/12.3.1/../../../../arm-none-eabi/lib/thumb/v7e-m+fp/hard/libc_nano.a(libc_a-stdio.o)
 .ARM.attributes
                0x00000523       0x34 /opt/st/stm32cubeide_1.16.1/plugins/com.st.stm32cube.ide.mcu.externaltools.gnu-tools-for-stm32.12.3.rel1.linux64_1.0.200.202406132123/tools/bin/../lib/gcc/arm-none-eabi/12.3.1/../../../../arm-none-eabi/lib/thumb/v7e-m+fp/hard/libc_nano.a(libc_a-memset.o)
 .ARM.attributes
                0x00000557       0x34 /opt/st/stm32cubeide_1.16.1/plugins/com.st.stm32cube.ide.mcu.externaltools.gnu-tools-for-stm32.12.3.rel1.linux64_1.0.200.202406132123/tools/bin/../lib/gcc/arm-none-eabi/12.3.1/../../../../arm-none-eabi/lib/thumb/v7e-m+fp/hard/libc_nano.a(libc_a-closer.o)
 .ARM.attributes
                0x0000058b       0x34 /opt/st/stm32cubeide_1.16.1/plugins/com.st.stm32cube.ide.mcu.externaltools.gnu-tools-for-stm32.12.3.rel1.linux64_1.0.200.202406132123/tools/bin/../lib/gcc/arm-none-eabi/12.3.1/../../../../arm-none-eabi/lib/thumb/v7e-m+fp/hard/libc_nano.a(libc_a-reent.o)
 .ARM.attributes
                0x000005bf       0x34 /opt/st/stm32cubeide_1.16.1/plugins/com.st.stm32cube.ide.mcu.externaltools.gnu-tools-for-stm32.12.3.rel1.linux64_1.0.200.202406132123/tools/bin/../lib/gcc/arm-none-eabi/12.3.1/../../../../arm-none-eabi/lib/thumb/v7e-m+fp/hard/libc_nano.a(libc_a-impure.o)
 .ARM.attributes
                0x000005f3       0x34 /opt/st/stm32cubeide_1.16.1/plugins/com.st.stm32cube.ide.mcu.externaltools.gnu-tools-for-stm32.12.3.rel1.linux64_1.0.200.202406132123/tools/bin/../lib/gcc/arm-none-eabi/12.3.1/../../../../arm-none-eabi/lib/thumb/v7e-m+fp/hard/libc_nano.a(libc_a-lseekr.o)
 .ARM.attributes
                0x00000627       0x34 /opt/st/stm32cubeide_1.16.1/plugins/com.st.stm32cube.ide.mcu.externaltools.gnu-tools-for-stm32.12.3.rel1.linux64_1.0.200.202406132123/tools/bin/../lib/gcc/arm-none-eabi/12.3.1/../../../../arm-none-eabi/lib/thumb/v7e-m+fp/hard/libc_nano.a(libc_a-readr.o)
 .ARM.attributes
                0x0000065b       0x34 /opt/st/stm32cubeide_1.16.1/plugins/com.st.stm32cube.ide.mcu.externaltools.gnu-tools-for-stm32.12.3.rel1.linux64_1.0.200.202406132123/tools/bin/../lib/gcc/arm-none-eabi/12.3.1/../../../../arm-none-eabi/lib/thumb/v7e-m+fp/hard/libc_nano.a(libc_a-writer.o)
 .ARM.attributes
                0x0000068f       0x34 /opt/st/stm32cubeide_1.16.1/plugins/com.st.stm32cube.ide.mcu.externaltools.gnu-tools-for-stm32.12.3.rel1.linux64_1.0.200.202406132123/tools/bin/../lib/gcc/arm-none-eabi/12.3.1/../../../../arm-none-eabi/lib/thumb/v7e-m+fp/hard/libc_nano.a(libc_a-errno.o)
 .ARM.attributes
                0x000006c3       0x34 /opt/st/stm32cubeide_1.16.1/plugins/com.st.stm32cube.ide.mcu.externaltools.gnu-tools-for-stm32.12.3.rel1.linux64_1.0.200.202406132123/tools/bin/../lib/gcc/arm-none-eabi/12.3.1/../../../../arm-none-eabi/lib/thumb/v7e-m+fp/hard/libc_nano.a(libc_a-init.o)
 .ARM.attributes
                0x000006f7       0x34 /opt/st/stm32cubeide_1.16.1/plugins/com.st.stm32cube.ide.mcu.externaltools.gnu-tools-for-stm32.12.3.rel1.linux64_1.0.200.202406132123/tools/bin/../lib/gcc/arm-none-eabi/12.3.1/../../../../arm-none-eabi/lib/thumb/v7e-m+fp/hard/libc_nano.a(libc_a-lock.o)
 .ARM.attributes
                0x0000072b       0x34 /opt/st/stm32cubeide_1.16.1/plugins/com.st.stm32cube.ide.mcu.externaltools.gnu-tools-for-stm32.12.3.rel1.linux64_1.0.200.202406132123/tools/bin/../lib/gcc/arm-none-eabi/12.3.1/../../../../arm-none-eabi/lib/thumb/v7e-m+fp/hard/libc_nano.a(libc_a-memcpy-stub.o)
 .ARM.attributes
                0x0000075f       0x34 /opt/st/stm32cubeide_1.16.1/plugins/com.st.stm32cube.ide.mcu.externaltools.gnu-tools-for-stm32.12.3.rel1.linux64_1.0.200.202406132123/tools/bin/../lib/gcc/arm-none-eabi/12.3.1/../../../../arm-none-eabi/lib/thumb/v7e-m+fp/hard/libc_nano.a(libc_a-freer.o)
 .ARM.attributes
                0x00000793       0x34 /opt/st/stm32cubeide_1.16.1/plugins/com.st.stm32cube.ide.mcu.externaltools.gnu-tools-for-stm32.12.3.rel1.linux64_1.0.200.202406132123/tools/bin/../lib/gcc/arm-none-eabi/12.3.1/../../../../arm-none-eabi/lib/thumb/v7e-m+fp/hard/libc_nano.a(libc_a-mallocr.o)
 .ARM.attributes
                0x000007c7       0x34 /opt/st/stm32cubeide_1.16.1/plugins/com.st.stm32cube.ide.mcu.externaltools.gnu-tools-for-stm32.12.3.rel1.linux64_1.0.200.202406132123/tools/bin/../lib/gcc/arm-none-eabi/12.3.1/../../../../arm-none-eabi/lib/thumb/v7e-m+fp/hard/libc_nano.a(libc_a-mlock.o)
 .ARM.attributes
                0x000007fb       0x34 /opt/st/stm32cubeide_1.16.1/plugins/com.st.stm32cube.ide.mcu.externaltools.gnu-tools-for-stm32.12.3.rel1.linux64_1.0.200.202406132123/tools/bin/../lib/gcc/arm-none-eabi/12.3.1/../../../../arm-none-eabi/lib/thumb/v7e-m+fp/hard/libc_nano.a(libc_a-nano-vfprintf.o)
 .ARM.attributes
                0x0000082f       0x34 /opt/st/stm32cubeide_1.16.1/plugins/com.st.stm32cube.ide.mcu.externaltools.gnu-tools-for-stm32.12.3.rel1.linux64_1.0.200.202406132123/tools/bin/../lib/gcc/arm-none-eabi/12.3.1/../../../../arm-none-eabi/lib/thumb/v7e-m+fp/hard/libc_nano.a(libc_a-nano-vfprintf_i.o)
 .ARM.attributes
                0x00000863       0x34 /opt/st/stm32cubeide_1.16.1/plugins/com.st.stm32cube.ide.mcu.externaltools.gnu-tools-for-stm32.12.3.rel1.linux64_1.0.200.202406132123/tools/bin/../lib/gcc/arm-none-eabi/12.3.1/../../../../arm-none-eabi/lib/thumb/v7e-m+fp/hard/libc_nano.a(libc_a-fflush.o)
 .ARM.attributes
                0x00000897       0x34 /opt/st/stm32cubeide_1.16.1/plugins/com.st.stm32cube.ide.mcu.externaltools.gnu-tools-for-stm32.12.3.rel1.linux64_1.0.200.202406132123/tools/bin/../lib/gcc/arm-none-eabi/12.3.1/../../../../arm-none-eabi/lib/thumb/v7e-m+fp/hard/libc_nano.a(libc_a-wbuf.o)
 .ARM.attributes
                0x000008cb       0x34 /opt/st/stm32cubeide_1.16.1/plugins/com.st.stm32cube.ide.mcu.externaltools.gnu-tools-for-stm32.12.3.rel1.linux64_1.0.200.202406132123/tools/bin/../lib/gcc/arm-none-eabi/12.3.1/../../../../arm-none-eabi/lib/thumb/v7e-m+fp/hard/libc_nano.a(libc_a-wsetup.o)
 .ARM.attributes
                0x000008ff       0x34 /opt/st/stm32cubeide_1.16.1/plugins/com.st.stm32cube.ide.mcu.externaltools.gnu-tools-for-stm32.12.3.rel1.linux64_1.0.200.202406132123/tools/bin/../lib/gcc/arm-none-eabi/12.3.1/../../../../arm-none-eabi/lib/thumb/v7e-m+fp/hard/libc_nano.a(libc_a-sbrkr.o)
 .ARM.attributes
                0x00000933       0x1c /opt/st/stm32cubeide_1.16.1/plugins/com.st.stm32cube.ide.mcu.externaltools.gnu-tools-for-stm32.12.3.rel1.linux64_1.0.200.202406132123/tools/bin/../lib/gcc/arm-none-eabi/12.3.1/../../../../arm-none-eabi/lib/thumb/v7e-m+fp/hard/libc_nano.a(libc_a-memchr.o)
 .ARM.attributes
                0x0000094f       0x34 /opt/st/stm32cubeide_1.16.1/plugins/com.st.stm32cube.ide.mcu.externaltools.gnu-tools-for-stm32.12.3.rel1.linux64_1.0.200.202406132123/tools/bin/../lib/gcc/arm-none-eabi/12.3.1/../../../../arm-none-eabi/lib/thumb/v7e-m+fp/hard/libc_nano.a(libc_a-makebuf.o)
 .ARM.attributes
                0x00000983       0x34 /opt/st/stm32cubeide_1.16.1/plugins/com.st.stm32cube.ide.mcu.externaltools.gnu-tools-for-stm32.12.3.rel1.linux64_1.0.200.202406132123/tools/bin/../lib/gcc/arm-none-eabi/12.3.1/../../../../arm-none-eabi/lib/thumb/v7e-m+fp/hard/libc_nano.a(libc_a-fstatr.o)
 .ARM.attributes
                0x000009b7       0x34 /opt/st/stm32cubeide_1.16.1/plugins/com.st.stm32cube.ide.mcu.externaltools.gnu-tools-for-stm32.12.3.rel1.linux64_1.0.200.202406132123/tools/bin/../lib/gcc/arm-none-eabi/12.3.1/../../../../arm-none-eabi/lib/thumb/v7e-m+fp/hard/libc_nano.a(libc_a-isattyr.o)
 .ARM.attributes
                0x000009eb       0x22 /opt/st/stm32cubeide_1.16.1/plugins/com.st.stm32cube.ide.mcu.externaltools.gnu-tools-for-stm32.12.3.rel1.linux64_1.0.200.202406132123/tools/bin/../lib/gcc/arm-none-eabi/12.3.1/thumb/v7e-m+fp/hard/libgcc.a(_aeabi_uldivmod.o)
 .ARM.attributes
                0x00000a0d       0x34 /opt/st/stm32cubeide_1.16.1/plugins/com.st.stm32cube.ide.mcu.externaltools.gnu-tools-for-stm32.12.3.rel1.linux64_1.0.200.202406132123/tools/bin/../lib/gcc/arm-none-eabi/12.3.1/thumb/v7e-m+fp/hard/libgcc.a(_udivmoddi4.o)
 .ARM.attributes
                0x00000a41       0x22 /opt/st/stm32cubeide_1.16.1/plugins/com.st.stm32cube.ide.mcu.externaltools.gnu-tools-for-stm32.12.3.rel1.linux64_1.0.200.202406132123/tools/bin/../lib/gcc/arm-none-eabi/12.3.1/thumb/v7e-m+fp/hard/libgcc.a(_dvmd_tls.o)
 .ARM.attributes
                0x00000a63       0x22 /opt/st/stm32cubeide_1.16.1/plugins/com.st.stm32cube.ide.mcu.externaltools.gnu-tools-for-stm32.12.3.rel1.linux64_1.0.200.202406132123/tools/bin/../lib/gcc/arm-none-eabi/12.3.1/thumb/v7e-m+fp/hard/crtn.o
OUTPUT(001_Tasks.elf elf32-littlearm)
LOAD linker stubs
LOAD /opt/st/stm32cubeide_1.16.1/plugins/com.st.stm32cube.ide.mcu.externaltools.gnu-tools-for-stm32.12.3.rel1.linux64_1.0.200.202406132123/tools/bin/../lib/gcc/arm-none-eabi/12.3.1/../../../../arm-none-eabi/lib/thumb/v7e-m+fp/hard/libc.a
LOAD /opt/st/stm32cubeide_1.16.1/plugins/com.st.stm32cube.ide.mcu.externaltools.gnu-tools-for-stm32.12.3.rel1.linux64_1.0.200.202406132123/tools/bin/../lib/gcc/arm-none-eabi/12.3.1/../../../../arm-none-eabi/lib/thumb/v7e-m+fp/hard/libm.a
LOAD /opt/st/stm32cubeide_1.16.1/plugins/com.st.stm32cube.ide.mcu.externaltools.gnu-tools-for-stm32.12.3.rel1.linux64_1.0.200.202406132123/tools/bin/../lib/gcc/arm-none-eabi/12.3.1/thumb/v7e-m+fp/hard/libgcc.a

.debug_info     0x00000000     0xec2c
 .debug_info    0x00000000      0xe97 ./Core/Src/main.o
 .debug_info    0x00000e97      0x291 ./Core/Src/stm32f4xx_hal_msp.o
 .debug_info    0x00001128      0xb83 ./Core/Src/stm32f4xx_hal_timebase_tim.o
 .debug_info    0x00001cab      0x6a4 ./Core/Src/stm32f4xx_it.o
 .debug_info    0x0000234f      0x6d1 ./Core/Src/syscalls.o
 .debug_info    0x00002a20      0x168 ./Core/Src/sysmem.o
 .debug_info    0x00002b88      0x53e ./Core/Src/system_stm32f4xx.o
 .debug_info    0x000030c6       0x30 ./Core/Startup/startup_stm32f411vetx.o
 .debug_info    0x000030f6      0x8c4 ./Drivers/STM32F4xx_HAL_Driver/Src/stm32f4xx_hal.o
 .debug_info    0x000039ba      0xcfc ./Drivers/STM32F4xx_HAL_Driver/Src/stm32f4xx_hal_cortex.o
 .debug_info    0x000046b6      0x6f9 ./Drivers/STM32F4xx_HAL_Driver/Src/stm32f4xx_hal_gpio.o
 .debug_info    0x00004daf      0x8f0 ./Drivers/STM32F4xx_HAL_Driver/Src/stm32f4xx_hal_rcc.o
 .debug_info    0x0000569f     0x2996 ./Drivers/STM32F4xx_HAL_Driver/Src/stm32f4xx_hal_tim.o
 .debug_info    0x00008035     0x14d4 ./Drivers/STM32F4xx_HAL_Driver/Src/stm32f4xx_hal_tim_ex.o
 .debug_info    0x00009509      0x2af ./ThirdParty/FreeRTOS/list.o
 .debug_info    0x000097b8     0x184f ./ThirdParty/FreeRTOS/queue.o
 .debug_info    0x0000b007     0x2401 ./ThirdParty/FreeRTOS/tasks.o
 .debug_info    0x0000d408      0xe20 ./ThirdParty/FreeRTOS/timers.o
 .debug_info    0x0000e228      0x4e1 ./ThirdParty/FreeRTOS/portable/GCC/ARM_CM4F/port.o
 .debug_info    0x0000e709      0x523 ./ThirdParty/FreeRTOS/portable/MemMang/heap_4.o

.debug_abbrev   0x00000000     0x294e
 .debug_abbrev  0x00000000      0x311 ./Core/Src/main.o
 .debug_abbrev  0x00000311       0xd8 ./Core/Src/stm32f4xx_hal_msp.o
 .debug_abbrev  0x000003e9      0x207 ./Core/Src/stm32f4xx_hal_timebase_tim.o
 .debug_abbrev  0x000005f0      0x190 ./Core/Src/stm32f4xx_it.o
 .debug_abbrev  0x00000780      0x1b1 ./Core/Src/syscalls.o
 .debug_abbrev  0x00000931       0xbc ./Core/Src/sysmem.o
 .debug_abbrev  0x000009ed      0x11a ./Core/Src/system_stm32f4xx.o
 .debug_abbrev  0x00000b07       0x24 ./Core/Startup/startup_stm32f411vetx.o
 .debug_abbrev  0x00000b2b      0x24b ./Drivers/STM32F4xx_HAL_Driver/Src/stm32f4xx_hal.o
 .debug_abbrev  0x00000d76      0x31d ./Drivers/STM32F4xx_HAL_Driver/Src/stm32f4xx_hal_cortex.o
 .debug_abbrev  0x00001093      0x1d3 ./Drivers/STM32F4xx_HAL_Driver/Src/stm32f4xx_hal_gpio.o
 .debug_abbrev  0x00001266      0x2b6 ./Drivers/STM32F4xx_HAL_Driver/Src/stm32f4xx_hal_rcc.o
 .debug_abbrev  0x0000151c      0x28b ./Drivers/STM32F4xx_HAL_Driver/Src/stm32f4xx_hal_tim.o
 .debug_abbrev  0x000017a7      0x296 ./Drivers/STM32F4xx_HAL_Driver/Src/stm32f4xx_hal_tim_ex.o
 .debug_abbrev  0x00001a3d       0xf5 ./ThirdParty/FreeRTOS/list.o
 .debug_abbrev  0x00001b32      0x323 ./ThirdParty/FreeRTOS/queue.o
 .debug_abbrev  0x00001e55      0x37e ./ThirdParty/FreeRTOS/tasks.o
 .debug_abbrev  0x000021d3      0x2cb ./ThirdParty/FreeRTOS/timers.o
 .debug_abbrev  0x0000249e      0x25a ./ThirdParty/FreeRTOS/portable/GCC/ARM_CM4F/port.o
 .debug_abbrev  0x000026f8      0x256 ./ThirdParty/FreeRTOS/portable/MemMang/heap_4.o

.debug_aranges  0x00000000      0xf78
 .debug_aranges
                0x00000000       0x50 ./Core/Src/main.o
 .debug_aranges
                0x00000050       0x20 ./Core/Src/stm32f4xx_hal_msp.o
 .debug_aranges
                0x00000070       0x30 ./Core/Src/stm32f4xx_hal_timebase_tim.o
 .debug_aranges
                0x000000a0       0x50 ./Core/Src/stm32f4xx_it.o
 .debug_aranges
                0x000000f0       0xb0 ./Core/Src/syscalls.o
 .debug_aranges
                0x000001a0       0x20 ./Core/Src/sysmem.o
 .debug_aranges
                0x000001c0       0x28 ./Core/Src/system_stm32f4xx.o
 .debug_aranges
                0x000001e8       0x28 ./Core/Startup/startup_stm32f411vetx.o
 .debug_aranges
                0x00000210       0xf0 ./Drivers/STM32F4xx_HAL_Driver/Src/stm32f4xx_hal.o
 .debug_aranges
                0x00000300      0x130 ./Drivers/STM32F4xx_HAL_Driver/Src/stm32f4xx_hal_cortex.o
 .debug_aranges
                0x00000430       0x58 ./Drivers/STM32F4xx_HAL_Driver/Src/stm32f4xx_hal_gpio.o
 .debug_aranges
                0x00000488       0x88 ./Drivers/STM32F4xx_HAL_Driver/Src/stm32f4xx_hal_rcc.o
 .debug_aranges
                0x00000510      0x3d0 ./Drivers/STM32F4xx_HAL_Driver/Src/stm32f4xx_hal_tim.o
 .debug_aranges
                0x000008e0      0x168 ./Drivers/STM32F4xx_HAL_Driver/Src/stm32f4xx_hal_tim_ex.o
 .debug_aranges
                0x00000a48       0x40 ./ThirdParty/FreeRTOS/list.o
 .debug_aranges
                0x00000a88      0x130 ./ThirdParty/FreeRTOS/queue.o
 .debug_aranges
                0x00000bb8      0x1f8 ./ThirdParty/FreeRTOS/tasks.o
 .debug_aranges
                0x00000db0       0xe8 ./ThirdParty/FreeRTOS/timers.o
 .debug_aranges
                0x00000e98       0x80 ./ThirdParty/FreeRTOS/portable/GCC/ARM_CM4F/port.o
 .debug_aranges
                0x00000f18       0x60 ./ThirdParty/FreeRTOS/portable/MemMang/heap_4.o

.debug_rnglists
                0x00000000      0xbda
 .debug_rnglists
                0x00000000       0x3a ./Core/Src/main.o
 .debug_rnglists
                0x0000003a       0x13 ./Core/Src/stm32f4xx_hal_msp.o
 .debug_rnglists
                0x0000004d       0x20 ./Core/Src/stm32f4xx_hal_timebase_tim.o
 .debug_rnglists
                0x0000006d       0x37 ./Core/Src/stm32f4xx_it.o
 .debug_rnglists
                0x000000a4       0x7f ./Core/Src/syscalls.o
 .debug_rnglists
                0x00000123       0x13 ./Core/Src/sysmem.o
 .debug_rnglists
                0x00000136       0x1a ./Core/Src/system_stm32f4xx.o
 .debug_rnglists
                0x00000150       0x19 ./Core/Startup/startup_stm32f411vetx.o
 .debug_rnglists
                0x00000169       0xaf ./Drivers/STM32F4xx_HAL_Driver/Src/stm32f4xx_hal.o
 .debug_rnglists
                0x00000218       0xe0 ./Drivers/STM32F4xx_HAL_Driver/Src/stm32f4xx_hal_cortex.o
 .debug_rnglists
                0x000002f8       0x3f ./Drivers/STM32F4xx_HAL_Driver/Src/stm32f4xx_hal_gpio.o
 .debug_rnglists
                0x00000337       0x66 ./Drivers/STM32F4xx_HAL_Driver/Src/stm32f4xx_hal_rcc.o
 .debug_rnglists
                0x0000039d      0x31a ./Drivers/STM32F4xx_HAL_Driver/Src/stm32f4xx_hal_tim.o
 .debug_rnglists
                0x000006b7      0x125 ./Drivers/STM32F4xx_HAL_Driver/Src/stm32f4xx_hal_tim_ex.o
 .debug_rnglists
                0x000007dc       0x2b ./ThirdParty/FreeRTOS/list.o
 .debug_rnglists
                0x00000807       0xec ./ThirdParty/FreeRTOS/queue.o
 .debug_rnglists
                0x000008f3      0x195 ./ThirdParty/FreeRTOS/tasks.o
 .debug_rnglists
                0x00000a88       0xad ./ThirdParty/FreeRTOS/timers.o
 .debug_rnglists
                0x00000b35       0x5d ./ThirdParty/FreeRTOS/portable/GCC/ARM_CM4F/port.o
 .debug_rnglists
                0x00000b92       0x48 ./ThirdParty/FreeRTOS/portable/MemMang/heap_4.o

.debug_macro    0x00000000    0x186af
 .debug_macro   0x00000000      0x318 ./Core/Src/main.o
 .debug_macro   0x00000318      0xab4 ./Core/Src/main.o
 .debug_macro   0x00000dcc      0x295 ./Core/Src/main.o
 .debug_macro   0x00001061       0x2e ./Core/Src/main.o
 .debug_macro   0x0000108f       0x28 ./Core/Src/main.o
 .debug_macro   0x000010b7       0x22 ./Core/Src/main.o
 .debug_macro   0x000010d9       0x8e ./Core/Src/main.o
 .debug_macro   0x00001167       0x51 ./Core/Src/main.o
 .debug_macro   0x000011b8      0x103 ./Core/Src/main.o
 .debug_macro   0x000012bb       0x6a ./Core/Src/main.o
 .debug_macro   0x00001325      0x1df ./Core/Src/main.o
 .debug_macro   0x00001504       0x1c ./Core/Src/main.o
 .debug_macro   0x00001520       0x22 ./Core/Src/main.o
 .debug_macro   0x00001542       0xfb ./Core/Src/main.o
 .debug_macro   0x0000163d     0x1011 ./Core/Src/main.o
 .debug_macro   0x0000264e      0x11f ./Core/Src/main.o
 .debug_macro   0x0000276d     0xb953 ./Core/Src/main.o
 .debug_macro   0x0000e0c0       0x6d ./Core/Src/main.o
 .debug_macro   0x0000e12d     0x369a ./Core/Src/main.o
 .debug_macro   0x000117c7      0x189 ./Core/Src/main.o
 .debug_macro   0x00011950       0x5c ./Core/Src/main.o
 .debug_macro   0x000119ac      0x45c ./Core/Src/main.o
 .debug_macro   0x00011e08      0x9e9 ./Core/Src/main.o
 .debug_macro   0x000127f1      0x115 ./Core/Src/main.o
 .debug_macro   0x00012906      0x11b ./Core/Src/main.o
 .debug_macro   0x00012a21       0xa5 ./Core/Src/main.o
 .debug_macro   0x00012ac6      0x15f ./Core/Src/main.o
 .debug_macro   0x00012c25      0x287 ./Core/Src/main.o
 .debug_macro   0x00012eac       0x5f ./Core/Src/main.o
 .debug_macro   0x00012f0b      0x236 ./Core/Src/main.o
 .debug_macro   0x00013141      0x132 ./Core/Src/main.o
 .debug_macro   0x00013273      0x264 ./Core/Src/main.o
 .debug_macro   0x000134d7       0x2e ./Core/Src/main.o
 .debug_macro   0x00013505      0x127 ./Core/Src/main.o
 .debug_macro   0x0001362c       0x85 ./Core/Src/main.o
 .debug_macro   0x000136b1       0x89 ./Core/Src/main.o
 .debug_macro   0x0001373a      0x8ed ./Core/Src/main.o
 .debug_macro   0x00014027       0x47 ./Core/Src/main.o
 .debug_macro   0x0001406e      0x126 ./Core/Src/main.o
 .debug_macro   0x00014194      0x178 ./Core/Src/main.o
 .debug_macro   0x0001430c       0x61 ./Core/Src/main.o
 .debug_macro   0x0001436d       0x2a ./Core/Src/main.o
 .debug_macro   0x00014397       0x43 ./Core/Src/main.o
 .debug_macro   0x000143da       0x34 ./Core/Src/main.o
 .debug_macro   0x0001440e       0x16 ./Core/Src/main.o
 .debug_macro   0x00014424       0x35 ./Core/Src/main.o
 .debug_macro   0x00014459      0x369 ./Core/Src/main.o
 .debug_macro   0x000147c2       0x10 ./Core/Src/main.o
 .debug_macro   0x000147d2       0x16 ./Core/Src/main.o
 .debug_macro   0x000147e8       0x43 ./Core/Src/main.o
 .debug_macro   0x0001482b       0x34 ./Core/Src/main.o
 .debug_macro   0x0001485f       0x10 ./Core/Src/main.o
 .debug_macro   0x0001486f       0x58 ./Core/Src/main.o
 .debug_macro   0x000148c7       0x8e ./Core/Src/main.o
 .debug_macro   0x00014955       0x1c ./Core/Src/main.o
 .debug_macro   0x00014971      0x177 ./Core/Src/main.o
 .debug_macro   0x00014ae8       0x16 ./Core/Src/main.o
 .debug_macro   0x00014afe       0x16 ./Core/Src/main.o
 .debug_macro   0x00014b14      0x146 ./Core/Src/main.o
 .debug_macro   0x00014c5a       0xfa ./Core/Src/main.o
 .debug_macro   0x00014d54      0x15a ./Core/Src/main.o
 .debug_macro   0x00014eae       0xea ./Core/Src/main.o
 .debug_macro   0x00014f98       0x28 ./Core/Src/main.o
 .debug_macro   0x00014fc0       0x1f ./Core/Src/main.o
 .debug_macro   0x00014fdf       0x12 ./Core/Src/main.o
 .debug_macro   0x00014ff1      0x52d ./Core/Src/main.o
 .debug_macro   0x0001551e       0xc3 ./Core/Src/main.o
 .debug_macro   0x000155e1      0x120 ./Core/Src/main.o
 .debug_macro   0x00015701      0x1d3 ./Core/Src/stm32f4xx_hal_msp.o
 .debug_macro   0x000158d4      0x1c4 ./Core/Src/stm32f4xx_hal_timebase_tim.o
 .debug_macro   0x00015a98      0x1dd ./Core/Src/stm32f4xx_it.o
 .debug_macro   0x00015c75      0x286 ./Core/Src/syscalls.o
 .debug_macro   0x00015efb       0x5b ./Core/Src/syscalls.o
 .debug_macro   0x00015f56       0x94 ./Core/Src/syscalls.o
 .debug_macro   0x00015fea       0x57 ./Core/Src/syscalls.o
 .debug_macro   0x00016041       0x10 ./Core/Src/syscalls.o
 .debug_macro   0x00016051       0x10 ./Core/Src/syscalls.o
 .debug_macro   0x00016061       0x10 ./Core/Src/syscalls.o
 .debug_macro   0x00016071       0x10 ./Core/Src/syscalls.o
 .debug_macro   0x00016081       0x1c ./Core/Src/syscalls.o
 .debug_macro   0x0001609d       0x52 ./Core/Src/syscalls.o
 .debug_macro   0x000160ef       0x22 ./Core/Src/syscalls.o
 .debug_macro   0x00016111       0x10 ./Core/Src/syscalls.o
 .debug_macro   0x00016121       0x52 ./Core/Src/syscalls.o
 .debug_macro   0x00016173       0xcf ./Core/Src/syscalls.o
 .debug_macro   0x00016242       0x1c ./Core/Src/syscalls.o
 .debug_macro   0x0001625e       0x3d ./Core/Src/syscalls.o
 .debug_macro   0x0001629b       0x35 ./Core/Src/syscalls.o
 .debug_macro   0x000162d0      0x12c ./Core/Src/syscalls.o
 .debug_macro   0x000163fc       0x16 ./Core/Src/syscalls.o
 .debug_macro   0x00016412       0x16 ./Core/Src/syscalls.o
 .debug_macro   0x00016428       0x29 ./Core/Src/syscalls.o
 .debug_macro   0x00016451       0x10 ./Core/Src/syscalls.o
 .debug_macro   0x00016461      0x242 ./Core/Src/syscalls.o
 .debug_macro   0x000166a3       0x1c ./Core/Src/syscalls.o
 .debug_macro   0x000166bf       0x10 ./Core/Src/syscalls.o
 .debug_macro   0x000166cf      0x18a ./Core/Src/syscalls.o
 .debug_macro   0x00016859       0x16 ./Core/Src/syscalls.o
 .debug_macro   0x0001686f       0xce ./Core/Src/syscalls.o
 .debug_macro   0x0001693d       0xff ./Core/Src/sysmem.o
 .debug_macro   0x00016a3c      0x23c ./Core/Src/sysmem.o
 .debug_macro   0x00016c78      0x1c4 ./Core/Src/system_stm32f4xx.o
 .debug_macro   0x00016e3c      0x224 ./Drivers/STM32F4xx_HAL_Driver/Src/stm32f4xx_hal.o
 .debug_macro   0x00017060      0x1c4 ./Drivers/STM32F4xx_HAL_Driver/Src/stm32f4xx_hal_cortex.o
 .debug_macro   0x00017224      0x1ca ./Drivers/STM32F4xx_HAL_Driver/Src/stm32f4xx_hal_gpio.o
 .debug_macro   0x000173ee      0x1e8 ./Drivers/STM32F4xx_HAL_Driver/Src/stm32f4xx_hal_rcc.o
 .debug_macro   0x000175d6      0x1c5 ./Drivers/STM32F4xx_HAL_Driver/Src/stm32f4xx_hal_tim.o
 .debug_macro   0x0001779b      0x1c4 ./Drivers/STM32F4xx_HAL_Driver/Src/stm32f4xx_hal_tim_ex.o
 .debug_macro   0x0001795f      0x198 ./ThirdParty/FreeRTOS/list.o
 .debug_macro   0x00017af7      0x22f ./ThirdParty/FreeRTOS/queue.o
 .debug_macro   0x00017d26       0x16 ./ThirdParty/FreeRTOS/queue.o
 .debug_macro   0x00017d3c       0x20 ./ThirdParty/FreeRTOS/queue.o
 .debug_macro   0x00017d5c       0x80 ./ThirdParty/FreeRTOS/queue.o
 .debug_macro   0x00017ddc      0x27e ./ThirdParty/FreeRTOS/tasks.o
 .debug_macro   0x0001805a       0x17 ./ThirdParty/FreeRTOS/tasks.o
 .debug_macro   0x00018071      0x1e7 ./ThirdParty/FreeRTOS/timers.o
 .debug_macro   0x00018258       0x97 ./ThirdParty/FreeRTOS/timers.o
 .debug_macro   0x000182ef      0x1a7 ./ThirdParty/FreeRTOS/portable/GCC/ARM_CM4F/port.o
 .debug_macro   0x00018496      0x219 ./ThirdParty/FreeRTOS/portable/MemMang/heap_4.o

.debug_line     0x00000000    0x10cd4
 .debug_line    0x00000000      0xbe9 ./Core/Src/main.o
 .debug_line    0x00000be9      0x67c ./Core/Src/stm32f4xx_hal_msp.o
 .debug_line    0x00001265      0x6f7 ./Core/Src/stm32f4xx_hal_timebase_tim.o
 .debug_line    0x0000195c      0x718 ./Core/Src/stm32f4xx_it.o
 .debug_line    0x00002074      0x822 ./Core/Src/syscalls.o
 .debug_line    0x00002896      0x4b8 ./Core/Src/sysmem.o
 .debug_line    0x00002d4e      0x700 ./Core/Src/system_stm32f4xx.o
 .debug_line    0x0000344e       0x7a ./Core/Startup/startup_stm32f411vetx.o
 .debug_line    0x000034c8      0x969 ./Drivers/STM32F4xx_HAL_Driver/Src/stm32f4xx_hal.o
 .debug_line    0x00003e31      0xc5b ./Drivers/STM32F4xx_HAL_Driver/Src/stm32f4xx_hal_cortex.o
 .debug_line    0x00004a8c      0xab9 ./Drivers/STM32F4xx_HAL_Driver/Src/stm32f4xx_hal_gpio.o
 .debug_line    0x00005545      0xcf4 ./Drivers/STM32F4xx_HAL_Driver/Src/stm32f4xx_hal_rcc.o
 .debug_line    0x00006239     0x34e7 ./Drivers/STM32F4xx_HAL_Driver/Src/stm32f4xx_hal_tim.o
 .debug_line    0x00009720     0x18fa ./Drivers/STM32F4xx_HAL_Driver/Src/stm32f4xx_hal_tim_ex.o
 .debug_line    0x0000b01a      0x7d8 ./ThirdParty/FreeRTOS/list.o
 .debug_line    0x0000b7f2     0x16c0 ./ThirdParty/FreeRTOS/queue.o
 .debug_line    0x0000ceb2     0x1de2 ./ThirdParty/FreeRTOS/tasks.o
 .debug_line    0x0000ec94      0xd1f ./ThirdParty/FreeRTOS/timers.o
 .debug_line    0x0000f9b3      0x8c8 ./ThirdParty/FreeRTOS/portable/GCC/ARM_CM4F/port.o
 .debug_line    0x0001027b      0xa59 ./ThirdParty/FreeRTOS/portable/MemMang/heap_4.o

.debug_str      0x00000000    0x96e85
 .debug_str     0x00000000    0x8e448 ./Core/Src/main.o
                              0x8e7c5 (size before relaxing)
 .debug_str     0x0008e448       0x2c ./Core/Src/stm32f4xx_hal_msp.o
                              0x85860 (size before relaxing)
 .debug_str     0x0008e474      0x4c5 ./Core/Src/stm32f4xx_hal_timebase_tim.o
                              0x85c9a (size before relaxing)
 .debug_str     0x0008e939       0xb5 ./Core/Src/stm32f4xx_it.o
                              0x85cfb (size before relaxing)
 .debug_str     0x0008e9ee     0x1fd6 ./Core/Src/syscalls.o
                               0x9998 (size before relaxing)
 .debug_str     0x000909c4       0x6b ./Core/Src/sysmem.o
                               0x6102 (size before relaxing)
 .debug_str     0x00090a2f       0xdb ./Core/Src/system_stm32f4xx.o
                              0x852fb (size before relaxing)
 .debug_str     0x00090b0a       0x44 ./Core/Startup/startup_stm32f411vetx.o
                                 0xb5 (size before relaxing)
 .debug_str     0x00090b4e      0x5ce ./Drivers/STM32F4xx_HAL_Driver/Src/stm32f4xx_hal.o
                              0x85d27 (size before relaxing)
 .debug_str     0x0009111c      0x37f ./Drivers/STM32F4xx_HAL_Driver/Src/stm32f4xx_hal_cortex.o
                              0x85a91 (size before relaxing)
 .debug_str     0x0009149b      0x131 ./Drivers/STM32F4xx_HAL_Driver/Src/stm32f4xx_hal_gpio.o
                              0x85476 (size before relaxing)
 .debug_str     0x000915cc      0x1fd ./Drivers/STM32F4xx_HAL_Driver/Src/stm32f4xx_hal_rcc.o
                              0x8572f (size before relaxing)
 .debug_str     0x000917c9      0xe79 ./Drivers/STM32F4xx_HAL_Driver/Src/stm32f4xx_hal_tim.o
                              0x86673 (size before relaxing)
 .debug_str     0x00092642      0x503 ./Drivers/STM32F4xx_HAL_Driver/Src/stm32f4xx_hal_tim_ex.o
                              0x85e7f (size before relaxing)
 .debug_str     0x00092b45      0x183 ./ThirdParty/FreeRTOS/list.o
                               0xb172 (size before relaxing)
 .debug_str     0x00092cc8     0x141e ./ThirdParty/FreeRTOS/queue.o
                               0xd85b (size before relaxing)
 .debug_str     0x000940e6     0x1aae ./ThirdParty/FreeRTOS/tasks.o
                               0xe26d (size before relaxing)
 .debug_str     0x00095b94      0x544 ./ThirdParty/FreeRTOS/timers.o
                               0xd9f1 (size before relaxing)
 .debug_str     0x000960d8      0x7d6 ./ThirdParty/FreeRTOS/portable/GCC/ARM_CM4F/port.o
                               0x99b9 (size before relaxing)
 .debug_str     0x000968ae      0x5d7 ./ThirdParty/FreeRTOS/portable/MemMang/heap_4.o
                               0xc99c (size before relaxing)

.comment        0x00000000       0x43
 .comment       0x00000000       0x43 ./Core/Src/main.o
                                 0x44 (size before relaxing)
 .comment       0x00000043       0x44 ./Core/Src/stm32f4xx_hal_msp.o
 .comment       0x00000043       0x44 ./Core/Src/stm32f4xx_hal_timebase_tim.o
 .comment       0x00000043       0x44 ./Core/Src/stm32f4xx_it.o
 .comment       0x00000043       0x44 ./Core/Src/syscalls.o
 .comment       0x00000043       0x44 ./Core/Src/sysmem.o
 .comment       0x00000043       0x44 ./Core/Src/system_stm32f4xx.o
 .comment       0x00000043       0x44 ./Drivers/STM32F4xx_HAL_Driver/Src/stm32f4xx_hal.o
 .comment       0x00000043       0x44 ./Drivers/STM32F4xx_HAL_Driver/Src/stm32f4xx_hal_cortex.o
 .comment       0x00000043       0x44 ./Drivers/STM32F4xx_HAL_Driver/Src/stm32f4xx_hal_gpio.o
 .comment       0x00000043       0x44 ./Drivers/STM32F4xx_HAL_Driver/Src/stm32f4xx_hal_rcc.o
 .comment       0x00000043       0x44 ./Drivers/STM32F4xx_HAL_Driver/Src/stm32f4xx_hal_tim.o
 .comment       0x00000043       0x44 ./Drivers/STM32F4xx_HAL_Driver/Src/stm32f4xx_hal_tim_ex.o
 .comment       0x00000043       0x44 ./ThirdParty/FreeRTOS/list.o
 .comment       0x00000043       0x44 ./ThirdParty/FreeRTOS/queue.o
 .comment       0x00000043       0x44 ./ThirdParty/FreeRTOS/tasks.o
 .comment       0x00000043       0x44 ./ThirdParty/FreeRTOS/timers.o
 .comment       0x00000043       0x44 ./ThirdParty/FreeRTOS/portable/GCC/ARM_CM4F/port.o
 .comment       0x00000043       0x44 ./ThirdParty/FreeRTOS/portable/MemMang/heap_4.o

.debug_frame    0x00000000     0x4740
 .debug_frame   0x00000000       0xf8 ./Core/Src/main.o
 .debug_frame   0x000000f8       0x38 ./Core/Src/stm32f4xx_hal_msp.o
 .debug_frame   0x00000130       0x74 ./Core/Src/stm32f4xx_hal_timebase_tim.o
 .debug_frame   0x000001a4       0xc4 ./Core/Src/stm32f4xx_it.o
 .debug_frame   0x00000268      0x2d4 ./Core/Src/syscalls.o
 .debug_frame   0x0000053c       0x34 ./Core/Src/sysmem.o
 .debug_frame   0x00000570       0x58 ./Core/Src/system_stm32f4xx.o