Archive member included to satisfy reference by file (symbol)

/opt/st/stm32cubeide_1.16.1/plugins/com.st.stm32cube.ide.mcu.externaltools.gnu-tools-for-stm32.12.3.rel1.linux64_1.0.200.202406132123/tools/bin/../lib/gcc/arm-none-eabi/12.3.1/../../../../arm-none-eabi/lib/thumb/v7e-m+fp/hard/libc_nano.a(libc_a-exit.o)
                              /opt/st/stm32cubeide_1.16.1/plugins/com.st.stm32cube.ide.mcu.externaltools.gnu-tools-for-stm32.12.3.rel1.linux64_1.0.200.202406132123/tools/bin/../lib/gcc/arm-none-eabi/12.3.1/../../../../arm-none-eabi/lib/thumb/v7e-m+fp/hard/crt0.o (exit)
/opt/st/stm32cubeide_1.16.1/plugins/com.st.stm32cube.ide.mcu.externaltools.gnu-tools-for-stm32.12.3.rel1.linux64_1.0.200.202406132123/tools/bin/../lib/gcc/arm-none-eabi/12.3.1/../../../../arm-none-eabi/lib/thumb/v7e-m+fp/hard/libc_nano.a(libc_a-findfp.o)
                              /opt/st/stm32cubeide_1.16.1/plugins/com.st.stm32cube.ide.mcu.externaltools.gnu-tools-for-stm32.12.3.rel1.linux64_1.0.200.202406132123/tools/bin/../lib/gcc/arm-none-eabi/12.3.1/../../../../arm-none-eabi/lib/thumb/v7e-m+fp/hard/libc_nano.a(libc_a-exit.o) (__stdio_exit_handler)
/opt/st/stm32cubeide_1.16.1/plugins/com.st.stm32cube.ide.mcu.externaltools.gnu-tools-for-stm32.12.3.rel1.linux64_1.0.200.202406132123/tools/bin/../lib/gcc/arm-none-eabi/12.3.1/../../../../arm-none-eabi/lib/thumb/v7e-m+fp/hard/libc_nano.a(libc_a-fwalk.o)
                              /opt/st/stm32cubeide_1.16.1/plugins/com.st.stm32cube.ide.mcu.externaltools.gnu-tools-for-stm32.12.3.rel1.linux64_1.0.200.202406132123/tools/bin/../lib/gcc/arm-none-eabi/12.3.1/../../../../arm-none-eabi/lib/thumb/v7e-m+fp/hard/libc_nano.a(libc_a-findfp.o) (_fwalk_sglue)
/opt/st/stm32cubeide_1.16.1/plugins/com.st.stm32cube.ide.mcu.externaltools.gnu-tools-for-stm32.12.3.rel1.linux64_1.0.200.202406132123/tools/bin/../lib/gcc/arm-none-eabi/12.3.1/../../../../arm-none-eabi/lib/thumb/v7e-m+fp/hard/libc_nano.a(libc_a-stdio.o)
                              /opt/st/stm32cubeide_1.16.1/plugins/com.st.stm32cube.ide.mcu.externaltools.gnu-tools-for-stm32.12.3.rel1.linux64_1.0.200.202406132123/tools/bin/../lib/gcc/arm-none-eabi/12.3.1/../../../../arm-none-eabi/lib/thumb/v7e-m+fp/hard/libc_nano.a(libc_a-findfp.o) (__sread)
/opt/st/stm32cubeide_1.16.1/plugins/com.st.stm32cube.ide.mcu.externaltools.gnu-tools-for-stm32.12.3.rel1.linux64_1.0.200.202406132123/tools/bin/../lib/gcc/arm-none-eabi/12.3.1/../../../../arm-none-eabi/lib/thumb/v7e-m+fp/hard/libc_nano.a(libc_a-memcmp.o)
                              ./ThirdParty/SEGGER/OS/SEGGER_SYSVIEW_FreeRTOS.o (memcmp)
/opt/st/stm32cubeide_1.16.1/plugins/com.st.stm32cube.ide.mcu.externaltools.gnu-tools-for-stm32.12.3.rel1.linux64_1.0.200.202406132123/tools/bin/../lib/gcc/arm-none-eabi/12.3.1/../../../../arm-none-eabi/lib/thumb/v7e-m+fp/hard/libc_nano.a(libc_a-memset.o)
                              /opt/st/stm32cubeide_1.16.1/plugins/com.st.stm32cube.ide.mcu.externaltools.gnu-tools-for-stm32.12.3.rel1.linux64_1.0.200.202406132123/tools/bin/../lib/gcc/arm-none-eabi/12.3.1/../../../../arm-none-eabi/lib/thumb/v7e-m+fp/hard/crt0.o (memset)
/opt/st/stm32cubeide_1.16.1/plugins/com.st.stm32cube.ide.mcu.externaltools.gnu-tools-for-stm32.12.3.rel1.linux64_1.0.200.202406132123/tools/bin/../lib/gcc/arm-none-eabi/12.3.1/../../../../arm-none-eabi/lib/thumb/v7e-m+fp/hard/libc_nano.a(libc_a-closer.o)
                              /opt/st/stm32cubeide_1.16.1/plugins/com.st.stm32cube.ide.mcu.externaltools.gnu-tools-for-stm32.12.3.rel1.linux64_1.0.200.202406132123/tools/bin/../lib/gcc/arm-none-eabi/12.3.1/../../../../arm-none-eabi/lib/thumb/v7e-m+fp/hard/libc_nano.a(libc_a-stdio.o) (_close_r)
/opt/st/stm32cubeide_1.16.1/plugins/com.st.stm32cube.ide.mcu.externaltools.gnu-tools-for-stm32.12.3.rel1.linux64_1.0.200.202406132123/tools/bin/../lib/gcc/arm-none-eabi/12.3.1/../../../../arm-none-eabi/lib/thumb/v7e-m+fp/hard/libc_nano.a(libc_a-reent.o)
                              /opt/st/stm32cubeide_1.16.1/plugins/com.st.stm32cube.ide.mcu.externaltools.gnu-tools-for-stm32.12.3.rel1.linux64_1.0.200.202406132123/tools/bin/../lib/gcc/arm-none-eabi/12.3.1/../../../../arm-none-eabi/lib/thumb/v7e-m+fp/hard/libc_nano.a(libc_a-closer.o) (errno)
/opt/st/stm32cubeide_1.16.1/plugins/com.st.stm32cube.ide.mcu.externaltools.gnu-tools-for-stm32.12.3.rel1.linux64_1.0.200.202406132123/tools/bin/../lib/gcc/arm-none-eabi/12.3.1/../../../../arm-none-eabi/lib/thumb/v7e-m+fp/hard/libc_nano.a(libc_a-impure.o)
                              /opt/st/stm32cubeide_1.16.1/plugins/com.st.stm32cube.ide.mcu.externaltools.gnu-tools-for-stm32.12.3.rel1.linux64_1.0.200.202406132123/tools/bin/../lib/gcc/arm-none-eabi/12.3.1/../../../../arm-none-eabi/lib/thumb/v7e-m+fp/hard/libc_nano.a(libc_a-reent.o) (_impure_ptr)
[...]
Memory Configuration

Name             Origin             Length             Attributes
RAM              0x20000000         0x00020000         xrw
FLASH            0x08000000         0x00080000         xr
*default*        0x00000000         0xffffffff

Linker script and memory map

LOAD /opt/st/stm32cubeide_1.16.1/plugins/com.st.stm32cube.ide.mcu.externaltools.gnu-tools-for-stm32.12.3.rel1.linux64_1.0.200.202406132123/tools/bin/../lib/gcc/arm-none-eabi/12.3.1/thumb/v7e-m+fp/hard/crti.o
LOAD /opt/st/stm32cubeide_1.16.1/plugins/com.st.stm32cube.ide.mcu.externaltools.gnu-tools-for-stm32.12.3.rel1.linux64_1.0.200.202406132123/tools/bin/../lib/gcc/arm-none-eabi/12.3.1/thumb/v7e-m+fp/hard/crtbegin.o
LOAD /opt/st/stm32cubeide_1.16.1/plugins/com.st.stm32cube.ide.mcu.externaltools.gnu-tools-for-stm32.12.3.rel1.linux64_1.0.200.202406132123/tools/bin/../lib/gcc/arm-none-eabi/12.3.1/../../../../arm-none-eabi/lib/thumb/v7e-m+fp/hard/crt0.o
LOAD ./Core/Src/main.o
LOAD ./Core/Src/stm32f4xx_hal_msp.o
LOAD ./Core/Src/stm32f4xx_hal_timebase_tim.o
LOAD ./Core/Src/stm32f4xx_it.o
LOAD ./Core/Src/syscalls.o
LOAD ./Core/Src/sysmem.o
LOAD ./Core/Src/system_stm32f4xx.o
LOAD ./Core/Startup/startup_stm32f411vetx.o
LOAD ./Drivers/STM32F4xx_HAL_Driver/Src/stm32f4xx_hal.o
LOAD ./Drivers/STM32F4xx_HAL_Driver/Src/stm32f4xx_hal_cortex.o
LOAD ./Drivers/STM32F4xx_HAL_Driver/Src/stm32f4xx_hal_dma.o
LOAD ./Drivers/STM32F4xx_HAL_Driver/Src/stm32f4xx_hal_dma_ex.o
LOAD ./Drivers/STM32F4xx_HAL_Driver/Src/stm32f4xx_hal_exti.o
LOAD ./Drivers/STM32F4xx_HAL_Driver/Src/stm32f4xx_hal_flash.o
LOAD ./Drivers/STM32F4xx_HAL_Driver/Src/stm32f4xx_hal_flash_ex.o
LOAD ./Drivers/STM32F4xx_HAL_Driver/Src/stm32f4xx_hal_flash_ramfunc.o
LOAD ./Drivers/STM32F4xx_HAL_Driver/Src/stm32f4xx_hal_gpio.o
LOAD ./Drivers/STM32F4xx_HAL_Driver/Src/stm32f4xx_hal_pwr.o
LOAD ./Drivers/STM32F4xx_HAL_Driver/Src/stm32f4xx_hal_pwr_ex.o
LOAD ./Drivers/STM32F4xx_HAL_Driver/Src/stm32f4xx_hal_rcc.o
LOAD ./Drivers/STM32F4xx_HAL_Driver/Src/stm32f4xx_hal_rcc_ex.o
LOAD ./Drivers/STM32F4xx_HAL_Driver/Src/stm32f4xx_hal_tim.o
LOAD ./Drivers/STM32F4xx_HAL_Driver/Src/stm32f4xx_hal_tim_ex.o
LOAD ./ThirdParty/FreeRTOS/croutine.o
LOAD ./ThirdParty/FreeRTOS/event_groups.o
LOAD ./ThirdParty/FreeRTOS/list.o
LOAD ./ThirdParty/FreeRTOS/queue.o
LOAD ./ThirdParty/FreeRTOS/stream_buffer.o
LOAD ./ThirdParty/FreeRTOS/tasks.o
LOAD ./ThirdParty/FreeRTOS/timers.o
LOAD ./ThirdParty/FreeRTOS/portable/GCC/ARM_CM4F/port.o
LOAD ./ThirdParty/FreeRTOS/portable/MemMang/heap_4.o
LOAD ./ThirdParty/SEGGER/Config/SEGGER_SYSVIEW_Config_FreeRTOS.o
LOAD ./ThirdParty/SEGGER/OS/SEGGER_SYSVIEW_FreeRTOS.o
LOAD ./ThirdParty/SEGGER/Records/segger_uart.o
LOAD ./ThirdParty/SEGGER/SEGGER/SEGGER_RTT.o
LOAD ./ThirdParty/SEGGER/SEGGER/SEGGER_RTT_ASM_ARMv7M.o
LOAD ./ThirdParty/SEGGER/SEGGER/SEGGER_RTT_printf.o
LOAD ./ThirdParty/SEGGER/SEGGER/SEGGER_SYSVIEW.o
LOAD ./ThirdParty/SEGGER/SEGGER/Syscalls/SEGGER_RTT_Syscalls_GCC.o
START GROUP
LOAD /opt/st/stm32cubeide_1.16.1/plugins/com.st.stm32cube.ide.mcu.externaltools.gnu-tools-for-stm32.12.3.rel1.linux64_1.0.200.202406132123/tools/bin/../lib/gcc/arm-none-eabi/12.3.1/../../../../arm-none-eabi/lib/thumb/v7e-m+fp/hard/libc_nano.a
LOAD /opt/st/stm32cubeide_1.16.1/plugins/com.st.stm32cube.ide.mcu.externaltools.gnu-tools-for-stm32.12.3.rel1.linux64_1.0.200.202406132123/tools/bin/../lib/gcc/arm-none-eabi/12.3.1/../../../../arm-none-eabi/lib/thumb/v7e-m+fp/hard/libm.a
END GROUP
START GROUP
LOAD /opt/st/stm32cubeide_1.16.1/plugins/com.st.stm32cube.ide.mcu.externaltools.gnu-tools-for-stm32.12.3.rel1.linux64_1.0.200.202406132123/tools/bin/../lib/gcc/arm-none-eabi/12.3.1/thumb/v7e-m+fp/hard/libgcc.a
LOAD /opt/st/stm32cubeide_1.16.1/plugins/com.st.stm32cube.ide.mcu.externaltools.gnu-tools-for-stm32.12.3.rel1.linux64_1.0.200.202406132123/tools/bin/../lib/gcc/arm-none-eabi/12.3.1/../../../../arm-none-eabi/lib/thumb/v7e-m+fp/hard/libc_nano.a
END GROUP
START GROUP
LOAD /opt/st/stm32cubeide_1.16.1/plugins/com.st.stm32cube.ide.mcu.externaltools.gnu-tools-for-stm32.12.3.rel1.linux64_1.0.200.202406132123/tools/bin/../lib/gcc/arm-none-eabi/12.3.1/thumb/v7e-m+fp/hard/libgcc.a
LOAD /opt/st/stm32cubeide_1.16.1/plugins/com.st.stm32cube.ide.mcu.externaltools.gnu-tools-for-stm32.12.3.rel1.linux64_1.0.200.202406132123/tools/bin/../lib/gcc/arm-none-eabi/12.3.1/../../../../arm-none-eabi/lib/thumb/v7e-m+fp/hard/libc_nano.a
LOAD /opt/st/stm32cubeide_1.16.1/plugins/com.st.stm32cube.ide.mcu.externaltools.gnu-tools-for-stm32.12.3.rel1.linux64_1.0.200.202406132123/tools/bin/../lib/gcc/arm-none-eabi/12.3.1/../../../../arm-none-eabi/lib/thumb/v7e-m+fp/hard/libnosys.a
END GROUP
START GROUP
LOAD /opt/st/stm32cubeide_1.16.1/plugins/com.st.stm32cube.ide.mcu.externaltools.gnu-tools-for-stm32.12.3.rel1.linux64_1.0.200.202406132123/tools/bin/../lib/gcc/arm-none-eabi/12.3.1/thumb/v7e-m+fp/hard/libgcc.a
LOAD /opt/st/stm32cubeide_1.16.1/plugins/com.st.stm32cube.ide.mcu.externaltools.gnu-tools-for-stm32.12.3.rel1.linux64_1.0.200.202406132123/tools/bin/../lib/gcc/arm-none-eabi/12.3.1/../../../../arm-none-eabi/lib/thumb/v7e-m+fp/hard/libc_nano.a
LOAD /opt/st/stm32cubeide_1.16.1/plugins/com.st.stm32cube.ide.mcu.externaltools.gnu-tools-for-stm32.12.3.rel1.linux64_1.0.200.202406132123/tools/bin/../lib/gcc/arm-none-eabi/12.3.1/../../../../arm-none-eabi/lib/thumb/v7e-m+fp/hard/libnosys.a
END GROUP
LOAD /opt/st/stm32cubeide_1.16.1/plugins/com.st.stm32cube.ide.mcu.externaltools.gnu-tools-for-stm32.12.3.rel1.linux64_1.0.200.202406132123/tools/bin/../lib/gcc/arm-none-eabi/12.3.1/thumb/v7e-m+fp/hard/crtend.o
LOAD /opt/st/stm32cubeide_1.16.1/plugins/com.st.stm32cube.ide.mcu.externaltools.gnu-tools-for-stm32.12.3.rel1.linux64_1.0.200.202406132123/tools/bin/../lib/gcc/arm-none-eabi/12.3.1/thumb/v7e-m+fp/hard/crtn.o
                0x20020000                        _estack = (ORIGIN (RAM) + LENGTH (RAM))
                0x00000200                        _Min_Heap_Size = 0x200
                0x00000400                        _Min_Stack_Size = 0x400

.isr_vector     0x08000000      0x198
                0x08000000                        . = ALIGN (0x4)
 *(.isr_vector)
 .isr_vector    0x08000000      0x198 ./Core/Startup/startup_stm32f411vetx.o
                0x08000000                g_pfnVectors
                0x08000198                        . = ALIGN (0x4)

.text           0x080001a0     0x7440
                0x080001a0                        . = ALIGN (0x4)
 *(.text)
 .text          0x080001a0       0x40 /opt/st/stm32cubeide_1.16.1/plugins/com.st.stm32cube.ide.mcu.externaltools.gnu-tools-for-stm32.12.3.rel1.linux64_1.0.200.202406132123/tools/bin/../lib/gcc/arm-none-eabi/12.3.1/thumb/v7e-m+fp/hard/crtbegin.o
 .text          0x080001e0       0x94 ./ThirdParty/SEGGER/SEGGER/SEGGER_RTT_ASM_ARMv7M.o
                0x080001e0                SEGGER_RTT_ASM_WriteSkipNoLock
 .text          0x08000274       0x30 /opt/st/stm32cubeide_1.16.1/plugins/com.st.stm32cube.ide.mcu.externaltools.gnu-tools-for-stm32.12.3.rel1.linux64_1.0.200.202406132123/tools/bin/../lib/gcc/arm-none-eabi/12.3.1/thumb/v7e-m+fp/hard/libgcc.a(_aeabi_uldivmod.o)
                0x08000274                __aeabi_uldivmod
 .text          0x080002a4      0x2bc /opt/st/stm32cubeide_1.16.1/plugins/com.st.stm32cube.ide.mcu.externaltools.gnu-tools-for-stm32.12.3.rel1.linux64_1.0.200.202406132123/tools/bin/../lib/gcc/arm-none-eabi/12.3.1/thumb/v7e-m+fp/hard/libgcc.a(_udivmoddi4.o)
                0x080002a4                __udivmoddi4
 .text          0x08000560        0x4 /opt/st/stm32cubeide_1.16.1/plugins/com.st.stm32cube.ide.mcu.externaltools.gnu-tools-for-stm32.12.3.rel1.linux64_1.0.200.202406132123/tools/bin/../lib/gcc/arm-none-eabi/12.3.1/thumb/v7e-m+fp/hard/libgcc.a(_dvmd_tls.o)
                0x08000560                __aeabi_ldiv0
                0x08000560                __aeabi_idiv0
 *(.text*)
 .text.main     0x08000564      0x104 ./Core/Src/main.o
                0x08000564                main
 .text.SystemClock_Config
                0x08000668       0xd4 ./Core/Src/main.o
                0x08000668                SystemClock_Config
 .text.MX_GPIO_Init
                0x0800073c      0x2cc ./Core/Src/main.o
 .text.led_green_handler
                0x08000a08       0x70 ./Core/Src/main.o
 .text.led_orange_handler
                0x08000a78       0x70 ./Core/Src/main.o
 .text.led_red_handler
                0x08000ae8       0x6c ./Core/Src/main.o
 .text.button_interrupt_handler
                0x08000b54       0x50 ./Core/Src/main.o
                0x08000b54                button_interrupt_handler
 .text.HAL_TIM_PeriodElapsedCallback
                0x08000ba4       0x24 ./Core/Src/main.o
                0x08000ba4                HAL_TIM_PeriodElapsedCallback
 .text.Error_Handler
                0x08000bc8        0xc ./Core/Src/main.o
                0x08000bc8                Error_Handler
 .text.HAL_MspInit
                0x08000bd4       0x50 ./Core/Src/stm32f4xx_hal_msp.o
                0x08000bd4                HAL_MspInit
 .text.HAL_InitTick
                0x08000c24       0xf8 ./Core/Src/stm32f4xx_hal_timebase_tim.o
                0x08000c24                HAL_InitTick
 .text.NMI_Handler
                0x08000d1c        0x8 ./Core/Src/stm32f4xx_it.o
                0x08000d1c                NMI_Handler
 .text.HardFault_Handler
                0x08000d24        0x8 ./Core/Src/stm32f4xx_it.o
                0x08000d24                HardFault_Handler
 .text.MemManage_Handler
                0x08000d2c        0x8 ./Core/Src/stm32f4xx_it.o
                0x08000d2c                MemManage_Handler
 .text.BusFault_Handler
                0x08000d34        0x8 ./Core/Src/stm32f4xx_it.o
                0x08000d34                BusFault_Handler
 .text.UsageFault_Handler
                0x08000d3c        0x8 ./Core/Src/stm32f4xx_it.o
                0x08000d3c                UsageFault_Handler
 .text.DebugMon_Handler
                0x08000d44        0xe ./Core/Src/stm32f4xx_it.o
                0x08000d44                DebugMon_Handler
 .text.EXTI0_IRQHandler
                0x08000d52       0x12 ./Core/Src/stm32f4xx_it.o
                0x08000d52                EXTI0_IRQHandler
 .text.TIM5_IRQHandler
                0x08000d64       0x14 ./Core/Src/stm32f4xx_it.o
                0x08000d64                TIM5_IRQHandler
 .text.SystemInit
                0x08000d78       0x24 ./Core/Src/system_stm32f4xx.o
                0x08000d78                SystemInit
 .text.Reset_Handler
                0x08000d9c       0x50 ./Core/Startup/startup_stm32f411vetx.o
                0x08000d9c                Reset_Handler
 .text.Default_Handler
                0x08000dec        0x2 ./Core/Startup/startup_stm32f411vetx.o
                0x08000dec                RTC_Alarm_IRQHandler
                0x08000dec                EXTI2_IRQHandler
                0x08000dec                SPI4_IRQHandler
                0x08000dec                TIM1_CC_IRQHandler
                0x08000dec                DMA2_Stream5_IRQHandler
                0x08000dec                DMA1_Stream5_IRQHandler
                0x08000dec                PVD_IRQHandler
                0x08000dec                SDIO_IRQHandler
                0x08000dec                TAMP_STAMP_IRQHandler
                0x08000dec                EXTI3_IRQHandler
                0x08000dec                TIM1_UP_TIM10_IRQHandler
                0x08000dec                I2C3_ER_IRQHandler
                0x08000dec                I2C2_EV_IRQHandler
                0x08000dec                DMA1_Stream2_IRQHandler
                0x08000dec                FPU_IRQHandler
                0x08000dec                DMA2_Stream2_IRQHandler
                0x08000dec                SPI1_IRQHandler
                0x08000dec                TIM1_BRK_TIM9_IRQHandler
                0x08000dec                DMA2_Stream3_IRQHandler
                0x08000dec                USART6_IRQHandler
                0x08000dec                DMA2_Stream0_IRQHandler
                0x08000dec                TIM4_IRQHandler
                0x08000dec                I2C1_EV_IRQHandler
                0x08000dec                DMA1_Stream6_IRQHandler
                0x08000dec                DMA1_Stream1_IRQHandler
                0x08000dec                TIM3_IRQHandler
                0x08000dec                RCC_IRQHandler
                0x08000dec                Default_Handler
                0x08000dec                EXTI15_10_IRQHandler
                0x08000dec                ADC_IRQHandler
                0x08000dec                DMA1_Stream7_IRQHandler
                0x08000dec                SPI5_IRQHandler
                0x08000dec                DMA2_Stream7_IRQHandler
                0x08000dec                I2C3_EV_IRQHandler
                0x08000dec                EXTI9_5_IRQHandler
                0x08000dec                RTC_WKUP_IRQHandler
                0x08000dec                SPI2_IRQHandler
                0x08000dec                DMA1_Stream0_IRQHandler
                0x08000dec                EXTI4_IRQHandler
                0x08000dec                WWDG_IRQHandler
                0x08000dec                TIM2_IRQHandler
                0x08000dec                OTG_FS_WKUP_IRQHandler
                0x08000dec                TIM1_TRG_COM_TIM11_IRQHandler
                0x08000dec                EXTI1_IRQHandler
                0x08000dec                I2C2_ER_IRQHandler
                0x08000dec                DMA2_Stream1_IRQHandler
                0x08000dec                FLASH_IRQHandler
                0x08000dec                DMA2_Stream4_IRQHandler
                0x08000dec                USART1_IRQHandler
                0x08000dec                OTG_FS_IRQHandler
                0x08000dec                SPI3_IRQHandler
                0x08000dec                DMA1_Stream4_IRQHandler
                0x08000dec                I2C1_ER_IRQHandler
                0x08000dec                DMA2_Stream6_IRQHandler
                0x08000dec                DMA1_Stream3_IRQHandler
 *fill*         0x08000dee        0x2 
 .text.HAL_Init
                0x08000df0       0x44 ./Drivers/STM32F4xx_HAL_Driver/Src/stm32f4xx_hal.o
                0x08000df0                HAL_Init
 .text.HAL_IncTick
                0x08000e34       0x28 ./Drivers/STM32F4xx_HAL_Driver/Src/stm32f4xx_hal.o
                0x08000e34                HAL_IncTick
 .text.HAL_GetTick
                0x08000e5c       0x18 ./Drivers/STM32F4xx_HAL_Driver/Src/stm32f4xx_hal.o
                0x08000e5c                HAL_GetTick
 .text.__NVIC_SetPriorityGrouping
                0x08000e74       0x48 ./Drivers/STM32F4xx_HAL_Driver/Src/stm32f4xx_hal_cortex.o
 .text.__NVIC_GetPriorityGrouping
                0x08000ebc       0x1c ./Drivers/STM32F4xx_HAL_Driver/Src/stm32f4xx_hal_cortex.o
 .text.__NVIC_EnableIRQ
                0x08000ed8       0x3c ./Drivers/STM32F4xx_HAL_Driver/Src/stm32f4xx_hal_cortex.o
 .text.__NVIC_SetPriority
                0x08000f14       0x54 ./Drivers/STM32F4xx_HAL_Driver/Src/stm32f4xx_hal_cortex.o
 .text.NVIC_EncodePriority
                0x08000f68       0x66 ./Drivers/STM32F4xx_HAL_Driver/Src/stm32f4xx_hal_cortex.o
 .text.HAL_NVIC_SetPriorityGrouping
                0x08000fce       0x16 ./Drivers/STM32F4xx_HAL_Driver/Src/stm32f4xx_hal_cortex.o
                0x08000fce                HAL_NVIC_SetPriorityGrouping
 .text.HAL_NVIC_SetPriority
                0x08000fe4       0x38 ./Drivers/STM32F4xx_HAL_Driver/Src/stm32f4xx_hal_cortex.o
                0x08000fe4                HAL_NVIC_SetPriority
 .text.HAL_NVIC_EnableIRQ
                0x0800101c       0x1c ./Drivers/STM32F4xx_HAL_Driver/Src/stm32f4xx_hal_cortex.o
                0x0800101c                HAL_NVIC_EnableIRQ
 .text.HAL_GPIO_Init
                0x08001038      0x308 ./Drivers/STM32F4xx_HAL_Driver/Src/stm32f4xx_hal_gpio.o
                0x08001038                HAL_GPIO_Init
 .text.HAL_GPIO_WritePin
                0x08001340       0x32 ./Drivers/STM32F4xx_HAL_Driver/Src/stm32f4xx_hal_gpio.o
                0x08001340                HAL_GPIO_WritePin
 .text.HAL_GPIO_TogglePin
                0x08001372       0x34 ./Drivers/STM32F4xx_HAL_Driver/Src/stm32f4xx_hal_gpio.o
                0x08001372                HAL_GPIO_TogglePin
 *fill*         0x080013a6        0x2 
 .text.HAL_GPIO_EXTI_IRQHandler
                0x080013a8       0x30 ./Drivers/STM32F4xx_HAL_Driver/Src/stm32f4xx_hal_gpio.o
                0x080013a8                HAL_GPIO_EXTI_IRQHandler
 .text.HAL_GPIO_EXTI_Callback
                0x080013d8       0x16 ./Drivers/STM32F4xx_HAL_Driver/Src/stm32f4xx_hal_gpio.o
                0x080013d8                HAL_GPIO_EXTI_Callback
 *fill*         0x080013ee        0x2 
 .text.HAL_RCC_OscConfig
                0x080013f0      0x4f0 ./Drivers/STM32F4xx_HAL_Driver/Src/stm32f4xx_hal_rcc.o
                0x080013f0                HAL_RCC_OscConfig
 .text.HAL_RCC_ClockConfig
                0x080018e0      0x1cc ./Drivers/STM32F4xx_HAL_Driver/Src/stm32f4xx_hal_rcc.o
                0x080018e0                HAL_RCC_ClockConfig
 .text.HAL_RCC_GetSysClockFreq
                0x08001aac      0x20c ./Drivers/STM32F4xx_HAL_Driver/Src/stm32f4xx_hal_rcc.o
                0x08001aac                HAL_RCC_GetSysClockFreq
 .text.HAL_RCC_GetHCLKFreq
                0x08001cb8       0x18 ./Drivers/STM32F4xx_HAL_Driver/Src/stm32f4xx_hal_rcc.o
                0x08001cb8                HAL_RCC_GetHCLKFreq
 .text.HAL_RCC_GetPCLK1Freq
                0x08001cd0       0x28 ./Drivers/STM32F4xx_HAL_Driver/Src/stm32f4xx_hal_rcc.o
                0x08001cd0                HAL_RCC_GetPCLK1Freq
 .text.HAL_RCC_GetClockConfig
                0x08001cf8       0x64 ./Drivers/STM32F4xx_HAL_Driver/Src/stm32f4xx_hal_rcc.o
                0x08001cf8                HAL_RCC_GetClockConfig
 .text.HAL_TIM_Base_Init
                0x08001d5c       0x9e ./Drivers/STM32F4xx_HAL_Driver/Src/stm32f4xx_hal_tim.o
                0x08001d5c                HAL_TIM_Base_Init
 .text.HAL_TIM_Base_MspInit
                0x08001dfa       0x14 ./Drivers/STM32F4xx_HAL_Driver/Src/stm32f4xx_hal_tim.o
                0x08001dfa                HAL_TIM_Base_MspInit
 *fill*         0x08001e0e        0x2 
 .text.HAL_TIM_Base_Start_IT
                0x08001e10       0xc4 ./Drivers/STM32F4xx_HAL_Driver/Src/stm32f4xx_hal_tim.o
                0x08001e10                HAL_TIM_Base_Start_IT
 .text.HAL_TIM_IRQHandler
                0x08001ed4      0x1e0 ./Drivers/STM32F4xx_HAL_Driver/Src/stm32f4xx_hal_tim.o
                0x08001ed4                HAL_TIM_IRQHandler
 .text.HAL_TIM_OC_DelayElapsedCallback
                0x080020b4       0x14 ./Drivers/STM32F4xx_HAL_Driver/Src/stm32f4xx_hal_tim.o
                0x080020b4                HAL_TIM_OC_DelayElapsedCallback
 .text.HAL_TIM_IC_CaptureCallback
                0x080020c8       0x14 ./Drivers/STM32F4xx_HAL_Driver/Src/stm32f4xx_hal_tim.o
                0x080020c8                HAL_TIM_IC_CaptureCallback
 .text.HAL_TIM_PWM_PulseFinishedCallback
                0x080020dc       0x14 ./Drivers/STM32F4xx_HAL_Driver/Src/stm32f4xx_hal_tim.o
                0x080020dc                HAL_TIM_PWM_PulseFinishedCallback
 .text.HAL_TIM_TriggerCallback
                0x080020f0       0x14 ./Drivers/STM32F4xx_HAL_Driver/Src/stm32f4xx_hal_tim.o
                0x080020f0                HAL_TIM_TriggerCallback
 .text.TIM_Base_SetConfig
                0x08002104      0x118 ./Drivers/STM32F4xx_HAL_Driver/Src/stm32f4xx_hal_tim.o
                0x08002104                TIM_Base_SetConfig
 .text.HAL_TIMEx_CommutCallback
                0x0800221c       0x14 ./Drivers/STM32F4xx_HAL_Driver/Src/stm32f4xx_hal_tim_ex.o
                0x0800221c                HAL_TIMEx_CommutCallback
 .text.HAL_TIMEx_BreakCallback
                0x08002230       0x14 ./Drivers/STM32F4xx_HAL_Driver/Src/stm32f4xx_hal_tim_ex.o
                0x08002230                HAL_TIMEx_BreakCallback
 .text.vListInitialise
                0x08002244       0x40 ./ThirdParty/FreeRTOS/list.o
                0x08002244                vListInitialise
 .text.vListInitialiseItem
                0x08002284       0x1a ./ThirdParty/FreeRTOS/list.o
                0x08002284                vListInitialiseItem
 .text.vListInsertEnd
                0x0800229e       0x48 ./ThirdParty/FreeRTOS/list.o
                0x0800229e                vListInsertEnd
 .text.vListInsert
                0x080022e6       0x72 ./ThirdParty/FreeRTOS/list.o
                0x080022e6                vListInsert
 .text.uxListRemove
                0x08002358       0x54 ./ThirdParty/FreeRTOS/list.o
                0x08002358                uxListRemove
 .text.xQueueGenericReset
                0x080023ac      0x124 ./ThirdParty/FreeRTOS/queue.o
                0x080023ac                xQueueGenericReset
 .text.xQueueGenericCreate
                0x080024d0       0x9e ./ThirdParty/FreeRTOS/queue.o
                0x080024d0                xQueueGenericCreate
 .text.prvInitialiseNewQueue
                0x0800256e       0x52 ./ThirdParty/FreeRTOS/queue.o
 .text.xQueueReceive
                0x080025c0      0x228 ./ThirdParty/FreeRTOS/queue.o
                0x080025c0                xQueueReceive
 .text.prvCopyDataFromQueue
                0x080027e8       0x4c ./ThirdParty/FreeRTOS/queue.o
 .text.prvUnlockQueue
                0x08002834       0xa4 ./ThirdParty/FreeRTOS/queue.o
 .text.prvIsQueueEmpty
                0x080028d8       0x2c ./ThirdParty/FreeRTOS/queue.o
 .text.vQueueAddToRegistry
                0x08002904       0xb0 ./ThirdParty/FreeRTOS/queue.o
                0x08002904                vQueueAddToRegistry
 .text.vQueueWaitForMessageRestricted
                0x080029b4       0x68 ./ThirdParty/FreeRTOS/queue.o
                0x080029b4                vQueueWaitForMessageRestricted
 .text.xTaskCreate
                0x08002a1c       0x82 ./ThirdParty/FreeRTOS/tasks.o
                0x08002a1c                xTaskCreate
 .text.prvInitialiseNewTask
                0x08002a9e      0x12e ./ThirdParty/FreeRTOS/tasks.o
 .text.prvAddNewTaskToReadyList
                0x08002bcc      0x118 ./ThirdParty/FreeRTOS/tasks.o
 .text.vTaskDelete
                0x08002ce4      0x154 ./ThirdParty/FreeRTOS/tasks.o
                0x08002ce4                vTaskDelete
 .text.vTaskStartScheduler
                0x08002e38       0xc4 ./ThirdParty/FreeRTOS/tasks.o
                0x08002e38                vTaskStartScheduler
 .text.vTaskSuspendAll
                0x08002efc       0x1c ./ThirdParty/FreeRTOS/tasks.o
                0x08002efc                vTaskSuspendAll
 .text.xTaskResumeAll
                0x08002f18      0x144 ./ThirdParty/FreeRTOS/tasks.o
                0x08002f18                xTaskResumeAll
 .text.xTaskGetTickCount
                0x0800305c       0x20 ./ThirdParty/FreeRTOS/tasks.o
                0x0800305c                xTaskGetTickCount
 .text.xTaskGetTickCountFromISR
                0x0800307c       0x24 ./ThirdParty/FreeRTOS/tasks.o
                0x0800307c                xTaskGetTickCountFromISR
 .text.xTaskIncrementTick
                0x080030a0      0x17c ./ThirdParty/FreeRTOS/tasks.o
                0x080030a0                xTaskIncrementTick
 .text.vTaskSwitchContext
                0x0800321c       0xd4 ./ThirdParty/FreeRTOS/tasks.o
                0x0800321c                vTaskSwitchContext
 .text.vTaskPlaceOnEventList
                0x080032f0       0x4c ./ThirdParty/FreeRTOS/tasks.o
                0x080032f0                vTaskPlaceOnEventList
 .text.vTaskPlaceOnEventListRestricted
                0x0800333c       0x60 ./ThirdParty/FreeRTOS/tasks.o
                0x0800333c                vTaskPlaceOnEventListRestricted
 .text.xTaskRemoveFromEventList
                0x0800339c       0xd0 ./ThirdParty/FreeRTOS/tasks.o
                0x0800339c                xTaskRemoveFromEventList
 .text.vTaskInternalSetTimeOutState
                0x0800346c       0x2c ./ThirdParty/FreeRTOS/tasks.o
                0x0800346c                vTaskInternalSetTimeOutState
 .text.xTaskCheckForTimeOut
                0x08003498       0xd0 ./ThirdParty/FreeRTOS/tasks.o
                0x08003498                xTaskCheckForTimeOut
 .text.vTaskMissedYield
                0x08003568       0x18 ./ThirdParty/FreeRTOS/tasks.o
                0x08003568                vTaskMissedYield
 .text.prvIdleTask
                0x08003580       0x30 ./ThirdParty/FreeRTOS/tasks.o
 .text.prvInitialiseTaskLists
                0x080035b0       0x80 ./ThirdParty/FreeRTOS/tasks.o
 .text.prvCheckTasksWaitingTermination
                0x08003630       0x5c ./ThirdParty/FreeRTOS/tasks.o
 .text.prvDeleteTCB
                0x0800368c       0x20 ./ThirdParty/FreeRTOS/tasks.o
 .text.prvResetNextTaskUnblockTime
                0x080036ac       0x38 ./ThirdParty/FreeRTOS/tasks.o
 .text.xTaskGetSchedulerState
                0x080036e4       0x3c ./ThirdParty/FreeRTOS/tasks.o
                0x080036e4                xTaskGetSchedulerState
 .text.xTaskGenericNotifyWait
                0x08003720      0x114 ./ThirdParty/FreeRTOS/tasks.o
                0x08003720                xTaskGenericNotifyWait
 .text.xTaskGenericNotifyFromISR
                0x08003834      0x234 ./ThirdParty/FreeRTOS/tasks.o
                0x08003834                xTaskGenericNotifyFromISR
 .text.prvAddCurrentTaskToDelayedList
                0x08003a68       0xf0 ./ThirdParty/FreeRTOS/tasks.o
 .text.xTimerCreateTimerTask
                0x08003b58       0x68 ./ThirdParty/FreeRTOS/timers.o
                0x08003b58                xTimerCreateTimerTask
 .text.prvReloadTimer
                0x08003bc0       0x42 ./ThirdParty/FreeRTOS/timers.o
 *fill*         0x08003c02        0x2 
 .text.prvProcessExpiredTimer
                0x08003c04       0x60 ./ThirdParty/FreeRTOS/timers.o
 .text.prvTimerTask
                0x08003c64       0x26 ./ThirdParty/FreeRTOS/timers.o
 *fill*         0x08003c8a        0x2 
 .text.prvProcessTimerOrBlockTask
                0x08003c8c       0x9c ./ThirdParty/FreeRTOS/timers.o
 .text.prvGetNextExpireTime
                0x08003d28       0x48 ./ThirdParty/FreeRTOS/timers.o
 .text.prvSampleTimeNow
                0x08003d70       0x40 ./ThirdParty/FreeRTOS/timers.o
 .text.prvInsertTimerInActiveList
                0x08003db0       0x84 ./ThirdParty/FreeRTOS/timers.o
 .text.prvProcessReceivedCommands
                0x08003e34      0x184 ./ThirdParty/FreeRTOS/timers.o
 .text.prvSwitchTimerLists
                0x08003fb8       0x4c ./ThirdParty/FreeRTOS/timers.o
 .text.prvCheckForValidListAndQueue
                0x08004004       0x6c ./ThirdParty/FreeRTOS/timers.o
 .text.pxPortInitialiseStack
                0x08004070       0x68 ./ThirdParty/FreeRTOS/portable/GCC/ARM_CM4F/port.o
                0x08004070                pxPortInitialiseStack
 .text.prvTaskExitError
                0x080040d8       0x5c ./ThirdParty/FreeRTOS/portable/GCC/ARM_CM4F/port.o
 *fill*         0x08004134        0xc 
 .text.SVC_Handler
                0x08004140       0x28 ./ThirdParty/FreeRTOS/portable/GCC/ARM_CM4F/port.o
                0x08004140                SVC_Handler
 .text.prvPortStartFirstTask
                0x08004168       0x2c ./ThirdParty/FreeRTOS/portable/GCC/ARM_CM4F/port.o
 .text.xPortStartScheduler
                0x08004194      0x148 ./ThirdParty/FreeRTOS/portable/GCC/ARM_CM4F/port.o
                0x08004194                xPortStartScheduler
 .text.vInitPrioGroupValue
                0x080042dc      0x100 ./ThirdParty/FreeRTOS/portable/GCC/ARM_CM4F/port.o
                0x080042dc                vInitPrioGroupValue
 .text.vPortEnterCritical
                0x080043dc       0x64 ./ThirdParty/FreeRTOS/portable/GCC/ARM_CM4F/port.o
                0x080043dc                vPortEnterCritical
 .text.vPortExitCritical
                0x08004440       0x54 ./ThirdParty/FreeRTOS/portable/GCC/ARM_CM4F/port.o
                0x08004440                vPortExitCritical
 *fill*         0x08004494        0xc 
 .text.PendSV_Handler
                0x080044a0       0x68 ./ThirdParty/FreeRTOS/portable/GCC/ARM_CM4F/port.o
                0x080044a0                PendSV_Handler
 .text.SysTick_Handler
                0x08004508       0x54 ./ThirdParty/FreeRTOS/portable/GCC/ARM_CM4F/port.o
                0x08004508                SysTick_Handler
 .text.vPortSetupTimerInterrupt
                0x0800455c       0x48 ./ThirdParty/FreeRTOS/portable/GCC/ARM_CM4F/port.o
                0x0800455c                vPortSetupTimerInterrupt
 .text.vPortEnableVFP
                0x080045a4       0x18 ./ThirdParty/FreeRTOS/portable/GCC/ARM_CM4F/port.o
 .text.vPortValidateInterruptPriority
                0x080045bc       0x84 ./ThirdParty/FreeRTOS/portable/GCC/ARM_CM4F/port.o
                0x080045bc                vPortValidateInterruptPriority
 .text.pvPortMalloc
                0x08004640      0x178 ./ThirdParty/FreeRTOS/portable/MemMang/heap_4.o
                0x08004640                pvPortMalloc
 .text.vPortFree
                0x080047b8       0xbc ./ThirdParty/FreeRTOS/portable/MemMang/heap_4.o
                0x080047b8                vPortFree
 .text.prvHeapInit
                0x08004874       0xb8 ./ThirdParty/FreeRTOS/portable/MemMang/heap_4.o
 .text.prvInsertBlockIntoFreeList
                0x0800492c       0xb4 ./ThirdParty/FreeRTOS/portable/MemMang/heap_4.o
 .text._cbSendSystemDesc
                0x080049e0       0x1c ./ThirdParty/SEGGER/Config/SEGGER_SYSVIEW_Config_FreeRTOS.o
 .text.SEGGER_SYSVIEW_Conf
                0x080049fc       0x2c ./ThirdParty/SEGGER/Config/SEGGER_SYSVIEW_Config_FreeRTOS.o
                0x080049fc                SEGGER_SYSVIEW_Conf
 .text._cbSendTaskList
                0x08004a28       0x90 ./ThirdParty/SEGGER/OS/SEGGER_SYSVIEW_FreeRTOS.o
 .text._cbGetTime
                0x08004ab8       0x86 ./ThirdParty/SEGGER/OS/SEGGER_SYSVIEW_FreeRTOS.o
 *fill*         0x08004b3e        0x2 
 .text.SYSVIEW_AddTask
                0x08004b40       0xd0 ./ThirdParty/SEGGER/OS/SEGGER_SYSVIEW_FreeRTOS.o
                0x08004b40                SYSVIEW_AddTask
 .text.SYSVIEW_DeleteTask
                0x08004c10      0x178 ./ThirdParty/SEGGER/OS/SEGGER_SYSVIEW_FreeRTOS.o
                0x08004c10                SYSVIEW_DeleteTask
 .text.SYSVIEW_SendTaskInfo
                0x08004d88       0x42 ./ThirdParty/SEGGER/OS/SEGGER_SYSVIEW_FreeRTOS.o
                0x08004d88                SYSVIEW_SendTaskInfo
 *fill*         0x08004dca        0x2 
 .text.__NVIC_EnableIRQ
                0x08004dcc       0x3c ./ThirdParty/SEGGER/Records/segger_uart.o
 .text.__NVIC_SetPriority
                0x08004e08       0x54 ./ThirdParty/SEGGER/Records/segger_uart.o
 .text._StartSysView
                0x08004e5c       0x1e ./ThirdParty/SEGGER/Records/segger_uart.o
 *fill*         0x08004e7a        0x2 
 .text._cbOnUARTRx
                0x08004e7c       0x40 ./ThirdParty/SEGGER/Records/segger_uart.o
 .text._cbOnUARTTx
                0x08004ebc       0x64 ./ThirdParty/SEGGER/Records/segger_uart.o
 .text.SEGGER_UART_init
                0x08004f20       0x24 ./ThirdParty/SEGGER/Records/segger_uart.o
                0x08004f20                SEGGER_UART_init
 .text.USART2_IRQHandler
                0x08004f44       0x94 ./ThirdParty/SEGGER/Records/segger_uart.o
                0x08004f44                USART2_IRQHandler
 .text.HIF_UART_EnableTXEInterrupt
                0x08004fd8       0x20 ./ThirdParty/SEGGER/Records/segger_uart.o
                0x08004fd8                HIF_UART_EnableTXEInterrupt
 .text.HIF_UART_Init
                0x08004ff8       0xf4 ./ThirdParty/SEGGER/Records/segger_uart.o
                0x08004ff8                HIF_UART_Init
 .text._DoInit  0x080050ec       0xb0 ./ThirdParty/SEGGER/SEGGER/SEGGER_RTT.o
 .text._WriteBlocking
                0x0800519c       0xba ./ThirdParty/SEGGER/SEGGER/SEGGER_RTT.o
 .text._WriteNoCheck
                0x08005256       0x90 ./ThirdParty/SEGGER/SEGGER/SEGGER_RTT.o
 .text._GetAvailWriteSpace
                0x080052e6       0x46 ./ThirdParty/SEGGER/SEGGER/SEGGER_RTT.o
 .text.SEGGER_RTT_ReadUpBufferNoLock
                0x0800532c      0x10c ./ThirdParty/SEGGER/SEGGER/SEGGER_RTT.o
                0x0800532c                SEGGER_RTT_ReadUpBufferNoLock
 .text.SEGGER_RTT_ReadNoLock
                0x08005438      0x10c ./ThirdParty/SEGGER/SEGGER/SEGGER_RTT.o
                0x08005438                SEGGER_RTT_ReadNoLock
 .text.SEGGER_RTT_WriteDownBufferNoLock
                0x08005544       0xa0 ./ThirdParty/SEGGER/SEGGER/SEGGER_RTT.o
                0x08005544                SEGGER_RTT_WriteDownBufferNoLock
 .text.SEGGER_RTT_WriteDownBuffer
                0x080055e4       0x4c ./ThirdParty/SEGGER/SEGGER/SEGGER_RTT.o
                0x080055e4                SEGGER_RTT_WriteDownBuffer
 .text.SEGGER_RTT_AllocUpBuffer
                0x08005630      0x108 ./ThirdParty/SEGGER/SEGGER/SEGGER_RTT.o
                0x08005630                SEGGER_RTT_AllocUpBuffer
 .text.SEGGER_RTT_ConfigDownBuffer
                0x08005738       0xe0 ./ThirdParty/SEGGER/SEGGER/SEGGER_RTT.o
                0x08005738                SEGGER_RTT_ConfigDownBuffer
 .text._EncodeStr
                0x08005818       0x9a ./ThirdParty/SEGGER/SEGGER/SEGGER_SYSVIEW.o
 .text._PreparePacket
                0x080058b2       0x18 ./ThirdParty/SEGGER/SEGGER/SEGGER_SYSVIEW.o
 *fill*         0x080058ca        0x2 
 .text._HandleIncomingPacket
                0x080058cc       0xe0 ./ThirdParty/SEGGER/SEGGER/SEGGER_SYSVIEW.o
 .text._TrySendOverflowPacket
                0x080059ac       0xe8 ./ThirdParty/SEGGER/SEGGER/SEGGER_SYSVIEW.o
 .text._SendPacket
                0x08005a94      0x1d0 ./ThirdParty/SEGGER/SEGGER/SEGGER_SYSVIEW.o
 .text._StoreChar
                0x08005c64       0xf6 ./ThirdParty/SEGGER/SEGGER/SEGGER_SYSVIEW.o
 *fill*         0x08005d5a        0x2 
 .text._PrintUnsigned
                0x08005d5c      0x12c ./ThirdParty/SEGGER/SEGGER/SEGGER_SYSVIEW.o
 .text._PrintInt
                0x08005e88      0x11e ./ThirdParty/SEGGER/SEGGER/SEGGER_SYSVIEW.o
 *fill*         0x08005fa6        0x2 
 .text._VPrintTarget
                0x08005fa8      0x3f0 ./ThirdParty/SEGGER/SEGGER/SEGGER_SYSVIEW.o
 .text.SEGGER_SYSVIEW_Init
                0x08006398       0x88 ./ThirdParty/SEGGER/SEGGER/SEGGER_SYSVIEW.o
                0x08006398                SEGGER_SYSVIEW_Init
 .text.SEGGER_SYSVIEW_SetRAMBase
                0x08006420       0x20 ./ThirdParty/SEGGER/SEGGER/SEGGER_SYSVIEW.o
                0x08006420                SEGGER_SYSVIEW_SetRAMBase
 .text.SEGGER_SYSVIEW_RecordVoid
                0x08006440       0x3c ./ThirdParty/SEGGER/SEGGER/SEGGER_SYSVIEW.o
                0x08006440                SEGGER_SYSVIEW_RecordVoid
 .text.SEGGER_SYSVIEW_RecordU32
                0x0800647c       0x78 ./ThirdParty/SEGGER/SEGGER/SEGGER_SYSVIEW.o
                0x0800647c                SEGGER_SYSVIEW_RecordU32
 .text.SEGGER_SYSVIEW_RecordU32x2
                0x080064f4       0xb4 ./ThirdParty/SEGGER/SEGGER/SEGGER_SYSVIEW.o
                0x080064f4                SEGGER_SYSVIEW_RecordU32x2
 .text.SEGGER_SYSVIEW_RecordU32x3
                0x080065a8       0xec ./ThirdParty/SEGGER/SEGGER/SEGGER_SYSVIEW.o
                0x080065a8                SEGGER_SYSVIEW_RecordU32x3
 .text.SEGGER_SYSVIEW_RecordU32x4
                0x08006694      0x124 ./ThirdParty/SEGGER/SEGGER/SEGGER_SYSVIEW.o
                0x08006694                SEGGER_SYSVIEW_RecordU32x4
 .text.SEGGER_SYSVIEW_RecordU32x5
                0x080067b8      0x15c ./ThirdParty/SEGGER/SEGGER/SEGGER_SYSVIEW.o
                0x080067b8                SEGGER_SYSVIEW_RecordU32x5
 .text.SEGGER_SYSVIEW_Start
                0x08006914      0x178 ./ThirdParty/SEGGER/SEGGER/SEGGER_SYSVIEW.o
                0x08006914                SEGGER_SYSVIEW_Start
 .text.SEGGER_SYSVIEW_Stop
                0x08006a8c       0x4c ./ThirdParty/SEGGER/SEGGER/SEGGER_SYSVIEW.o
                0x08006a8c                SEGGER_SYSVIEW_Stop
 .text.SEGGER_SYSVIEW_GetSysDesc
                0x08006ad8      0x134 ./ThirdParty/SEGGER/SEGGER/SEGGER_SYSVIEW.o
                0x08006ad8                SEGGER_SYSVIEW_GetSysDesc
 .text.SEGGER_SYSVIEW_SendTaskInfo
                0x08006c0c      0x1c8 ./ThirdParty/SEGGER/SEGGER/SEGGER_SYSVIEW.o
                0x08006c0c                SEGGER_SYSVIEW_SendTaskInfo
 .text.SEGGER_SYSVIEW_SendTaskList
                0x08006dd4       0x28 ./ThirdParty/SEGGER/SEGGER/SEGGER_SYSVIEW.o
                0x08006dd4                SEGGER_SYSVIEW_SendTaskList
 .text.SEGGER_SYSVIEW_SendSysDesc
                0x08006dfc       0x48 ./ThirdParty/SEGGER/SEGGER/SEGGER_SYSVIEW.o
                0x08006dfc                SEGGER_SYSVIEW_SendSysDesc
 .text.SEGGER_SYSVIEW_RecordSystime
                0x08006e44       0x64 ./ThirdParty/SEGGER/SEGGER/SEGGER_SYSVIEW.o
                0x08006e44                SEGGER_SYSVIEW_RecordSystime
 .text.SEGGER_SYSVIEW_RecordEnterISR
                0x08006ea8       0x84 ./ThirdParty/SEGGER/SEGGER/SEGGER_SYSVIEW.o
                0x08006ea8                SEGGER_SYSVIEW_RecordEnterISR
 .text.SEGGER_SYSVIEW_RecordExitISR
                0x08006f2c       0x38 ./ThirdParty/SEGGER/SEGGER/SEGGER_SYSVIEW.o
                0x08006f2c                SEGGER_SYSVIEW_RecordExitISR
 .text.SEGGER_SYSVIEW_RecordExitISRToScheduler
                0x08006f64       0x38 ./ThirdParty/SEGGER/SEGGER/SEGGER_SYSVIEW.o
                0x08006f64                SEGGER_SYSVIEW_RecordExitISRToScheduler
 .text.SEGGER_SYSVIEW_OnIdle
                0x08006f9c       0x38 ./ThirdParty/SEGGER/SEGGER/SEGGER_SYSVIEW.o
                0x08006f9c                SEGGER_SYSVIEW_OnIdle
 .text.SEGGER_SYSVIEW_OnTaskCreate
                0x08006fd4       0x84 ./ThirdParty/SEGGER/SEGGER/SEGGER_SYSVIEW.o
                0x08006fd4                SEGGER_SYSVIEW_OnTaskCreate
 .text.SEGGER_SYSVIEW_OnTaskStartExec
                0x08007058       0x84 ./ThirdParty/SEGGER/SEGGER/SEGGER_SYSVIEW.o
                0x08007058                SEGGER_SYSVIEW_OnTaskStartExec
 .text.SEGGER_SYSVIEW_OnTaskStartReady
                0x080070dc       0x84 ./ThirdParty/SEGGER/SEGGER/SEGGER_SYSVIEW.o
                0x080070dc                SEGGER_SYSVIEW_OnTaskStartReady
 .text.SEGGER_SYSVIEW_OnTaskStopReady
                0x08007160       0xc0 ./ThirdParty/SEGGER/SEGGER/SEGGER_SYSVIEW.o
                0x08007160                SEGGER_SYSVIEW_OnTaskStopReady
 .text.SEGGER_SYSVIEW_ShrinkId
                0x08007220       0x20 ./ThirdParty/SEGGER/SEGGER/SEGGER_SYSVIEW.o
                0x08007220                SEGGER_SYSVIEW_ShrinkId
 .text.SEGGER_SYSVIEW_SendModule
                0x08007240      0x100 ./ThirdParty/SEGGER/SEGGER/SEGGER_SYSVIEW.o
                0x08007240                SEGGER_SYSVIEW_SendModule
 .text.SEGGER_SYSVIEW_SendModuleDescription
                0x08007340       0x3c ./ThirdParty/SEGGER/SEGGER/SEGGER_SYSVIEW.o
                0x08007340                SEGGER_SYSVIEW_SendModuleDescription
 .text.SEGGER_SYSVIEW_SendNumModules
                0x0800737c       0x7c ./ThirdParty/SEGGER/SEGGER/SEGGER_SYSVIEW.o
                0x0800737c                SEGGER_SYSVIEW_SendNumModules
 .text.SEGGER_SYSVIEW_PrintfTarget
                0x080073f8       0x28 ./ThirdParty/SEGGER/SEGGER/SEGGER_SYSVIEW.o
                0x080073f8                SEGGER_SYSVIEW_PrintfTarget
 .text.SEGGER_SYSVIEW_Warn
                0x08007420       0xb8 ./ThirdParty/SEGGER/SEGGER/SEGGER_SYSVIEW.o
                0x08007420                SEGGER_SYSVIEW_Warn
 .text.SEGGER_SYSVIEW_IsStarted
                0x080074d8       0x5c ./ThirdParty/SEGGER/SEGGER/SEGGER_SYSVIEW.o
                0x080074d8                SEGGER_SYSVIEW_IsStarted
 .text.memcmp   0x08007534       0x20 /opt/st/stm32cubeide_1.16.1/plugins/com.st.stm32cube.ide.mcu.externaltools.gnu-tools-for-stm32.12.3.rel1.linux64_1.0.200.202406132123/tools/bin/../lib/gcc/arm-none-eabi/12.3.1/../../../../arm-none-eabi/lib/thumb/v7e-m+fp/hard/libc_nano.a(libc_a-memcmp.o)
                0x08007534                memcmp
 .text.memset   0x08007554       0x10 /opt/st/stm32cubeide_1.16.1/plugins/com.st.stm32cube.ide.mcu.externaltools.gnu-tools-for-stm32.12.3.rel1.linux64_1.0.200.202406132123/tools/bin/../lib/gcc/arm-none-eabi/12.3.1/../../../../arm-none-eabi/lib/thumb/v7e-m+fp/hard/libc_nano.a(libc_a-memset.o)
                0x08007554                memset
 .text.__libc_init_array
                0x08007564       0x48 /opt/st/stm32cubeide_1.16.1/plugins/com.st.stm32cube.ide.mcu.externaltools.gnu-tools-for-stm32.12.3.rel1.linux64_1.0.200.202406132123/tools/bin/../lib/gcc/arm-none-eabi/12.3.1/../../../../arm-none-eabi/lib/thumb/v7e-m+fp/hard/libc_nano.a(libc_a-init.o)
                0x08007564                __libc_init_array
 .text.memcpy   0x080075ac       0x1c /opt/st/stm32cubeide_1.16.1/plugins/com.st.stm32cube.ide.mcu.externaltools.gnu-tools-for-stm32.12.3.rel1.linux64_1.0.200.202406132123/tools/bin/../lib/gcc/arm-none-eabi/12.3.1/../../../../arm-none-eabi/lib/thumb/v7e-m+fp/hard/libc_nano.a(libc_a-memcpy-stub.o)
                0x080075ac                memcpy
 *(.glue_7)
 .glue_7        0x080075c8        0x0 linker stubs
 *(.glue_7t)
 .glue_7t       0x080075c8        0x0 linker stubs
 *(.eh_frame)
 .eh_frame      0x080075c8        0x0 /opt/st/stm32cubeide_1.16.1/plugins/com.st.stm32cube.ide.mcu.externaltools.gnu-tools-for-stm32.12.3.rel1.linux64_1.0.200.202406132123/tools/bin/../lib/gcc/arm-none-eabi/12.3.1/thumb/v7e-m+fp/hard/crtbegin.o
 *(.init)
 .init          0x080075c8        0x4 /opt/st/stm32cubeide_1.16.1/plugins/com.st.stm32cube.ide.mcu.externaltools.gnu-tools-for-stm32.12.3.rel1.linux64_1.0.200.202406132123/tools/bin/../lib/gcc/arm-none-eabi/12.3.1/thumb/v7e-m+fp/hard/crti.o
                0x080075c8                _init
 .init          0x080075cc        0x8 /opt/st/stm32cubeide_1.16.1/plugins/com.st.stm32cube.ide.mcu.externaltools.gnu-tools-for-stm32.12.3.rel1.linux64_1.0.200.202406132123/tools/bin/../lib/gcc/arm-none-eabi/12.3.1/thumb/v7e-m+fp/hard/crtn.o
 *(.fini)
 .fini          0x080075d4        0x4 /opt/st/stm32cubeide_1.16.1/plugins/com.st.stm32cube.ide.mcu.externaltools.gnu-tools-for-stm32.12.3.rel1.linux64_1.0.200.202406132123/tools/bin/../lib/gcc/arm-none-eabi/12.3.1/thumb/v7e-m+fp/hard/crti.o
                0x080075d4                _fini
 .fini          0x080075d8        0x8 /opt/st/stm32cubeide_1.16.1/plugins/com.st.stm32cube.ide.mcu.externaltools.gnu-tools-for-stm32.12.3.rel1.linux64_1.0.200.202406132123/tools/bin/../lib/gcc/arm-none-eabi/12.3.1/thumb/v7e-m+fp/hard/crtn.o
                0x080075e0                        . = ALIGN (0x4)
                0x080075e0                        _etext = .

.vfp11_veneer   0x080075e0        0x0
 .vfp11_veneer  0x080075e0        0x0 linker stubs

.v4_bx          0x080075e0        0x0
 .v4_bx         0x080075e0        0x0 linker stubs

.iplt           0x080075e0        0x0
 .iplt          0x080075e0        0x0 /opt/st/stm32cubeide_1.16.1/plugins/com.st.stm32cube.ide.mcu.externaltools.gnu-tools-for-stm32.12.3.rel1.linux64_1.0.200.202406132123/tools/bin/../lib/gcc/arm-none-eabi/12.3.1/thumb/v7e-m+fp/hard/crtbegin.o

.rodata         0x080075e0      0x1d4
                0x080075e0                        . = ALIGN (0x4)
 *(.rodata)
 .rodata        0x080075e0       0xb0 ./Core/Src/main.o
 .rodata        0x08007690        0x5 ./ThirdParty/FreeRTOS/tasks.o
 *fill*         0x08007695        0x3 
 .rodata        0x08007698        0xd ./ThirdParty/FreeRTOS/timers.o
 *fill*         0x080076a5        0x3 
 .rodata        0x080076a8       0x51 ./ThirdParty/SEGGER/Config/SEGGER_SYSVIEW_Config_FreeRTOS.o
 *fill*         0x080076f9        0x3 
 .rodata        0x080076fc       0x58 ./ThirdParty/SEGGER/OS/SEGGER_SYSVIEW_FreeRTOS.o
 .rodata        0x08007754       0x17 ./ThirdParty/SEGGER/SEGGER/SEGGER_RTT.o
 *fill*         0x0800776b        0x1 
 .rodata        0x0800776c        0x8 ./ThirdParty/SEGGER/SEGGER/SEGGER_SYSVIEW.o
 *(.rodata*)
 .rodata.AHBPrescTable
                0x08007774       0x10 ./Core/Src/system_stm32f4xx.o
                0x08007774                AHBPrescTable
 .rodata.APBPrescTable
                0x08007784        0x8 ./Core/Src/system_stm32f4xx.o
                0x08007784                APBPrescTable
 .rodata.SYSVIEW_X_OS_TraceAPI
                0x0800778c        0x8 ./ThirdParty/SEGGER/OS/SEGGER_SYSVIEW_FreeRTOS.o
                0x0800778c                SYSVIEW_X_OS_TraceAPI
 .rodata._abHelloMsg
                0x08007794        0x4 ./ThirdParty/SEGGER/Records/segger_uart.o
 .rodata._abSync
                0x08007798        0xa ./ThirdParty/SEGGER/SEGGER/SEGGER_SYSVIEW.o
 *fill*         0x080077a2        0x2 
 .rodata._aV2C.0
                0x080077a4       0x10 ./ThirdParty/SEGGER/SEGGER/SEGGER_SYSVIEW.o
                0x080077b4                        . = ALIGN (0x4)

.ARM.extab      0x080077b4        0x0
                0x080077b4                        . = ALIGN (0x4)
 *(.ARM.extab* .gnu.linkonce.armextab.*)
                0x080077b4                        . = ALIGN (0x4)

.ARM            0x080077b4        0x8
                0x080077b4                        . = ALIGN (0x4)
                0x080077b4                        __exidx_start = .
 *(.ARM.exidx*)
 .ARM.exidx     0x080077b4        0x8 /opt/st/stm32cubeide_1.16.1/plugins/com.st.stm32cube.ide.mcu.externaltools.gnu-tools-for-stm32.12.3.rel1.linux64_1.0.200.202406132123/tools/bin/../lib/gcc/arm-none-eabi/12.3.1/thumb/v7e-m+fp/hard/libgcc.a(_udivmoddi4.o)
                0x080077bc                        __exidx_end = .
                0x080077bc                        . = ALIGN (0x4)

.preinit_array  0x080077bc        0x0
                0x080077bc                        . = ALIGN (0x4)
                0x080077bc                        PROVIDE (__preinit_array_start = .)
 *(.preinit_array*)
                0x080077bc                        PROVIDE (__preinit_array_end = .)
                0x080077bc                        . = ALIGN (0x4)

.init_array     0x080077bc        0x4
                0x080077bc                        . = ALIGN (0x4)
                0x080077bc                        PROVIDE (__init_array_start = .)
 *(SORT_BY_NAME(.init_array.*))
 *(.init_array*)
 .init_array    0x080077bc        0x4 /opt/st/stm32cubeide_1.16.1/plugins/com.st.stm32cube.ide.mcu.externaltools.gnu-tools-for-stm32.12.3.rel1.linux64_1.0.200.202406132123/tools/bin/../lib/gcc/arm-none-eabi/12.3.1/thumb/v7e-m+fp/hard/crtbegin.o
                0x080077c0                        PROVIDE (__init_array_end = .)
                0x080077c0                        . = ALIGN (0x4)

.fini_array     0x080077c0        0x4
                0x080077c0                        . = ALIGN (0x4)
                [!provide]                        PROVIDE (__fini_array_start = .)
 *(SORT_BY_NAME(.fini_array.*))
 *(.fini_array*)
 .fini_array    0x080077c0        0x4 /opt/st/stm32cubeide_1.16.1/plugins/com.st.stm32cube.ide.mcu.externaltools.gnu-tools-for-stm32.12.3.rel1.linux64_1.0.200.202406132123/tools/bin/../lib/gcc/arm-none-eabi/12.3.1/thumb/v7e-m+fp/hard/crtbegin.o
                [!provide]                        PROVIDE (__fini_array_end = .)
                0x080077c4                        . = ALIGN (0x4)
                0x080077c4                        _sidata = LOADADDR (.data)

.rel.dyn        0x080077c4        0x0
 .rel.iplt      0x080077c4        0x0 /opt/st/stm32cubeide_1.16.1/plugins/com.st.stm32cube.ide.mcu.externaltools.gnu-tools-for-stm32.12.3.rel1.linux64_1.0.200.202406132123/tools/bin/../lib/gcc/arm-none-eabi/12.3.1/thumb/v7e-m+fp/hard/crtbegin.o

.data           0x20000000       0x1c load address 0x080077c4
                0x20000000                        . = ALIGN (0x4)
                0x20000000                        _sdata = .
 *(.data)
 *(.data*)
 .data.SystemCoreClock
                0x20000000        0x4 ./Core/Src/system_stm32f4xx.o
                0x20000000                SystemCoreClock
 .data.uwTickPrio
                0x20000004        0x4 ./Drivers/STM32F4xx_HAL_Driver/Src/stm32f4xx_hal.o
                0x20000004                uwTickPrio
 .data.uwTickFreq
                0x20000008        0x1 ./Drivers/STM32F4xx_HAL_Driver/Src/stm32f4xx_hal.o
                0x20000008                uwTickFreq
 *fill*         0x20000009        0x3 
 .data.uxTopUsedPriority
                0x2000000c        0x4 ./ThirdParty/FreeRTOS/tasks.o
                0x2000000c                uxTopUsedPriority
 .data.uxCriticalNesting
                0x20000010        0x4 ./ThirdParty/FreeRTOS/portable/GCC/ARM_CM4F/port.o
 .data._SVInfo  0x20000014        0x8 ./ThirdParty/SEGGER/Records/segger_uart.o
 *(.RamFunc)
 *(.RamFunc*)
                0x2000001c                        . = ALIGN (0x4)
                0x2000001c                        _edata = .

.igot.plt       0x2000001c        0x0 load address 0x080077e0
 .igot.plt      0x2000001c        0x0 /opt/st/stm32cubeide_1.16.1/plugins/com.st.stm32cube.ide.mcu.externaltools.gnu-tools-for-stm32.12.3.rel1.linux64_1.0.200.202406132123/tools/bin/../lib/gcc/arm-none-eabi/12.3.1/thumb/v7e-m+fp/hard/crtbegin.o
                0x2000001c                        . = ALIGN (0x4)

.bss            0x2000001c    0x1449c load address 0x080077e0
                0x2000001c                        _sbss = .
                0x2000001c                        __bss_start__ = _sbss
 *(.bss)
 .bss           0x2000001c       0x1c /opt/st/stm32cubeide_1.16.1/plugins/com.st.stm32cube.ide.mcu.externaltools.gnu-tools-for-stm32.12.3.rel1.linux64_1.0.200.202406132123/tools/bin/../lib/gcc/arm-none-eabi/12.3.1/thumb/v7e-m+fp/hard/crtbegin.o
 *(.bss*)
 .bss.ledg_task_handle
                0x20000038        0x4 ./Core/Src/main.o
                0x20000038                ledg_task_handle
 .bss.ledo_task_handle
                0x2000003c        0x4 ./Core/Src/main.o
                0x2000003c                ledo_task_handle
 .bss.ledr_task_handle
                0x20000040        0x4 ./Core/Src/main.o
                0x20000040                ledr_task_handle
 .bss.next_task_handle
                0x20000044        0x4 ./Core/Src/main.o
                0x20000044                next_task_handle
 .bss.htim5     0x20000048       0x48 ./Core/Src/stm32f4xx_hal_timebase_tim.o
                0x20000048                htim5
 .bss.uwTick    0x20000090        0x4 ./Drivers/STM32F4xx_HAL_Driver/Src/stm32f4xx_hal.o
                0x20000090                uwTick
 .bss.xQueueRegistry
                0x20000094       0x40 ./ThirdParty/FreeRTOS/queue.o
                0x20000094                xQueueRegistry
 .bss.pxCurrentTCB
                0x200000d4        0x4 ./ThirdParty/FreeRTOS/tasks.o
                0x200000d4                pxCurrentTCB
 .bss.pxReadyTasksLists
                0x200000d8       0x64 ./ThirdParty/FreeRTOS/tasks.o
 .bss.xDelayedTaskList1
                0x2000013c       0x14 ./ThirdParty/FreeRTOS/tasks.o
 .bss.xDelayedTaskList2
                0x20000150       0x14 ./ThirdParty/FreeRTOS/tasks.o
 .bss.pxDelayedTaskList
                0x20000164        0x4 ./ThirdParty/FreeRTOS/tasks.o
 .bss.pxOverflowDelayedTaskList
                0x20000168        0x4 ./ThirdParty/FreeRTOS/tasks.o
 .bss.xPendingReadyList
                0x2000016c       0x14 ./ThirdParty/FreeRTOS/tasks.o
 .bss.xTasksWaitingTermination
                0x20000180       0x14 ./ThirdParty/FreeRTOS/tasks.o
 .bss.uxDeletedTasksWaitingCleanUp
                0x20000194        0x4 ./ThirdParty/FreeRTOS/tasks.o
 .bss.xSuspendedTaskList
                0x20000198       0x14 ./ThirdParty/FreeRTOS/tasks.o
 .bss.uxCurrentNumberOfTasks
                0x200001ac        0x4 ./ThirdParty/FreeRTOS/tasks.o
 .bss.xTickCount
                0x200001b0        0x4 ./ThirdParty/FreeRTOS/tasks.o
 .bss.uxTopReadyPriority
                0x200001b4        0x4 ./ThirdParty/FreeRTOS/tasks.o
 .bss.xSchedulerRunning
                0x200001b8        0x4 ./ThirdParty/FreeRTOS/tasks.o
 .bss.xPendedTicks
                0x200001bc        0x4 ./ThirdParty/FreeRTOS/tasks.o
 .bss.xYieldPending
                0x200001c0        0x4 ./ThirdParty/FreeRTOS/tasks.o
 .bss.xNumOfOverflows
                0x200001c4        0x4 ./ThirdParty/FreeRTOS/tasks.o
 .bss.uxTaskNumber
                0x200001c8        0x4 ./ThirdParty/FreeRTOS/tasks.o
 .bss.xNextTaskUnblockTime
                0x200001cc        0x4 ./ThirdParty/FreeRTOS/tasks.o
 .bss.xIdleTaskHandle
                0x200001d0        0x4 ./ThirdParty/FreeRTOS/tasks.o
 .bss.uxSchedulerSuspended
                0x200001d4        0x4 ./ThirdParty/FreeRTOS/tasks.o
 .bss.xActiveTimerList1
                0x200001d8       0x14 ./ThirdParty/FreeRTOS/timers.o
 .bss.xActiveTimerList2
                0x200001ec       0x14 ./ThirdParty/FreeRTOS/timers.o
 .bss.pxCurrentTimerList
                0x20000200        0x4 ./ThirdParty/FreeRTOS/timers.o
 .bss.pxOverflowTimerList
                0x20000204        0x4 ./ThirdParty/FreeRTOS/timers.o
 .bss.xTimerQueue
                0x20000208        0x4 ./ThirdParty/FreeRTOS/timers.o
 .bss.xTimerTaskHandle
                0x2000020c        0x4 ./ThirdParty/FreeRTOS/timers.o
 .bss.xLastTime.0
                0x20000210        0x4 ./ThirdParty/FreeRTOS/timers.o
 .bss.ucMaxSysCallPriority
                0x20000214        0x1 ./ThirdParty/FreeRTOS/portable/GCC/ARM_CM4F/port.o
 *fill*         0x20000215        0x3 
 .bss.ulMaxPRIGROUPValue
                0x20000218        0x4 ./ThirdParty/FreeRTOS/portable/GCC/ARM_CM4F/port.o
 .bss.ucHeap    0x2000021c    0x12c00 ./ThirdParty/FreeRTOS/portable/MemMang/heap_4.o
 .bss.xStart    0x20012e1c        0x8 ./ThirdParty/FreeRTOS/portable/MemMang/heap_4.o
 .bss.pxEnd     0x20012e24        0x4 ./ThirdParty/FreeRTOS/portable/MemMang/heap_4.o
 .bss.xFreeBytesRemaining
                0x20012e28        0x4 ./ThirdParty/FreeRTOS/portable/MemMang/heap_4.o
 .bss.xMinimumEverFreeBytesRemaining
                0x20012e2c        0x4 ./ThirdParty/FreeRTOS/portable/MemMang/heap_4.o
 .bss.xNumberOfSuccessfulAllocations
                0x20012e30        0x4 ./ThirdParty/FreeRTOS/portable/MemMang/heap_4.o
 .bss.xNumberOfSuccessfulFrees
                0x20012e34        0x4 ./ThirdParty/FreeRTOS/portable/MemMang/heap_4.o
 .bss._aTasks   0x20012e38       0xa0 ./ThirdParty/SEGGER/OS/SEGGER_SYSVIEW_FreeRTOS.o
 .bss._NumTasks
                0x20012ed8        0x4 ./ThirdParty/SEGGER/OS/SEGGER_SYSVIEW_FreeRTOS.o
 .bss._cbOnRx   0x20012edc        0x4 ./ThirdParty/SEGGER/Records/segger_uart.o
 .bss._cbOnTx   0x20012ee0        0x4 ./ThirdParty/SEGGER/Records/segger_uart.o
 .bss._SEGGER_RTT
                0x20012ee4       0xa8 ./ThirdParty/SEGGER/SEGGER/SEGGER_RTT.o
                0x20012ee4                _SEGGER_RTT
 .bss._acUpBuffer
                0x20012f8c      0x400 ./ThirdParty/SEGGER/SEGGER/SEGGER_RTT.o
 .bss._acDownBuffer
                0x2001338c       0x10 ./ThirdParty/SEGGER/SEGGER/SEGGER_RTT.o
 .bss._UpBuffer
                0x2001339c     0x1000 ./ThirdParty/SEGGER/SEGGER/SEGGER_SYSVIEW.o
 .bss._DownBuffer
                0x2001439c        0x8 ./ThirdParty/SEGGER/SEGGER/SEGGER_SYSVIEW.o
 .bss._SYSVIEW_Globals
                0x200143a4       0x28 ./ThirdParty/SEGGER/SEGGER/SEGGER_SYSVIEW.o
 .bss._pFirstModule
                0x200143cc        0x4 ./ThirdParty/SEGGER/SEGGER/SEGGER_SYSVIEW.o
 .bss._NumModules
                0x200143d0        0x1 ./ThirdParty/SEGGER/SEGGER/SEGGER_SYSVIEW.o
 *fill*         0x200143d1        0x3 
 .bss._aPacket  0x200143d4       0xe3 ./ThirdParty/SEGGER/SEGGER/SEGGER_SYSVIEW.o
 *(COMMON)
                0x200144b8                        . = ALIGN (0x4)
 *fill*         0x200144b7        0x1 
                0x200144b8                        _ebss = .
                0x200144b8                        __bss_end__ = _ebss

._user_heap_stack
                0x200144b8      0x600 load address 0x080077e0
                0x200144b8                        . = ALIGN (0x8)
                [!provide]                        PROVIDE (end = .)
                0x200144b8                        PROVIDE (_end = .)
                0x200146b8                        . = (. + _Min_Heap_Size)
 *fill*         0x200144b8      0x200 
                0x20014ab8                        . = (. + _Min_Stack_Size)
 *fill*         0x200146b8      0x400 
                0x20014ab8                        . = ALIGN (0x8)

/DISCARD/
 libc.a(*)
 libm.a(*)
 libgcc.a(*)

.ARM.attributes
                0x00000000       0x30
 *(.ARM.attributes)
 .ARM.attributes
                0x00000000       0x22 /opt/st/stm32cubeide_1.16.1/plugins/com.st.stm32cube.ide.mcu.externaltools.gnu-tools-for-stm32.12.3.rel1.linux64_1.0.200.202406132123/tools/bin/../lib/gcc/arm-none-eabi/12.3.1/thumb/v7e-m+fp/hard/crti.o
 .ARM.attributes
                0x00000022       0x34 /opt/st/stm32cubeide_1.16.1/plugins/com.st.stm32cube.ide.mcu.externaltools.gnu-tools-for-stm32.12.3.rel1.linux64_1.0.200.202406132123/tools/bin/../lib/gcc/arm-none-eabi/12.3.1/thumb/v7e-m+fp/hard/crtbegin.o
 .ARM.attributes
                0x00000056       0x34 ./Core/Src/main.o
 .ARM.attributes
                0x0000008a       0x34 ./Core/Src/stm32f4xx_hal_msp.o
 .ARM.attributes
                0x000000be       0x34 ./Core/Src/stm32f4xx_hal_timebase_tim.o
 .ARM.attributes
                0x000000f2       0x34 ./Core/Src/stm32f4xx_it.o
 .ARM.attributes
                0x00000126       0x34 ./Core/Src/system_stm32f4xx.o
 .ARM.attributes
                0x0000015a       0x21 ./Core/Startup/startup_stm32f411vetx.o
 .ARM.attributes
                0x0000017b       0x34 ./Drivers/STM32F4xx_HAL_Driver/Src/stm32f4xx_hal.o
 .ARM.attributes
                0x000001af       0x34 ./Drivers/STM32F4xx_HAL_Driver/Src/stm32f4xx_hal_cortex.o
 .ARM.attributes
                0x000001e3       0x34 ./Drivers/STM32F4xx_HAL_Driver/Src/stm32f4xx_hal_gpio.o
 .ARM.attributes
                0x00000217       0x34 ./Drivers/STM32F4xx_HAL_Driver/Src/stm32f4xx_hal_rcc.o
 .ARM.attributes
                0x0000024b       0x34 ./Drivers/STM32F4xx_HAL_Driver/Src/stm32f4xx_hal_tim.o
 .ARM.attributes
                0x0000027f       0x34 ./Drivers/STM32F4xx_HAL_Driver/Src/stm32f4xx_hal_tim_ex.o
 .ARM.attributes
                0x000002b3       0x34 ./ThirdParty/FreeRTOS/list.o
 .ARM.attributes
                0x000002e7       0x34 ./ThirdParty/FreeRTOS/queue.o
 .ARM.attributes
                0x0000031b       0x34 ./ThirdParty/FreeRTOS/tasks.o
 .ARM.attributes
                0x0000034f       0x34 ./ThirdParty/FreeRTOS/timers.o
 .ARM.attributes
                0x00000383       0x34 ./ThirdParty/FreeRTOS/portable/GCC/ARM_CM4F/port.o
 .ARM.attributes
                0x000003b7       0x34 ./ThirdParty/FreeRTOS/portable/MemMang/heap_4.o
 .ARM.attributes
                0x000003eb       0x34 ./ThirdParty/SEGGER/Config/SEGGER_SYSVIEW_Config_FreeRTOS.o
 .ARM.attributes
                0x0000041f       0x34 ./ThirdParty/SEGGER/OS/SEGGER_SYSVIEW_FreeRTOS.o
 .ARM.attributes
                0x00000453       0x34 ./ThirdParty/SEGGER/Records/segger_uart.o
 .ARM.attributes
                0x00000487       0x34 ./ThirdParty/SEGGER/SEGGER/SEGGER_RTT.o
 .ARM.attributes
                0x000004bb       0x20 ./ThirdParty/SEGGER/SEGGER/SEGGER_RTT_ASM_ARMv7M.o
 .ARM.attributes
                0x000004db       0x34 ./ThirdParty/SEGGER/SEGGER/SEGGER_SYSVIEW.o
 .ARM.attributes
                0x0000050f       0x34 /opt/st/stm32cubeide_1.16.1/plugins/com.st.stm32cube.ide.mcu.externaltools.gnu-tools-for-stm32.12.3.rel1.linux64_1.0.200.202406132123/tools/bin/../lib/gcc/arm-none-eabi/12.3.1/../../../../arm-none-eabi/lib/thumb/v7e-m+fp/hard/libc_nano.a(libc_a-memcmp.o)
 .ARM.attributes
                0x00000543       0x34 /opt/st/stm32cubeide_1.16.1/plugins/com.st.stm32cube.ide.mcu.externaltools.gnu-tools-for-stm32.12.3.rel1.linux64_1.0.200.202406132123/tools/bin/../lib/gcc/arm-none-eabi/12.3.1/../../../../arm-none-eabi/lib/thumb/v7e-m+fp/hard/libc_nano.a(libc_a-memset.o)
 .ARM.attributes
                0x00000577       0x34 /opt/st/stm32cubeide_1.16.1/plugins/com.st.stm32cube.ide.mcu.externaltools.gnu-tools-for-stm32.12.3.rel1.linux64_1.0.200.202406132123/tools/bin/../lib/gcc/arm-none-eabi/12.3.1/../../../../arm-none-eabi/lib/thumb/v7e-m+fp/hard/libc_nano.a(libc_a-init.o)
 .ARM.attributes
                0x000005ab       0x34 /opt/st/stm32cubeide_1.16.1/plugins/com.st.stm32cube.ide.mcu.externaltools.gnu-tools-for-stm32.12.3.rel1.linux64_1.0.200.202406132123/tools/bin/../lib/gcc/arm-none-eabi/12.3.1/../../../../arm-none-eabi/lib/thumb/v7e-m+fp/hard/libc_nano.a(libc_a-memcpy-stub.o)
 .ARM.attributes
                0x000005df       0x22 /opt/st/stm32cubeide_1.16.1/plugins/com.st.stm32cube.ide.mcu.externaltools.gnu-tools-for-stm32.12.3.rel1.linux64_1.0.200.202406132123/tools/bin/../lib/gcc/arm-none-eabi/12.3.1/thumb/v7e-m+fp/hard/libgcc.a(_aeabi_uldivmod.o)
 .ARM.attributes
                0x00000601       0x34 /opt/st/stm32cubeide_1.16.1/plugins/com.st.stm32cube.ide.mcu.externaltools.gnu-tools-for-stm32.12.3.rel1.linux64_1.0.200.202406132123/tools/bin/../lib/gcc/arm-none-eabi/12.3.1/thumb/v7e-m+fp/hard/libgcc.a(_udivmoddi4.o)
 .ARM.attributes
                0x00000635       0x22 /opt/st/stm32cubeide_1.16.1/plugins/com.st.stm32cube.ide.mcu.externaltools.gnu-tools-for-stm32.12.3.rel1.linux64_1.0.200.202406132123/tools/bin/../lib/gcc/arm-none-eabi/12.3.1/thumb/v7e-m+fp/hard/libgcc.a(_dvmd_tls.o)
 .ARM.attributes
                0x00000657       0x22 /opt/st/stm32cubeide_1.16.1/plugins/com.st.stm32cube.ide.mcu.externaltools.gnu-tools-for-stm32.12.3.rel1.linux64_1.0.200.202406132123/tools/bin/../lib/gcc/arm-none-eabi/12.3.1/thumb/v7e-m+fp/hard/crtn.o
OUTPUT(006_Task_Notify_BTN_ISR.elf elf32-littlearm)
LOAD linker stubs
LOAD /opt/st/stm32cubeide_1.16.1/plugins/com.st.stm32cube.ide.mcu.externaltools.gnu-tools-for-stm32.12.3.rel1.linux64_1.0.200.202406132123/tools/bin/../lib/gcc/arm-none-eabi/12.3.1/../../../../arm-none-eabi/lib/thumb/v7e-m+fp/hard/libc.a
LOAD /opt/st/stm32cubeide_1.16.1/plugins/com.st.stm32cube.ide.mcu.externaltools.gnu-tools-for-stm32.12.3.rel1.linux64_1.0.200.202406132123/tools/bin/../lib/gcc/arm-none-eabi/12.3.1/../../../../arm-none-eabi/lib/thumb/v7e-m+fp/hard/libm.a
LOAD /opt/st/stm32cubeide_1.16.1/plugins/com.st.stm32cube.ide.mcu.externaltools.gnu-tools-for-stm32.12.3.rel1.linux64_1.0.200.202406132123/tools/bin/../lib/gcc/arm-none-eabi/12.3.1/thumb/v7e-m+fp/hard/libgcc.a

.debug_info     0x00000000    0x13e37
 .debug_info    0x00000000     0x122d ./Core/Src/main.o
 .debug_info    0x0000122d      0x2a0 ./Core/Src/stm32f4xx_hal_msp.o
 .debug_info    0x000014cd      0xb83 ./Core/Src/stm32f4xx_hal_timebase_tim.o
 .debug_info    0x00002050      0x6e4 ./Core/Src/stm32f4xx_it.o
 .debug_info    0x00002734      0x53e ./Core/Src/system_stm32f4xx.o
 .debug_info    0x00002c72       0x30 ./Core/Startup/startup_stm32f411vetx.o
 .debug_info    0x00002ca2      0x8c4 ./Drivers/STM32F4xx_HAL_Driver/Src/stm32f4xx_hal.o
 .debug_info    0x00003566      0xcfc ./Drivers/STM32F4xx_HAL_Driver/Src/stm32f4xx_hal_cortex.o
 .debug_info    0x00004262      0x6f9 ./Drivers/STM32F4xx_HAL_Driver/Src/stm32f4xx_hal_gpio.o
 .debug_info    0x0000495b      0x8f0 ./Drivers/STM32F4xx_HAL_Driver/Src/stm32f4xx_hal_rcc.o
 .debug_info    0x0000524b     0x2996 ./Drivers/STM32F4xx_HAL_Driver/Src/stm32f4xx_hal_tim.o
 .debug_info    0x00007be1     0x14d4 ./Drivers/STM32F4xx_HAL_Driver/Src/stm32f4xx_hal_tim_ex.o
 .debug_info    0x000090b5      0x2af ./ThirdParty/FreeRTOS/list.o
 .debug_info    0x00009364     0x18ec ./ThirdParty/FreeRTOS/queue.o
 .debug_info    0x0000ac50     0x224f ./ThirdParty/FreeRTOS/tasks.o
 .debug_info    0x0000ce9f      0xe20 ./ThirdParty/FreeRTOS/timers.o
 .debug_info    0x0000dcbf      0x59d ./ThirdParty/FreeRTOS/portable/GCC/ARM_CM4F/port.o
 .debug_info    0x0000e25c      0x523 ./ThirdParty/FreeRTOS/portable/MemMang/heap_4.o
 .debug_info    0x0000e77f      0x173 ./ThirdParty/SEGGER/Config/SEGGER_SYSVIEW_Config_FreeRTOS.o
 .debug_info    0x0000e8f2      0x411 ./ThirdParty/SEGGER/OS/SEGGER_SYSVIEW_FreeRTOS.o
 .debug_info    0x0000ed03      0x814 ./ThirdParty/SEGGER/Records/segger_uart.o
 .debug_info    0x0000f517     0x13d7 ./ThirdParty/SEGGER/SEGGER/SEGGER_RTT.o
 .debug_info    0x000108ee       0x25 ./ThirdParty/SEGGER/SEGGER/SEGGER_RTT_ASM_ARMv7M.o
 .debug_info    0x00010913     0x3524 ./ThirdParty/SEGGER/SEGGER/SEGGER_SYSVIEW.o

.debug_abbrev   0x00000000     0x3242
 .debug_abbrev  0x00000000      0x341 ./Core/Src/main.o
 .debug_abbrev  0x00000341       0xeb ./Core/Src/stm32f4xx_hal_msp.o
 .debug_abbrev  0x0000042c      0x207 ./Core/Src/stm32f4xx_hal_timebase_tim.o
 .debug_abbrev  0x00000633      0x1ba ./Core/Src/stm32f4xx_it.o
 .debug_abbrev  0x000007ed      0x11a ./Core/Src/system_stm32f4xx.o
 .debug_abbrev  0x00000907       0x24 ./Core/Startup/startup_stm32f411vetx.o
 .debug_abbrev  0x0000092b      0x24b ./Drivers/STM32F4xx_HAL_Driver/Src/stm32f4xx_hal.o
 .debug_abbrev  0x00000b76      0x31d ./Drivers/STM32F4xx_HAL_Driver/Src/stm32f4xx_hal_cortex.o
 .debug_abbrev  0x00000e93      0x1d3 ./Drivers/STM32F4xx_HAL_Driver/Src/stm32f4xx_hal_gpio.o
 .debug_abbrev  0x00001066      0x2b6 ./Drivers/STM32F4xx_HAL_Driver/Src/stm32f4xx_hal_rcc.o
 .debug_abbrev  0x0000131c      0x28b ./Drivers/STM32F4xx_HAL_Driver/Src/stm32f4xx_hal_tim.o
 .debug_abbrev  0x000015a7      0x296 ./Drivers/STM32F4xx_HAL_Driver/Src/stm32f4xx_hal_tim_ex.o
 .debug_abbrev  0x0000183d       0xf5 ./ThirdParty/FreeRTOS/list.o
 .debug_abbrev  0x00001932      0x321 ./ThirdParty/FreeRTOS/queue.o
 .debug_abbrev  0x00001c53      0x3b0 ./ThirdParty/FreeRTOS/tasks.o
 .debug_abbrev  0x00002003      0x2cb ./ThirdParty/FreeRTOS/timers.o
 .debug_abbrev  0x000022ce      0x25a ./ThirdParty/FreeRTOS/portable/GCC/ARM_CM4F/port.o
 .debug_abbrev  0x00002528      0x256 ./ThirdParty/FreeRTOS/portable/MemMang/heap_4.o
 .debug_abbrev  0x0000277e       0xdf ./ThirdParty/SEGGER/Config/SEGGER_SYSVIEW_Config_FreeRTOS.o
 .debug_abbrev  0x0000285d      0x1a4 ./ThirdParty/SEGGER/OS/SEGGER_SYSVIEW_FreeRTOS.o
 .debug_abbrev  0x00002a01      0x28c ./ThirdParty/SEGGER/Records/segger_uart.o
 .debug_abbrev  0x00002c8d      0x258 ./ThirdParty/SEGGER/SEGGER/SEGGER_RTT.o
 .debug_abbrev  0x00002ee5       0x14 ./ThirdParty/SEGGER/SEGGER/SEGGER_RTT_ASM_ARMv7M.o
 .debug_abbrev  0x00002ef9      0x349 ./ThirdParty/SEGGER/SEGGER/SEGGER_SYSVIEW.o

.debug_aranges  0x00000000     0x1388
 .debug_aranges
                0x00000000       0x60 ./Core/Src/main.o
 .debug_aranges
                0x00000060       0x20 ./Core/Src/stm32f4xx_hal_msp.o
 .debug_aranges
                0x00000080       0x30 ./Core/Src/stm32f4xx_hal_timebase_tim.o
 .debug_aranges
                0x000000b0       0x58 ./Core/Src/stm32f4xx_it.o
 .debug_aranges
                0x00000108       0x28 ./Core/Src/system_stm32f4xx.o
 .debug_aranges
                0x00000130       0x28 ./Core/Startup/startup_stm32f411vetx.o
 .debug_aranges
                0x00000158       0xf0 ./Drivers/STM32F4xx_HAL_Driver/Src/stm32f4xx_hal.o
 .debug_aranges
                0x00000248      0x130 ./Drivers/STM32F4xx_HAL_Driver/Src/stm32f4xx_hal_cortex.o
 .debug_aranges
                0x00000378       0x58 ./Drivers/STM32F4xx_HAL_Driver/Src/stm32f4xx_hal_gpio.o
 .debug_aranges
                0x000003d0       0x88 ./Drivers/STM32F4xx_HAL_Driver/Src/stm32f4xx_hal_rcc.o
 .debug_aranges
                0x00000458      0x3d0 ./Drivers/STM32F4xx_HAL_Driver/Src/stm32f4xx_hal_tim.o
 .debug_aranges
                0x00000828      0x168 ./Drivers/STM32F4xx_HAL_Driver/Src/stm32f4xx_hal_tim_ex.o
 .debug_aranges
                0x00000990       0x40 ./ThirdParty/FreeRTOS/list.o
 .debug_aranges
                0x000009d0      0x130 ./ThirdParty/FreeRTOS/queue.o
 .debug_aranges
                0x00000b00      0x208 ./ThirdParty/FreeRTOS/tasks.o
 .debug_aranges
                0x00000d08       0xe8 ./ThirdParty/FreeRTOS/timers.o
 .debug_aranges
                0x00000df0       0x88 ./ThirdParty/FreeRTOS/portable/GCC/ARM_CM4F/port.o
 .debug_aranges
                0x00000e78       0x60 ./ThirdParty/FreeRTOS/portable/MemMang/heap_4.o
 .debug_aranges
                0x00000ed8       0x28 ./ThirdParty/SEGGER/Config/SEGGER_SYSVIEW_Config_FreeRTOS.o
 .debug_aranges
                0x00000f00       0x48 ./ThirdParty/SEGGER/OS/SEGGER_SYSVIEW_FreeRTOS.o
 .debug_aranges
                0x00000f48       0x68 ./ThirdParty/SEGGER/Records/segger_uart.o
 .debug_aranges
                0x00000fb0      0x138 ./ThirdParty/SEGGER/SEGGER/SEGGER_RTT.o
 .debug_aranges
                0x000010e8       0x20 ./ThirdParty/SEGGER/SEGGER/SEGGER_RTT_ASM_ARMv7M.o
 .debug_aranges
                0x00001108      0x280 ./ThirdParty/SEGGER/SEGGER/SEGGER_SYSVIEW.o

.debug_rnglists
                0x00000000      0xefc
 .debug_rnglists
                0x00000000       0x46 ./Core/Src/main.o
 .debug_rnglists
                0x00000046       0x13 ./Core/Src/stm32f4xx_hal_msp.o
 .debug_rnglists
                0x00000059       0x20 ./Core/Src/stm32f4xx_hal_timebase_tim.o
 .debug_rnglists
                0x00000079       0x3d ./Core/Src/stm32f4xx_it.o
 .debug_rnglists
                0x000000b6       0x1a ./Core/Src/system_stm32f4xx.o
 .debug_rnglists
                0x000000d0       0x19 ./Core/Startup/startup_stm32f411vetx.o
 .debug_rnglists
                0x000000e9       0xaf ./Drivers/STM32F4xx_HAL_Driver/Src/stm32f4xx_hal.o
 .debug_rnglists
                0x00000198       0xe0 ./Drivers/STM32F4xx_HAL_Driver/Src/stm32f4xx_hal_cortex.o
 .debug_rnglists
                0x00000278       0x3f ./Drivers/STM32F4xx_HAL_Driver/Src/stm32f4xx_hal_gpio.o
 .debug_rnglists
                0x000002b7       0x66 ./Drivers/STM32F4xx_HAL_Driver/Src/stm32f4xx_hal_rcc.o
 .debug_rnglists
                0x0000031d      0x31a ./Drivers/STM32F4xx_HAL_Driver/Src/stm32f4xx_hal_tim.o
 .debug_rnglists
                0x00000637      0x125 ./Drivers/STM32F4xx_HAL_Driver/Src/stm32f4xx_hal_tim_ex.o
 .debug_rnglists
                0x0000075c       0x2b ./ThirdParty/FreeRTOS/list.o
 .debug_rnglists
                0x00000787       0xec ./ThirdParty/FreeRTOS/queue.o
 .debug_rnglists
                0x00000873      0x19f ./ThirdParty/FreeRTOS/tasks.o
 .debug_rnglists
                0x00000a12       0xad ./ThirdParty/FreeRTOS/timers.o
 .debug_rnglists
                0x00000abf       0x64 ./ThirdParty/FreeRTOS/portable/GCC/ARM_CM4F/port.o
 .debug_rnglists
                0x00000b23       0x48 ./ThirdParty/FreeRTOS/portable/MemMang/heap_4.o
 .debug_rnglists
                0x00000b6b       0x19 ./ThirdParty/SEGGER/Config/SEGGER_SYSVIEW_Config_FreeRTOS.o
 .debug_rnglists
                0x00000b84       0x36 ./ThirdParty/SEGGER/OS/SEGGER_SYSVIEW_FreeRTOS.o
 .debug_rnglists
                0x00000bba       0x4b ./ThirdParty/SEGGER/Records/segger_uart.o
 .debug_rnglists
                0x00000c05       0xf5 ./ThirdParty/SEGGER/SEGGER/SEGGER_RTT.o
 .debug_rnglists
                0x00000cfa      0x202 ./ThirdParty/SEGGER/SEGGER/SEGGER_SYSVIEW.o

.debug_macro    0x00000000    0x1926b
 .debug_macro   0x00000000      0x37e ./Core/Src/main.o
 .debug_macro   0x0000037e      0xab4 ./Core/Src/main.o
 .debug_macro   0x00000e32      0x295 ./Core/Src/main.o
 .debug_macro   0x000010c7       0x2e ./Core/Src/main.o
 .debug_macro   0x000010f5       0x28 ./Core/Src/main.o
 .debug_macro   0x0000111d       0x22 ./Core/Src/main.o
 .debug_macro   0x0000113f       0x8e ./Core/Src/main.o
 .debug_macro   0x000011cd       0x51 ./Core/Src/main.o
 .debug_macro   0x0000121e      0x103 ./Core/Src/main.o
 .debug_macro   0x00001321       0x6a ./Core/Src/main.o
 .debug_macro   0x0000138b      0x1df ./Core/Src/main.o
 .debug_macro   0x0000156a       0x1c ./Core/Src/main.o
 .debug_macro   0x00001586       0x22 ./Core/Src/main.o
 .debug_macro   0x000015a8       0xfb ./Core/Src/main.o
 .debug_macro   0x000016a3     0x1011 ./Core/Src/main.o
 .debug_macro   0x000026b4      0x11f ./Core/Src/main.o
 .debug_macro   0x000027d3     0xb953 ./Core/Src/main.o
 .debug_macro   0x0000e126       0x6d ./Core/Src/main.o
 .debug_macro   0x0000e193     0x369a ./Core/Src/main.o
 .debug_macro   0x0001182d      0x189 ./Core/Src/main.o
 .debug_macro   0x000119b6       0x5c ./Core/Src/main.o
 .debug_macro   0x00011a12      0x45c ./Core/Src/main.o
 .debug_macro   0x00011e6e      0x9e9 ./Core/Src/main.o
 .debug_macro   0x00012857      0x115 ./Core/Src/main.o
 .debug_macro   0x0001296c      0x11b ./Core/Src/main.o
 .debug_macro   0x00012a87       0xa5 ./Core/Src/main.o
 .debug_macro   0x00012b2c      0x15f ./Core/Src/main.o
 .debug_macro   0x00012c8b      0x287 ./Core/Src/main.o
 .debug_macro   0x00012f12       0x5f ./Core/Src/main.o
 .debug_macro   0x00012f71      0x236 ./Core/Src/main.o
 .debug_macro   0x000131a7      0x132 ./Core/Src/main.o
 .debug_macro   0x000132d9      0x264 ./Core/Src/main.o
 .debug_macro   0x0001353d       0x2e ./Core/Src/main.o
 .debug_macro   0x0001356b      0x127 ./Core/Src/main.o
 .debug_macro   0x00013692       0x85 ./Core/Src/main.o
 .debug_macro   0x00013717       0x89 ./Core/Src/main.o
 .debug_macro   0x000137a0      0x8ed ./Core/Src/main.o
 .debug_macro   0x0001408d       0x47 ./Core/Src/main.o
 .debug_macro   0x000140d4      0x126 ./Core/Src/main.o
 .debug_macro   0x000141fa      0x19e ./Core/Src/main.o
 .debug_macro   0x00014398       0x61 ./Core/Src/main.o
 .debug_macro   0x000143f9       0x2a ./Core/Src/main.o
 .debug_macro   0x00014423       0x43 ./Core/Src/main.o
 .debug_macro   0x00014466       0x34 ./Core/Src/main.o
 .debug_macro   0x0001449a       0x16 ./Core/Src/main.o
 .debug_macro   0x000144b0       0x35 ./Core/Src/main.o
 .debug_macro   0x000144e5      0x369 ./Core/Src/main.o
 .debug_macro   0x0001484e       0x10 ./Core/Src/main.o
 .debug_macro   0x0001485e       0x16 ./Core/Src/main.o
 .debug_macro   0x00014874       0x43 ./Core/Src/main.o
 .debug_macro   0x000148b7       0x34 ./Core/Src/main.o
 .debug_macro   0x000148eb       0x10 ./Core/Src/main.o
 .debug_macro   0x000148fb       0x58 ./Core/Src/main.o
 .debug_macro   0x00014953       0x8e ./Core/Src/main.o
 .debug_macro   0x000149e1       0x1c ./Core/Src/main.o
 .debug_macro   0x000149fd      0x177 ./Core/Src/main.o
 .debug_macro   0x00014b74       0x16 ./Core/Src/main.o
 .debug_macro   0x00014b8a       0x16 ./Core/Src/main.o
 .debug_macro   0x00014ba0      0x146 ./Core/Src/main.o
 .debug_macro   0x00014ce6      0x106 ./Core/Src/main.o
 .debug_macro   0x00014dec       0x4c ./Core/Src/main.o
 .debug_macro   0x00014e38       0x46 ./Core/Src/main.o
 .debug_macro   0x00014e7e       0x64 ./Core/Src/main.o
 .debug_macro   0x00014ee2       0x16 ./Core/Src/main.o
 .debug_macro   0x00014ef8       0x49 ./Core/Src/main.o
 .debug_macro   0x00014f41       0xbc ./Core/Src/main.o
 .debug_macro   0x00014ffd      0x204 ./Core/Src/main.o
 .debug_macro   0x00015201      0x450 ./Core/Src/main.o
 .debug_macro   0x00015651      0x15a ./Core/Src/main.o
 .debug_macro   0x000157ab       0xea ./Core/Src/main.o
 .debug_macro   0x00015895       0x28 ./Core/Src/main.o
 .debug_macro   0x000158bd       0x1f ./Core/Src/main.o
 .debug_macro   0x000158dc       0x12 ./Core/Src/main.o
 .debug_macro   0x000158ee      0x400 ./Core/Src/main.o
 .debug_macro   0x00015cee       0xc3 ./Core/Src/main.o
 .debug_macro   0x00015db1      0x120 ./Core/Src/main.o
 .debug_macro   0x00015ed1      0x288 ./Core/Src/stm32f4xx_hal_msp.o
 .debug_macro   0x00016159       0x58 ./Core/Src/stm32f4xx_hal_msp.o
 .debug_macro   0x000161b1      0x1c4 ./Core/Src/stm32f4xx_hal_timebase_tim.o
 .debug_macro   0x00016375      0x1dd ./Core/Src/stm32f4xx_it.o
 .debug_macro   0x00016552      0x1c4 ./Core/Src/system_stm32f4xx.o
 .debug_macro   0x00016716      0x224 ./Drivers/STM32F4xx_HAL_Driver/Src/stm32f4xx_hal.o
 .debug_macro   0x0001693a      0x1c4 ./Drivers/STM32F4xx_HAL_Driver/Src/stm32f4xx_hal_cortex.o
 .debug_macro   0x00016afe      0x1ca ./Drivers/STM32F4xx_HAL_Driver/Src/stm32f4xx_hal_gpio.o
 .debug_macro   0x00016cc8      0x1e8 ./Drivers/STM32F4xx_HAL_Driver/Src/stm32f4xx_hal_rcc.o
 .debug_macro   0x00016eb0      0x1c5 ./Drivers/STM32F4xx_HAL_Driver/Src/stm32f4xx_hal_tim.o
 .debug_macro   0x00017075      0x1c4 ./Drivers/STM32F4xx_HAL_Driver/Src/stm32f4xx_hal_tim_ex.o
 .debug_macro   0x00017239      0x1f8 ./ThirdParty/FreeRTOS/list.o
 .debug_macro   0x00017431      0x28f ./ThirdParty/FreeRTOS/queue.o
 .debug_macro   0x000176c0       0x16 ./ThirdParty/FreeRTOS/queue.o
 .debug_macro   0x000176d6       0x20 ./ThirdParty/FreeRTOS/queue.o
 .debug_macro   0x000176f6       0x80 ./ThirdParty/FreeRTOS/queue.o
 .debug_macro   0x00017776      0x2e5 ./ThirdParty/FreeRTOS/tasks.o
 .debug_macro   0x00017a5b       0x17 ./ThirdParty/FreeRTOS/tasks.o
 .debug_macro   0x00017a72      0x247 ./ThirdParty/FreeRTOS/timers.o
 .debug_macro   0x00017cb9       0x97 ./ThirdParty/FreeRTOS/timers.o
 .debug_macro   0x00017d50      0x207 ./ThirdParty/FreeRTOS/portable/GCC/ARM_CM4F/port.o
 .debug_macro   0x00017f57      0x279 ./ThirdParty/FreeRTOS/portable/MemMang/heap_4.o
 .debug_macro   0x000181d0      0x13b ./ThirdParty/SEGGER/Config/SEGGER_SYSVIEW_Config_FreeRTOS.o
 .debug_macro   0x0001830b      0x207 ./ThirdParty/SEGGER/OS/SEGGER_SYSVIEW_FreeRTOS.o
 .debug_macro   0x00018512      0x41c ./ThirdParty/SEGGER/Records/segger_uart.o
 .debug_macro   0x0001892e       0x3a ./ThirdParty/SEGGER/Records/segger_uart.o
 .debug_macro   0x00018968      0x138 ./ThirdParty/SEGGER/Records/segger_uart.o
 .debug_macro   0x00018aa0       0x56 ./ThirdParty/SEGGER/Records/segger_uart.o
 .debug_macro   0x00018af6      0x1bd ./ThirdParty/SEGGER/SEGGER/SEGGER_RTT.o
 .debug_macro   0x00018cb3       0x34 ./ThirdParty/SEGGER/SEGGER/SEGGER_RTT.o
 .debug_macro   0x00018ce7      0x212 ./ThirdParty/SEGGER/SEGGER/SEGGER_SYSVIEW.o
 .debug_macro   0x00018ef9      0x204 ./ThirdParty/SEGGER/SEGGER/SEGGER_SYSVIEW.o
 .debug_macro   0x000190fd      0x16e ./ThirdParty/SEGGER/SEGGER/SEGGER_SYSVIEW.o

.debug_line     0x00000000    0x165b3
 .debug_line    0x00000000      0xeed ./Core/Src/main.o
 .debug_line    0x00000eed      0xb13 ./Core/Src/stm32f4xx_hal_msp.o
 .debug_line    0x00001a00      0x6f7 ./Core/Src/stm32f4xx_hal_timebase_tim.o
 .debug_line    0x000020f7      0x731 ./Core/Src/stm32f4xx_it.o
 .debug_line    0x00002828      0x700 ./Core/Src/system_stm32f4xx.o
 .debug_line    0x00002f28       0x7a ./Core/Startup/startup_stm32f411vetx.o
 .debug_line    0x00002fa2      0x969 ./Drivers/STM32F4xx_HAL_Driver/Src/stm32f4xx_hal.o
 .debug_line    0x0000390b      0xc5b ./Drivers/STM32F4xx_HAL_Driver/Src/stm32f4xx_hal_cortex.o
 .debug_line    0x00004566      0xab9 ./Drivers/STM32F4xx_HAL_Driver/Src/stm32f4xx_hal_gpio.o
 .debug_line    0x0000501f      0xcf4 ./Drivers/STM32F4xx_HAL_Driver/Src/stm32f4xx_hal_rcc.o
 .debug_line    0x00005d13     0x34e7 ./Drivers/STM32F4xx_HAL_Driver/Src/stm32f4xx_hal_tim.o
 .debug_line    0x000091fa     0x18fa ./Drivers/STM32F4xx_HAL_Driver/Src/stm32f4xx_hal_tim_ex.o
 .debug_line    0x0000aaf4      0xa58 ./ThirdParty/FreeRTOS/list.o
 .debug_line    0x0000b54c     0x1996 ./ThirdParty/FreeRTOS/queue.o
 .debug_line    0x0000cee2     0x209e ./ThirdParty/FreeRTOS/tasks.o
 .debug_line    0x0000ef80      0xf9f ./ThirdParty/FreeRTOS/timers.o
 .debug_line    0x0000ff1f      0xbe3 ./ThirdParty/FreeRTOS/portable/GCC/ARM_CM4F/port.o
 .debug_line    0x00010b02      0xcd9 ./ThirdParty/FreeRTOS/portable/MemMang/heap_4.o
 .debug_line    0x000117db      0x83d ./ThirdParty/SEGGER/Config/SEGGER_SYSVIEW_Config_FreeRTOS.o
 .debug_line    0x00012018      0xb2b ./ThirdParty/SEGGER/OS/SEGGER_SYSVIEW_FreeRTOS.o
 .debug_line    0x00012b43      0xbb8 ./ThirdParty/SEGGER/Records/segger_uart.o
 .debug_line    0x000136fb      0xea7 ./ThirdParty/SEGGER/SEGGER/SEGGER_RTT.o
 .debug_line    0x000145a2       0x86 ./ThirdParty/SEGGER/SEGGER/SEGGER_RTT_ASM_ARMv7M.o
 .debug_line    0x00014628     0x1f8b ./ThirdParty/SEGGER/SEGGER/SEGGER_SYSVIEW.o

.debug_str      0x00000000    0x9ba34
 .debug_str     0x00000000    0x92980 ./Core/Src/main.o
                              0x92d62 (size before relaxing)
 .debug_str     0x00092980       0x40 ./Core/Src/stm32f4xx_hal_msp.o
                              0x8cb06 (size before relaxing)
 .debug_str     0x000929c0      0x107 ./Core/Src/stm32f4xx_hal_timebase_tim.o
                              0x85ca8 (size before relaxing)
 .debug_str     0x00092ac7       0xdf ./Core/Src/stm32f4xx_it.o
                              0x85e08 (size before relaxing)
 .debug_str     0x00092ba6       0xdb ./Core/Src/system_stm32f4xx.o
                              0x85309 (size before relaxing)
 .debug_str     0x00092c81       0x44 ./Core/Startup/startup_stm32f411vetx.o
                                 0xc3 (size before relaxing)
 .debug_str     0x00092cc5      0x5d3 ./Drivers/STM32F4xx_HAL_Driver/Src/stm32f4xx_hal.o
                              0x85d35 (size before relaxing)
 .debug_str     0x00093298      0x37f ./Drivers/STM32F4xx_HAL_Driver/Src/stm32f4xx_hal_cortex.o
                              0x85a9f (size before relaxing)
 .debug_str     0x00093617      0x105 ./Drivers/STM32F4xx_HAL_Driver/Src/stm32f4xx_hal_gpio.o
                              0x85484 (size before relaxing)
 .debug_str     0x0009371c      0x1fd ./Drivers/STM32F4xx_HAL_Driver/Src/stm32f4xx_hal_rcc.o
                              0x8573d (size before relaxing)
 .debug_str     0x00093919      0xe79 ./Drivers/STM32F4xx_HAL_Driver/Src/stm32f4xx_hal_tim.o
                              0x86681 (size before relaxing)
 .debug_str     0x00094792      0x503 ./Drivers/STM32F4xx_HAL_Driver/Src/stm32f4xx_hal_tim_ex.o
                              0x85e8d (size before relaxing)
 .debug_str     0x00094c95      0x265 ./ThirdParty/FreeRTOS/list.o
                               0xf0df (size before relaxing)
 .debug_str     0x00094efa     0x1487 ./ThirdParty/FreeRTOS/queue.o
                              0x11860 (size before relaxing)
 .debug_str     0x00096381     0x1c65 ./ThirdParty/FreeRTOS/tasks.o
                              0x12487 (size before relaxing)
 .debug_str     0x00097fe6      0x544 ./ThirdParty/FreeRTOS/timers.o
                              0x1195e (size before relaxing)
 .debug_str     0x0009852a      0x7fe ./ThirdParty/FreeRTOS/portable/GCC/ARM_CM4F/port.o
                               0xd99d (size before relaxing)
 .debug_str     0x00098d28      0x5d7 ./ThirdParty/FreeRTOS/portable/MemMang/heap_4.o
                              0x10909 (size before relaxing)
 .debug_str     0x000992ff      0x1c8 ./ThirdParty/SEGGER/Config/SEGGER_SYSVIEW_Config_FreeRTOS.o
                               0xb45d (size before relaxing)
 .debug_str     0x000994c7       0xf6 ./ThirdParty/SEGGER/OS/SEGGER_SYSVIEW_FreeRTOS.o
                              0x10334 (size before relaxing)
 .debug_str     0x000995bd     0x1024 ./ThirdParty/SEGGER/Records/segger_uart.o
                              0x8b1d2 (size before relaxing)
 .debug_str     0x0009a5e1      0x72e ./ThirdParty/SEGGER/SEGGER/SEGGER_RTT.o
                               0x7c4c (size before relaxing)
 .debug_str     0x0009ad0f       0x34 ./ThirdParty/SEGGER/SEGGER/SEGGER_RTT_ASM_ARMv7M.o
                                 0xc1 (size before relaxing)
 .debug_str     0x0009ad43      0xcf1 ./ThirdParty/SEGGER/SEGGER/SEGGER_SYSVIEW.o
                               0x9ca0 (size before relaxing)

.comment        0x00000000       0x43
 .comment       0x00000000       0x43 ./Core/Src/main.o
                                 0x44 (size before relaxing)
 .comment       0x00000043       0x44 ./Core/Src/stm32f4xx_hal_msp.o
 .comment       0x00000043       0x44 ./Core/Src/stm32f4xx_hal_timebase_tim.o
 .comment       0x00000043       0x44 ./Core/Src/stm32f4xx_it.o
 .comment       0x00000043       0x44 ./Core/Src/system_stm32f4xx.o
 .comment       0x00000043       0x44 ./Drivers/STM32F4xx_HAL_Driver/Src/stm32f4xx_hal.o
 .comment       0x00000043       0x44 ./Drivers/STM32F4xx_HAL_Driver/Src/stm32f4xx_hal_cortex.o
 .comment       0x00000043       0x44 ./Drivers/STM32F4xx_HAL_Driver/Src/stm32f4xx_hal_gpio.o
 .comment       0x00000043       0x44 ./Drivers/STM32F4xx_HAL_Driver/Src/stm32f4xx_hal_rcc.o
 .comment       0x00000043       0x44 ./Drivers/STM32F4xx_HAL_Driver/Src/stm32f4xx_hal_tim.o
 .comment       0x00000043       0x44 ./Drivers/STM32F4xx_HAL_Driver/Src/stm32f4xx_hal_tim_ex.o
 .comment       0x00000043       0x44 ./ThirdParty/FreeRTOS/list.o
 .comment       0x00000043       0x44 ./ThirdParty/FreeRTOS/queue.o
 .comment       0x00000043       0x44 ./ThirdParty/FreeRTOS/tasks.o
 .comment       0x00000043       0x44 ./ThirdParty/FreeRTOS/timers.o
 .comment       0x00000043       0x44 ./ThirdParty/FreeRTOS/portable/GCC/ARM_CM4F/port.o
 .comment       0x00000043       0x44 ./ThirdParty/FreeRTOS/portable/MemMang/heap_4.o
 .comment       0x00000043       0x44 ./ThirdParty/SEGGER/Config/SEGGER_SYSVIEW_Config_FreeRTOS.o
 .comment       0x00000043       0x44 ./ThirdParty/SEGGER/OS/SEGGER_SYSVIEW_FreeRTOS.o
 .comment       0x00000043       0x44 ./ThirdParty/SEGGER/Records/segger_uart.o
 .comment       0x00000043       0x44 ./ThirdParty/SEGGER/SEGGER/SEGGER_RTT.o
 .comment       0x00000043       0x44 ./ThirdParty/SEGGER/SEGGER/SEGGER_SYSVIEW.o

.debug_frame    0x00000000     0x517c
 .debug_frame   0x00000000      0x13c ./Core/Src/main.o
 .debug_frame   0x0000013c       0x34 ./Core/Src/stm32f4xx_hal_msp.o
 .debug_frame   0x00000170       0x74 ./Core/Src/stm32f4xx_hal_timebase_tim.o
 .debug_frame   0x000001e4       0xe0 ./Core/Src/stm32f4xx_it.o
 .debug_frame   0x000002c4       0x58 ./Core/Src/system_stm32f4xx.o
 .debug_frame   0x0000031c      0x374 ./Drivers/STM32F4xx_HAL_Driver/Src/stm32f4xx_hal.o
 .debug_frame   0x00000690      0x508 ./Drivers/STM32F4xx_HAL_Driver/Src/stm32f4xx_hal_cortex.o
 .debug_frame   0x00000b98      0x14c ./Drivers/STM32F4xx_HAL_Driver/Src/stm32f4xx_hal_gpio.o
 .debug_frame   0x00000ce4      0x1f4 ./Drivers/STM32F4xx_HAL_Driver/Src/stm32f4xx_hal_rcc.o
 .debug_frame   0x00000ed8     0x11b8 ./Drivers/STM32F4xx_HAL_Driver/Src/stm32f4xx_hal_tim.o
 .debug_frame   0x00002090      0x638 ./Drivers/STM32F4xx_HAL_Driver/Src/stm32f4xx_hal_tim_ex.o
 .debug_frame   0x000026c8       0xd8 ./ThirdParty/FreeRTOS/list.o
 .debug_frame   0x000027a0      0x544 ./ThirdParty/FreeRTOS/queue.o
 .debug_frame   0x00002ce4      0x8fc ./ThirdParty/FreeRTOS/tasks.o
 .debug_frame   0x000035e0      0x3c8 ./ThirdParty/FreeRTOS/timers.o
 .debug_frame   0x000039a8      0x1d0 ./ThirdParty/FreeRTOS/portable/GCC/ARM_CM4F/port.o
 .debug_frame   0x00003b78      0x150 ./ThirdParty/FreeRTOS/portable/MemMang/heap_4.o
 .debug_frame   0x00003cc8       0x48 ./ThirdParty/SEGGER/Config/SEGGER_SYSVIEW_Config_FreeRTOS.o
 .debug_frame   0x00003d10      0x104 ./ThirdParty/SEGGER/OS/SEGGER_SYSVIEW_FreeRTOS.o
 .debug_frame   0x00003e14      0x178 ./ThirdParty/SEGGER/Records/segger_uart.o
 .debug_frame   0x00003f8c      0x530 ./ThirdParty/SEGGER/SEGGER/SEGGER_RTT.o
 .debug_frame   0x000044bc      0xbc4 ./ThirdParty/SEGGER/SEGGER/SEGGER_SYSVIEW.o
 .debug_frame   0x00005080       0x28 /opt/st/stm32cubeide_1.16.1/plugins/com.st.stm32cube.ide.mcu.externaltools.gnu-tools-for-stm32.12.3.rel1.linux64_1.0.200.202406132123/tools/bin/../lib/gcc/arm-none-eabi/12.3.1/../../../../arm-none-eabi/lib/thumb/v7e-m+fp/hard/libc_nano.a(libc_a-memcmp.o)
 .debug_frame   0x000050a8       0x20 /opt/st/stm32cubeide_1.16.1/plugins/com.st.stm32cube.ide.mcu.externaltools.gnu-tools-for-stm32.12.3.rel1.linux64_1.0.200.202406132123/tools/bin/../lib/gcc/arm-none-eabi/12.3.1/../../../../arm-none-eabi/lib/thumb/v7e-m+fp/hard/libc_nano.a(libc_a-memset.o)
 .debug_frame   0x000050c8       0x2c /opt/st/stm32cubeide_1.16.1/plugins/com.st.stm32cube.ide.mcu.externaltools.gnu-tools-for-stm32.12.3.rel1.linux64_1.0.200.202406132123/tools/bin/../lib/gcc/arm-none-eabi/12.3.1/../../../../arm-none-eabi/lib/thumb/v7e-m+fp/hard/libc_nano.a(libc_a-init.o)
 .debug_frame   0x000050f4       0x28 /opt/st/stm32cubeide_1.16.1/plugins/com.st.stm32cube.ide.mcu.externaltools.gnu-tools-for-stm32.12.3.rel1.linux64_1.0.200.202406132123/tools/bin/../lib/gcc/arm-none-eabi/12.3.1/../../../../arm-none-eabi/lib/thumb/v7e-m+fp/hard/libc_nano.a(libc_a-memcpy-stub.o)
 .debug_frame   0x0000511c       0x2c /opt/st/stm32cubeide_1.16.1/plugins/com.st.stm32cube.ide.mcu.externaltools.gnu-tools-for-stm32.12.3.rel1.linux64_1.0.200.202406132123/tools/bin/../lib/gcc/arm-none-eabi/12.3.1/thumb/v7e-m+fp/hard/libgcc.a(_aeabi_uldivmod.o)
 .debug_frame   0x00005148       0x34 /opt/st/stm32cubeide_1.16.1/plugins/com.st.stm32cube.ide.mcu.externaltools.gnu-tools-for-stm32.12.3.rel1.linux64_1.0.200.202406132123/tools/bin/../lib/gcc/arm-none-eabi/12.3.1/thumb/v7e-m+fp/hard/libgcc.a(_udivmoddi4.o)

.debug_line_str
                0x00000000       0xdb
 .debug_line_str
                0x00000000       0xa7 ./Core/Startup/startup_stm32f411vetx.o
 .debug_line_str
                0x000000a7       0x34 ./ThirdParty/SEGGER/SEGGER/SEGGER_RTT_ASM_ARMv7M.o
                                 0xb3 (size before relaxing)
